
================================================================================

Memory Map of the image

  Image Entry point : 0x00000000

  Load Region ROM_LOAD (Base: 0x00000000, Size: 0x00044a64, Max: 0x00800000, ABSOLUTE)

    Execution Region ROM1 (Base: 0x00000000, Size: 0x00042908, Max: 0x00800000, ABSOLUTE)

    Base Addr    Size         Type   Attr  Idx  E Section Name        Object

    0x00000000   0x000002c8   Code   RO  1223   * StartUp             startup.o
    0x000002c8   0x00000130   Code   RO     1     .text               arm.o
    0x000003f8   0x00000758   Code   RO   109     .text               drv_l1_adc.o
    0x00000b50   0x0000055c   Code   RO   215     .text               drv_l1_cache.o
    0x000010ac   0x000015e8   Code   RO   271     .text               drv_l1_dma.o
    0x00002694   0x000001f4   Code   RO   324     .text               drv_l1_ext_int.o
    0x00002888   0x00000394   Code   RO   353     .text               drv_l1_gpio.o
    0x00002c1c   0x00000120   Code   RO   396     .text               drv_l1_init.o
    0x00002d3c   0x00000368   Code   RO   444     .text               drv_l1_interrupt.o
    0x000030a4   0x00000288   Code   RO   494     .text               drv_l1_mic.o
    0x0000332c   0x00001034   Code   RO   542     .text               drv_l1_rtc.o
    0x00004360   0x00000634   Code   RO   619     .text               drv_l1_spi.o
    0x00004994   0x0000023c   Code   RO   676     .text               drv_l1_sw_timer.o
    0x00004bd0   0x00000024   Code   RO   709     .text               drv_l1_sw_timer_isr.o
    0x00004bf4   0x00000158   Code   RO   723     .text               drv_l1_system.o
    0x00004d4c   0x00000fec   Code   RO   945     .text               drv_l1_timer.o
    0x00005d38   0x000006d8   Code   RO  1035     .text               drv_l1_uart.o
    0x00006410   0x000002c0   Code   RO  1167     .text               gp_stdlib.o
    0x000066d0   0x00000154   Code   RO  1203     .text               main.o
    0x00006824   0x000005d4   Code   RO  1230     .text               system_timer.o
    0x00006df8   0x00000004   Code   RO  1263     .text               driver_l2_init.o
    0x00006dfc   0x000002ec   Code   RO  1330     .text               gplib_mm_gplus.o
    0x000070e8   0x00000510   Code   RO  1375     .text               gplib_calendar.o
    0x000075f8   0x00000010   Code   RO  1410     .text               gplib_init.o
    0x00007608   0x000000a4   Code   RO  1422     .text               gplib_print_string.o
    0x000076ac   0x00000ae8   Code   RO  1450     .text               nvram.o
    0x00008194   0x000000f4   Code   RO  1515     .text               task_state_handling.o
    0x00008288   0x00000208   Code   RO  1547     .text               task_peripheral_handling.o
    0x00008490   0x00000370   Code   RO  1585     .text               msg_manager.o
    0x00008800   0x00000424   Code   RO  1627     .text               video_codec_callback.o
    0x00008c24   0x00000400   Code   RO  1674     .text               video_encoder.o
    0x00009024   0x000004e8   Code   RO  1737     .text               state_usb.o
    0x0000950c   0x000000f8   Code   RO  1797     .text               state_startup.o
    0x00009604   0x00000018   Code   RO  1821     .text               ap_startup.o
    0x0000961c   0x0000086c   Code   RO  1839     .text               ap_video_preview.o
    0x00009e88   0x000006ac   Code   RO  1885     .text               state_video_preview.o
    0x0000a534   0x00000cf4   Code   RO  1912     .text               ap_peripheral_handling.o
    0x0000b228   0x00001f30   Code   RO  1977     .text               ap_storage_service.o
    0x0000d158   0x00000220   Code   RO  2042     .text               task_storage_service.o
    0x0000d378   0x0000053c   Code   RO  2065     .text               ap_state_handling.o
    0x0000d8b4   0x00000610   Code   RO  2147     .text               ap_video_record.o
    0x0000dec4   0x00000790   Code   RO  2189     .text               state_video_record.o
    0x0000e654   0x00000480   Code   RO  2311     .text               drv_l1_sensor.o
    0x0000ead4   0x00000420   Code   RO  2369     .text               ap_display.o
    0x0000eef4   0x000009dc   Code   RO  2538     .text               ap_state_config.o
    0x0000f8d0   0x00000030   Code   RO  2916     .text               drv_l1_dac.o
    0x0000f900   0x0000078c   Code   RO  3053     .text               ap_usb.o
    0x0001008c   0x000011b8   Code   RO  3263     .text               my_video_codec_callback.o
    0x00011244   0x00000328   Code   RO  3455     .text               drv_l2_sensor.o
    0x0001156c   0x0000299c   Code   RO  3485     .text               drv_l1_cdsp.o
    0x00013f08   0x0000058c   Code   RO  4080     .text               drv_l1_front.o
    0x00014494   0x00002690   Code   RO  4167     .text               drv_l2_cdsp.o
    0x00016b24   0x00000990   Code   RO  4273     .text               drv_l1_gsensor.o
[...]
    0x00002b68   0x00000030   Dbug   RW   246     .debug_pubnames     drv_l1_cache.o
    0x00002b98   0x00000030   Dbug   RW   249     .debug_pubnames     drv_l1_cache.o
    0x00002bc8   0x00000024   Dbug   RW   252     .debug_pubnames     drv_l1_cache.o
    0x00002bec   0x00000024   Dbug   RW   255     .debug_pubnames     drv_l1_cache.o
    0x00002c10   0x00000024   Dbug   RW   258     .debug_pubnames     drv_l1_cache.o
    0x00002c34   0x00000030   Dbug   RW   261     .debug_pubnames     drv_l1_cache.o
    0x00002c64   0x00000024   Dbug   RW   264     .debug_pubnames     drv_l1_cache.o
    0x00002c88   0x0000017c   Dbug   RW   268     .debug_pubnames     drv_l1_cache.o
    0x00002e04   0x00000024   Dbug   RW   275     .debug_pubnames     drv_l1_dma.o
    0x00002e28   0x00000024   Dbug   RW   278     .debug_pubnames     drv_l1_dma.o
    0x00002e4c   0x0000002c   Dbug   RW   281     .debug_pubnames     drv_l1_dma.o
    0x00002e78   0x0000002c   Dbug   RW   284     .debug_pubnames     drv_l1_dma.o
    0x00002ea4   0x00000028   Dbug   RW   287     .debug_pubnames     drv_l1_dma.o
    0x00002ecc   0x00000028   Dbug   RW   290     .debug_pubnames     drv_l1_dma.o
    0x00002ef4   0x0000002c   Dbug   RW   293     .debug_pubnames     drv_l1_dma.o
    0x00002f20   0x00000024   Dbug   RW   296     .debug_pubnames     drv_l1_dma.o
    0x00002f44   0x00000030   Dbug   RW   299     .debug_pubnames     drv_l1_dma.o
    0x00002f74   0x00000034   Dbug   RW   302     .debug_pubnames     drv_l1_dma.o
    0x00002fa8   0x00000034   Dbug   RW   305     .debug_pubnames     drv_l1_dma.o
    0x00002fdc   0x0000002c   Dbug   RW   308     .debug_pubnames     drv_l1_dma.o
    0x00003008   0x00000028   Dbug   RW   311     .debug_pubnames     drv_l1_dma.o
    0x00003030   0x00000034   Dbug   RW   314     .debug_pubnames     drv_l1_dma.o
    0x00003064   0x000000b0   Dbug   RW   317     .debug_pubnames     drv_l1_dma.o
    0x00003114   0x00000258   Dbug   RW   321     .debug_pubnames     drv_l1_dma.o
    0x0000336c   0x0000002c   Dbug   RW   328     .debug_pubnames     drv_l1_ext_int.o
    0x00003398   0x00000024   Dbug   RW   331     .debug_pubnames     drv_l1_ext_int.o
    0x000033bc   0x00000028   Dbug   RW   334     .debug_pubnames     drv_l1_ext_int.o
    0x000033e4   0x00000028   Dbug   RW   337     .debug_pubnames     drv_l1_ext_int.o
    0x0000340c   0x0000002c   Dbug   RW   340     .debug_pubnames     drv_l1_ext_int.o
    0x00003438   0x00000048   Dbug   RW   343     .debug_pubnames     drv_l1_ext_int.o
    0x00003480   0x000000a0   Dbug   RW   347     .debug_pubnames     drv_l1_ext_int.o
    0x00003520   0x00000028   Dbug   RW   356     .debug_pubnames     drv_l1_gpio.o
    0x00003548   0x0000002c   Dbug   RW   359     .debug_pubnames     drv_l1_gpio.o
    0x00003574   0x00000020   Dbug   RW   362     .debug_pubnames     drv_l1_gpio.o
    0x00003594   0x00000024   Dbug   RW   365     .debug_pubnames     drv_l1_gpio.o
    0x000035b8   0x00000024   Dbug   RW   368     .debug_pubnames     drv_l1_gpio.o
    0x000035dc   0x00000024   Dbug   RW   371     .debug_pubnames     drv_l1_gpio.o
    0x00003600   0x00000030   Dbug   RW   374     .debug_pubnames     drv_l1_gpio.o
    0x00003630   0x00000024   Dbug   RW   377     .debug_pubnames     drv_l1_gpio.o
    0x00003654   0x00000028   Dbug   RW   380     .debug_pubnames     drv_l1_gpio.o
    0x0000367c   0x00000104   Dbug   RW   386     .debug_pubnames     drv_l1_gpio.o
    0x00003780   0x00000024   Dbug   RW   399     .debug_pubnames     drv_l1_init.o
    0x000037a4   0x00000024   Dbug   RW   405     .debug_pubnames     drv_l1_init.o
    0x000037c8   0x0000015c   Dbug   RW   413     .debug_pubnames     drv_l1_init.o
    0x00003924   0x00000284   Dbug   RW   420     .debug_pubnames     drv_l1_init.o
    0x00003ba8   0x000007e0   Dbug   RW   424     .debug_pubnames     drv_l1_init.o
    0x00004388   0x00000344   Dbug   RW   434     .debug_pubnames     drv_l1_init.o
    0x000046cc   0x000001a0   Dbug   RW   438     .debug_pubnames     drv_l1_init.o
    0x0000486c   0x000000dc   Dbug   RW   442     .debug_pubnames     drv_l1_init.o
    0x00004948   0x0000002c   Dbug   RW   448     .debug_pubnames     drv_l1_interrupt.o
    0x00004974   0x00000030   Dbug   RW   451     .debug_pubnames     drv_l1_interrupt.o
    0x000049a4   0x00000028   Dbug   RW   454     .debug_pubnames     drv_l1_interrupt.o
    0x000049cc   0x0000002c   Dbug   RW   457     .debug_pubnames     drv_l1_interrupt.o
    0x000049f8   0x00000028   Dbug   RW   460     .debug_pubnames     drv_l1_interrupt.o
    0x00004a20   0x00000028   Dbug   RW   463     .debug_pubnames     drv_l1_interrupt.o
    0x00004a48   0x00000028   Dbug   RW   466     .debug_pubnames     drv_l1_interrupt.o
    0x00004a70   0x0000002c   Dbug   RW   469     .debug_pubnames     drv_l1_interrupt.o
    0x00004a9c   0x00000028   Dbug   RW   472     .debug_pubnames     drv_l1_interrupt.o
    0x00004ac4   0x00000028   Dbug   RW   475     .debug_pubnames     drv_l1_interrupt.o
    0x00004aec   0x00000028   Dbug   RW   478     .debug_pubnames     drv_l1_interrupt.o
    0x00004b14   0x00000028   Dbug   RW   481     .debug_pubnames     drv_l1_interrupt.o
    0x00004b3c   0x00000020   Dbug   RW   484     .debug_pubnames     drv_l1_interrupt.o
    0x00004b5c   0x0000002c   Dbug   RW   487     .debug_pubnames     drv_l1_interrupt.o
    0x00004b88   0x00000120   Dbug   RW   491     .debug_pubnames     drv_l1_interrupt.o
    0x00004ca8   0x00000020   Dbug   RW   498     .debug_pubnames     drv_l1_mic.o
    0x00004cc8   0x00000028   Dbug   RW   501     .debug_pubnames     drv_l1_mic.o
    0x00004cf0   0x0000002c   Dbug   RW   504     .debug_pubnames     drv_l1_mic.o
    0x00004d1c   0x00000028   Dbug   RW   507     .debug_pubnames     drv_l1_mic.o
    0x00004d44   0x0000002c   Dbug   RW   510     .debug_pubnames     drv_l1_mic.o
    0x00004d70   0x0000002c   Dbug   RW   513     .debug_pubnames     drv_l1_mic.o
    0x00004d9c   0x0000002c   Dbug   RW   516     .debug_pubnames     drv_l1_mic.o
    0x00004dc8   0x00000028   Dbug   RW   519     .debug_pubnames     drv_l1_mic.o
    0x00004df0   0x0000002c   Dbug   RW   522     .debug_pubnames     drv_l1_mic.o
    0x00004e1c   0x0000002c   Dbug   RW   525     .debug_pubnames     drv_l1_mic.o
    0x00004e48   0x0000002c   Dbug   RW   528     .debug_pubnames     drv_l1_mic.o
    0x00004e74   0x00000028   Dbug   RW   531     .debug_pubnames     drv_l1_mic.o
    0x00004e9c   0x0000011c   Dbug   RW   537     .debug_pubnames     drv_l1_mic.o
    0x00004fb8   0x0000002c   Dbug   RW   541     .debug_pubnames     drv_l1_mic.o
    0x00004fe4   0x00000024   Dbug   RW   546     .debug_pubnames     drv_l1_rtc.o
    0x00005008   0x00000024   Dbug   RW   549     .debug_pubnames     drv_l1_rtc.o
    0x0000502c   0x0000002c   Dbug   RW   552     .debug_pubnames     drv_l1_rtc.o
    0x00005058   0x0000002c   Dbug   RW   555     .debug_pubnames     drv_l1_rtc.o
    0x00005084   0x00000020   Dbug   RW   558     .debug_pubnames     drv_l1_rtc.o
    0x000050a4   0x00000024   Dbug   RW   561     .debug_pubnames     drv_l1_rtc.o
    0x000050c8   0x00000024   Dbug   RW   564     .debug_pubnames     drv_l1_rtc.o
    0x000050ec   0x00000024   Dbug   RW   567     .debug_pubnames     drv_l1_rtc.o
    0x00005110   0x00000024   Dbug   RW   570     .debug_pubnames     drv_l1_rtc.o
    0x00005134   0x00000024   Dbug   RW   573     .debug_pubnames     drv_l1_rtc.o
    0x00005158   0x00000024   Dbug   RW   576     .debug_pubnames     drv_l1_rtc.o
    0x0000517c   0x0000002c   Dbug   RW   579     .debug_pubnames     drv_l1_rtc.o
    0x000051a8   0x0000002c   Dbug   RW   582     .debug_pubnames     drv_l1_rtc.o
    0x000051d4   0x00000028   Dbug   RW   585     .debug_pubnames     drv_l1_rtc.o
    0x000051fc   0x0000002c   Dbug   RW   588     .debug_pubnames     drv_l1_rtc.o
    0x00005228   0x0000002c   Dbug   RW   591     .debug_pubnames     drv_l1_rtc.o
    0x00005254   0x0000002c   Dbug   RW   594     .debug_pubnames     drv_l1_rtc.o
    0x00005280   0x0000002c   Dbug   RW   597     .debug_pubnames     drv_l1_rtc.o
    0x000052ac   0x0000002c   Dbug   RW   600     .debug_pubnames     drv_l1_rtc.o
    0x000052d8   0x00000030   Dbug   RW   603     .debug_pubnames     drv_l1_rtc.o
    0x00005308   0x00000030   Dbug   RW   606     .debug_pubnames     drv_l1_rtc.o
    0x00005338   0x00000034   Dbug   RW   609     .debug_pubnames     drv_l1_rtc.o
    0x0000536c   0x00000278   Dbug   RW   613     .debug_pubnames     drv_l1_rtc.o
    0x000055e4   0x00000024   Dbug   RW   623     .debug_pubnames     drv_l1_spi.o
    0x00005608   0x00000024   Dbug   RW   626     .debug_pubnames     drv_l1_spi.o
    0x0000562c   0x00000028   Dbug   RW   629     .debug_pubnames     drv_l1_spi.o
    0x00005654   0x0000002c   Dbug   RW   632     .debug_pubnames     drv_l1_spi.o
    0x00005680   0x00000024   Dbug   RW   635     .debug_pubnames     drv_l1_spi.o
    0x000056a4   0x00000020   Dbug   RW   638     .debug_pubnames     drv_l1_spi.o
    0x000056c4   0x00000024   Dbug   RW   641     .debug_pubnames     drv_l1_spi.o
    0x000056e8   0x00000028   Dbug   RW   644     .debug_pubnames     drv_l1_spi.o
    0x00005710   0x00000028   Dbug   RW   647     .debug_pubnames     drv_l1_spi.o
    0x00005738   0x00000028   Dbug   RW   650     .debug_pubnames     drv_l1_spi.o
    0x00005760   0x00000030   Dbug   RW   653     .debug_pubnames     drv_l1_spi.o
    0x00005790   0x00000030   Dbug   RW   656     .debug_pubnames     drv_l1_spi.o
    0x000057c0   0x00000024   Dbug   RW   659     .debug_pubnames     drv_l1_spi.o
    0x000057e4   0x0000002c   Dbug   RW   662     .debug_pubnames     drv_l1_spi.o
    0x00005810   0x00000040   Dbug   RW   665     .debug_pubnames     drv_l1_spi.o
    0x00005850   0x00000144   Dbug   RW   669     .debug_pubnames     drv_l1_spi.o
    0x00005994   0x00000094   Dbug   RW   674     .debug_pubnames     drv_l1_spi.o
    0x00005a28   0x00000024   Dbug   RW   680     .debug_pubnames     drv_l1_sw_timer.o
    0x00005a4c   0x0000002c   Dbug   RW   683     .debug_pubnames     drv_l1_sw_timer.o
    0x00005a78   0x00000030   Dbug   RW   686     .debug_pubnames     drv_l1_sw_timer.o
    0x00005aa8   0x00000028   Dbug   RW   689     .debug_pubnames     drv_l1_sw_timer.o
    0x00005ad0   0x00000028   Dbug   RW   692     .debug_pubnames     drv_l1_sw_timer.o
    0x00005af8   0x00000028   Dbug   RW   695     .debug_pubnames     drv_l1_sw_timer.o
    0x00005b20   0x0000002c   Dbug   RW   698     .debug_pubnames     drv_l1_sw_timer.o
    0x00005b4c   0x000000b0   Dbug   RW   702     .debug_pubnames     drv_l1_sw_timer.o
    0x00005bfc   0x00000024   Dbug   RW   713     .debug_pubnames     drv_l1_sw_timer_isr.o
    0x00005c20   0x00000024   Dbug   RW   719     .debug_pubnames     drv_l1_sw_timer_isr.o
    0x00005c44   0x00000054   Dbug   RW   722     .debug_pubnames     drv_l1_sw_timer_isr.o
    0x00005c98   0x0000002c   Dbug   RW   749     .debug_pubnames     drv_l1_system.o
    0x00005cc4   0x00000028   Dbug   RW   752     .debug_pubnames     drv_l1_system.o
    0x00005cec   0x00000028   Dbug   RW   755     .debug_pubnames     drv_l1_system.o
    0x00005d14   0x00000030   Dbug   RW   758     .debug_pubnames     drv_l1_system.o
    0x00005d44   0x00000030   Dbug   RW   761     .debug_pubnames     drv_l1_system.o
    0x00005d74   0x00000030   Dbug   RW   764     .debug_pubnames     drv_l1_system.o
    0x00005da4   0x00000024   Dbug   RW   767     .debug_pubnames     drv_l1_system.o
    0x00005dc8   0x00000030   Dbug   RW   770     .debug_pubnames     drv_l1_system.o
    0x00005df8   0x0000002c   Dbug   RW   773     .debug_pubnames     drv_l1_system.o
    0x00005e24   0x00000028   Dbug   RW   776     .debug_pubnames     drv_l1_system.o
    0x00005e4c   0x00000024   Dbug   RW   779     .debug_pubnames     drv_l1_system.o
    0x00005e70   0x00000028   Dbug   RW   782     .debug_pubnames     drv_l1_system.o
    0x00005e98   0x00000030   Dbug   RW   791     .debug_pubnames     drv_l1_system.o
    0x00005ec8   0x00000028   Dbug   RW   797     .debug_pubnames     drv_l1_system.o
    0x00005ef0   0x00000028   Dbug   RW   803     .debug_pubnames     drv_l1_system.o
    0x00005f18   0x00000028   Dbug   RW   806     .debug_pubnames     drv_l1_system.o
    0x00005f40   0x0000002c   Dbug   RW   809     .debug_pubnames     drv_l1_system.o
    0x00005f6c   0x0000002c   Dbug   RW   812     .debug_pubnames     drv_l1_system.o
    0x00005f98   0x0000008c   Dbug   RW   815     .debug_pubnames     drv_l1_system.o
    0x00006024   0x0000002c   Dbug   RW   820     .debug_pubnames     drv_l1_system.o
    0x00006050   0x00000028   Dbug   RW   825     .debug_pubnames     drv_l1_system.o
    0x00006078   0x00000024   Dbug   RW   830     .debug_pubnames     drv_l1_system.o
    0x0000609c   0x00000030   Dbug   RW   835     .debug_pubnames     drv_l1_system.o
    0x000060cc   0x0000002c   Dbug   RW   839     .debug_pubnames     drv_l1_system.o
    0x000060f8   0x00000028   Dbug   RW   844     .debug_pubnames     drv_l1_system.o
    0x00006120   0x00000024   Dbug   RW   849     .debug_pubnames     drv_l1_system.o
    0x00006144   0x00000028   Dbug   RW   854     .debug_pubnames     drv_l1_system.o
    0x0000616c   0x00000030   Dbug   RW   868     .debug_pubnames     drv_l1_system.o
    0x0000619c   0x00000028   Dbug   RW   878     .debug_pubnames     drv_l1_system.o
    0x000061c4   0x00000028   Dbug   RW   888     .debug_pubnames     drv_l1_system.o
    0x000061ec   0x00000028   Dbug   RW   893     .debug_pubnames     drv_l1_system.o
    0x00006214   0x0000002c   Dbug   RW   898     .debug_pubnames     drv_l1_system.o
    0x00006240   0x00000098   Dbug   RW   903     .debug_pubnames     drv_l1_system.o
    0x000062d8   0x0000002c   Dbug   RW   907     .debug_pubnames     drv_l1_system.o
    0x00006304   0x00001314   Dbug   RW   911     .debug_pubnames     drv_l1_system.o
    0x00007618   0x000043f8   Dbug   RW   923     .debug_pubnames     drv_l1_system.o
    0x0000ba10   0x00001478   Dbug   RW   927     .debug_pubnames     drv_l1_system.o
    0x0000ce88   0x0000002c   Dbug   RW   935     .debug_pubnames     drv_l1_system.o
    0x0000ceb4   0x000000bc   Dbug   RW   939     .debug_pubnames     drv_l1_system.o
    0x0000cf70   0x0000011c   Dbug   RW   943     .debug_pubnames     drv_l1_system.o
    0x0000d08c   0x00000024   Dbug   RW   949     .debug_pubnames     drv_l1_timer.o
    0x0000d0b0   0x00000024   Dbug   RW   952     .debug_pubnames     drv_l1_timer.o
    0x0000d0d4   0x00000028   Dbug   RW   955     .debug_pubnames     drv_l1_timer.o
    0x0000d0fc   0x00000028   Dbug   RW   958     .debug_pubnames     drv_l1_timer.o
    0x0000d124   0x00000028   Dbug   RW   961     .debug_pubnames     drv_l1_timer.o
    0x0000d14c   0x00000028   Dbug   RW   964     .debug_pubnames     drv_l1_timer.o
    0x0000d174   0x00000028   Dbug   RW   967     .debug_pubnames     drv_l1_timer.o
    0x0000d19c   0x00000028   Dbug   RW   970     .debug_pubnames     drv_l1_timer.o
    0x0000d1c4   0x0000002c   Dbug   RW   973     .debug_pubnames     drv_l1_timer.o
    0x0000d1f0   0x0000002c   Dbug   RW   976     .debug_pubnames     drv_l1_timer.o
    0x0000d21c   0x0000002c   Dbug   RW   979     .debug_pubnames     drv_l1_timer.o
    0x0000d248   0x00000030   Dbug   RW   982     .debug_pubnames     drv_l1_timer.o
    0x0000d278   0x00000028   Dbug   RW   985     .debug_pubnames     drv_l1_timer.o
    0x0000d2a0   0x00000028   Dbug   RW   988     .debug_pubnames     drv_l1_timer.o
    0x0000d2c8   0x00000024   Dbug   RW   991     .debug_pubnames     drv_l1_timer.o
    0x0000d2ec   0x00000028   Dbug   RW   994     .debug_pubnames     drv_l1_timer.o
    0x0000d314   0x00000024   Dbug   RW   997     .debug_pubnames     drv_l1_timer.o
    0x0000d338   0x0000002c   Dbug   RW  1000     .debug_pubnames     drv_l1_timer.o
    0x0000d364   0x00000028   Dbug   RW  1003     .debug_pubnames     drv_l1_timer.o
    0x0000d38c   0x0000002c   Dbug   RW  1006     .debug_pubnames     drv_l1_timer.o
    0x0000d3b8   0x00000030   Dbug   RW  1009     .debug_pubnames     drv_l1_timer.o
    0x0000d3e8   0x00000028   Dbug   RW  1012     .debug_pubnames     drv_l1_timer.o
    0x0000d410   0x00000028   Dbug   RW  1015     .debug_pubnames     drv_l1_timer.o
    0x0000d438   0x00000028   Dbug   RW  1018     .debug_pubnames     drv_l1_timer.o
    0x0000d460   0x00000024   Dbug   RW  1021     .debug_pubnames     drv_l1_timer.o
    0x0000d484   0x00000130   Dbug   RW  1024     .debug_pubnames     drv_l1_timer.o
    0x0000d5b4   0x00000320   Dbug   RW  1028     .debug_pubnames     drv_l1_timer.o
    0x0000d8d4   0x00000024   Dbug   RW  1039     .debug_pubnames     drv_l1_uart.o
    0x0000d8f8   0x00000028   Dbug   RW  1042     .debug_pubnames     drv_l1_uart.o
    0x0000d920   0x00000028   Dbug   RW  1045     .debug_pubnames     drv_l1_uart.o
    0x0000d948   0x00000024   Dbug   RW  1048     .debug_pubnames     drv_l1_uart.o
    0x0000d96c   0x00000024   Dbug   RW  1051     .debug_pubnames     drv_l1_uart.o
    0x0000d990   0x00000028   Dbug   RW  1054     .debug_pubnames     drv_l1_uart.o
    0x0000d9b8   0x0000002c   Dbug   RW  1057     .debug_pubnames     drv_l1_uart.o
    0x0000d9e4   0x0000002c   Dbug   RW  1060     .debug_pubnames     drv_l1_uart.o
    0x0000da10   0x0000002c   Dbug   RW  1063     .debug_pubnames     drv_l1_uart.o
    0x0000da3c   0x00000028   Dbug   RW  1066     .debug_pubnames     drv_l1_uart.o
    0x0000da64   0x00000028   Dbug   RW  1069     .debug_pubnames     drv_l1_uart.o
    0x0000da8c   0x00000020   Dbug   RW  1072     .debug_pubnames     drv_l1_uart.o
    0x0000daac   0x00000028   Dbug   RW  1075     .debug_pubnames     drv_l1_uart.o
    0x0000dad4   0x00000028   Dbug   RW  1078     .debug_pubnames     drv_l1_uart.o
    0x0000dafc   0x00000028   Dbug   RW  1081     .debug_pubnames     drv_l1_uart.o
    0x0000db24   0x00000028   Dbug   RW  1084     .debug_pubnames     drv_l1_uart.o
    0x0000db4c   0x00000024   Dbug   RW  1087     .debug_pubnames     drv_l1_uart.o
    0x0000db70   0x00000028   Dbug   RW  1090     .debug_pubnames     drv_l1_uart.o
    0x0000db98   0x00000028   Dbug   RW  1093     .debug_pubnames     drv_l1_uart.o
    0x0000dbc0   0x00000028   Dbug   RW  1096     .debug_pubnames     drv_l1_uart.o
    0x0000dbe8   0x00000024   Dbug   RW  1099     .debug_pubnames     drv_l1_uart.o
    0x0000dc0c   0x00000028   Dbug   RW  1102     .debug_pubnames     drv_l1_uart.o
    0x0000dc34   0x00000030   Dbug   RW  1105     .debug_pubnames     drv_l1_uart.o
    0x0000dc64   0x0000002c   Dbug   RW  1108     .debug_pubnames     drv_l1_uart.o
    0x0000dc90   0x00000030   Dbug   RW  1111     .debug_pubnames     drv_l1_uart.o
    0x0000dcc0   0x00000028   Dbug   RW  1114     .debug_pubnames     drv_l1_uart.o
    0x0000dce8   0x00000030   Dbug   RW  1117     .debug_pubnames     drv_l1_uart.o
    0x0000dd18   0x00000024   Dbug   RW  1120     .debug_pubnames     drv_l1_uart.o
    0x0000dd3c   0x000000c4   Dbug   RW  1123     .debug_pubnames     drv_l1_uart.o
    0x0000de00   0x000002b8   Dbug   RW  1127     .debug_pubnames     drv_l1_uart.o
    0x0000e0b8   0x00000020   Dbug   RW  1170     .debug_pubnames     gp_stdlib.o
    0x0000e0d8   0x00000020   Dbug   RW  1173     .debug_pubnames     gp_stdlib.o
    0x0000e0f8   0x00000020   Dbug   RW  1176     .debug_pubnames     gp_stdlib.o
    0x0000e118   0x00000024   Dbug   RW  1179     .debug_pubnames     gp_stdlib.o
    0x0000e13c   0x00000024   Dbug   RW  1182     .debug_pubnames     gp_stdlib.o
    0x0000e160   0x00000020   Dbug   RW  1185     .debug_pubnames     gp_stdlib.o
    0x0000e180   0x00000020   Dbug   RW  1188     .debug_pubnames     gp_stdlib.o
    0x0000e1a0   0x00000020   Dbug   RW  1191     .debug_pubnames     gp_stdlib.o
    0x0000e1c0   0x00000020   Dbug   RW  1194     .debug_pubnames     gp_stdlib.o
    0x0000e1e0   0x000000a8   Dbug   RW  1200     .debug_pubnames     gp_stdlib.o
    0x0000e288   0x00000028   Dbug   RW  1207     .debug_pubnames     main.o
    0x0000e2b0   0x0000001c   Dbug   RW  1210     .debug_pubnames     main.o
    0x0000e2cc   0x00000094   Dbug   RW  1213     .debug_pubnames     main.o
    0x0000e360   0x00000030   Dbug   RW  1217     .debug_pubnames     main.o
    0x0000e390   0x00000028   Dbug   RW  1234     .debug_pubnames     system_timer.o
    0x0000e3b8   0x0000002c   Dbug   RW  1237     .debug_pubnames     system_timer.o
    0x0000e3e4   0x00000028   Dbug   RW  1240     .debug_pubnames     system_timer.o
    0x0000e40c   0x0000002c   Dbug   RW  1243     .debug_pubnames     system_timer.o
    0x0000e438   0x0000002c   Dbug   RW  1246     .debug_pubnames     system_timer.o
    0x0000e464   0x0000002c   Dbug   RW  1249     .debug_pubnames     system_timer.o
    0x0000e490   0x00000154   Dbug   RW  1252     .debug_pubnames     system_timer.o
    0x0000e5e4   0x000000e0   Dbug   RW  1256     .debug_pubnames     system_timer.o
    0x0000e6c4   0x00000024   Dbug   RW  1261     .debug_pubnames     system_timer.o
    0x0000e6e8   0x00000024   Dbug   RW  1266     .debug_pubnames     driver_l2_init.o
    0x0000e70c   0x00000024   Dbug   RW  1272     .debug_pubnames     driver_l2_init.o
    0x0000e730   0x00000024   Dbug   RW  1344     .debug_pubnames     gplib_mm_gplus.o
    0x0000e754   0x00000028   Dbug   RW  1347     .debug_pubnames     gplib_mm_gplus.o
    0x0000e77c   0x00000024   Dbug   RW  1350     .debug_pubnames     gplib_mm_gplus.o
    0x0000e7a0   0x00000020   Dbug   RW  1353     .debug_pubnames     gplib_mm_gplus.o
    0x0000e7c0   0x00000028   Dbug   RW  1356     .debug_pubnames     gplib_mm_gplus.o
    0x0000e7e8   0x00000020   Dbug   RW  1359     .debug_pubnames     gplib_mm_gplus.o
    0x0000e808   0x00000020   Dbug   RW  1362     .debug_pubnames     gplib_mm_gplus.o
    0x0000e828   0x000001d4   Dbug   RW  1365     .debug_pubnames     gplib_mm_gplus.o
    0x0000e9fc   0x00000084   Dbug   RW  1369     .debug_pubnames     gplib_mm_gplus.o
    0x0000ea80   0x0000002c   Dbug   RW  1381     .debug_pubnames     gplib_calendar.o
    0x0000eaac   0x00000024   Dbug   RW  1384     .debug_pubnames     gplib_calendar.o
    0x0000ead0   0x00000030   Dbug   RW  1387     .debug_pubnames     gplib_calendar.o
    0x0000eb00   0x00000028   Dbug   RW  1390     .debug_pubnames     gplib_calendar.o
    0x0000eb28   0x00000028   Dbug   RW  1393     .debug_pubnames     gplib_calendar.o
    0x0000eb50   0x00000034   Dbug   RW  1396     .debug_pubnames     gplib_calendar.o
    0x0000eb84   0x00000098   Dbug   RW  1399     .debug_pubnames     gplib_calendar.o
    0x0000ec1c   0x000000c0   Dbug   RW  1403     .debug_pubnames     gplib_calendar.o
    0x0000ecdc   0x00000020   Dbug   RW  1408     .debug_pubnames     gplib_calendar.o
    0x0000ecfc   0x00000024   Dbug   RW  1413     .debug_pubnames     gplib_init.o
    0x0000ed20   0x00000024   Dbug   RW  1419     .debug_pubnames     gplib_init.o
    0x0000ed44   0x00000024   Dbug   RW  1426     .debug_pubnames     gplib_print_string.o
    0x0000ed68   0x00000024   Dbug   RW  1429     .debug_pubnames     gplib_print_string.o
    0x0000ed8c   0x00000020   Dbug   RW  1432     .debug_pubnames     gplib_print_string.o
    0x0000edac   0x00000034   Dbug   RW  1436     .debug_pubnames     gplib_print_string.o
    0x0000ede0   0x00000020   Dbug   RW  1444     .debug_pubnames     gplib_print_string.o
    0x0000ee00   0x00000084   Dbug   RW  1448     .debug_pubnames     gplib_print_string.o
    0x0000ee84   0x00000028   Dbug   RW  1454     .debug_pubnames     nvram.o
    0x0000eeac   0x00000028   Dbug   RW  1457     .debug_pubnames     nvram.o
    0x0000eed4   0x00000028   Dbug   RW  1460     .debug_pubnames     nvram.o
    0x0000eefc   0x00000024   Dbug   RW  1463     .debug_pubnames     nvram.o
    0x0000ef20   0x0000002c   Dbug   RW  1466     .debug_pubnames     nvram.o
    0x0000ef4c   0x00000024   Dbug   RW  1469     .debug_pubnames     nvram.o
    0x0000ef70   0x00000028   Dbug   RW  1472     .debug_pubnames     nvram.o
    0x0000ef98   0x00000020   Dbug   RW  1475     .debug_pubnames     nvram.o
    0x0000efb8   0x00000030   Dbug   RW  1478     .debug_pubnames     nvram.o
    0x0000efe8   0x00000028   Dbug   RW  1481     .debug_pubnames     nvram.o
    0x0000f010   0x00000024   Dbug   RW  1484     .debug_pubnames     nvram.o
    0x0000f034   0x00000030   Dbug   RW  1487     .debug_pubnames     nvram.o
    0x0000f064   0x00000034   Dbug   RW  1490     .debug_pubnames     nvram.o
    0x0000f098   0x00000030   Dbug   RW  1493     .debug_pubnames     nvram.o
    0x0000f0c8   0x00000030   Dbug   RW  1496     .debug_pubnames     nvram.o
    0x0000f0f8   0x0000002c   Dbug   RW  1499     .debug_pubnames     nvram.o
    0x0000f124   0x00000030   Dbug   RW  1502     .debug_pubnames     nvram.o
    0x0000f154   0x000000c4   Dbug   RW  1505     .debug_pubnames     nvram.o
    0x0000f218   0x00000230   Dbug   RW  1509     .debug_pubnames     nvram.o
    0x0000f448   0x0000002c   Dbug   RW  1521     .debug_pubnames     task_state_handling.o
    0x0000f474   0x0000002c   Dbug   RW  1524     .debug_pubnames     task_state_handling.o
    0x0000f4a0   0x0000004c   Dbug   RW  1527     .debug_pubnames     task_state_handling.o
    0x0000f4ec   0x00000044   Dbug   RW  1531     .debug_pubnames     task_state_handling.o
    0x0000f530   0x00001478   Dbug   RW  1535     .debug_pubnames     task_state_handling.o
    0x000109a8   0x00000218   Dbug   RW  1538     .debug_pubnames     task_state_handling.o
    0x00010bc0   0x00000034   Dbug   RW  1554     .debug_pubnames     task_peripheral_handling.o
    0x00010bf4   0x0000015c   Dbug   RW  1557     .debug_pubnames     task_peripheral_handling.o
    0x00010d50   0x00000058   Dbug   RW  1561     .debug_pubnames     task_peripheral_handling.o
    0x00010da8   0x00001478   Dbug   RW  1565     .debug_pubnames     task_peripheral_handling.o
    0x00012220   0x00000038   Dbug   RW  1567     .debug_pubnames     task_peripheral_handling.o
    0x00012258   0x00000218   Dbug   RW  1569     .debug_pubnames     task_peripheral_handling.o
    0x00012470   0x00000024   Dbug   RW  1588     .debug_pubnames     msg_manager.o
    0x00012494   0x00000024   Dbug   RW  1591     .debug_pubnames     msg_manager.o
    0x000124b8   0x00000024   Dbug   RW  1594     .debug_pubnames     msg_manager.o
    0x000124dc   0x00000020   Dbug   RW  1597     .debug_pubnames     msg_manager.o
    0x000124fc   0x00000024   Dbug   RW  1600     .debug_pubnames     msg_manager.o
    0x00012520   0x00000020   Dbug   RW  1603     .debug_pubnames     msg_manager.o
    0x00012540   0x00000024   Dbug   RW  1606     .debug_pubnames     msg_manager.o
    0x00012564   0x00000024   Dbug   RW  1609     .debug_pubnames     msg_manager.o
    0x00012588   0x00000020   Dbug   RW  1612     .debug_pubnames     msg_manager.o
    0x000125a8   0x00000024   Dbug   RW  1615     .debug_pubnames     msg_manager.o
    0x000125cc   0x000000a8   Dbug   RW  1621     .debug_pubnames     msg_manager.o
    0x00012674   0x00000028   Dbug   RW  1631     .debug_pubnames     video_codec_callback.o
    0x0001269c   0x00000030   Dbug   RW  1634     .debug_pubnames     video_codec_callback.o
    0x000126cc   0x00000030   Dbug   RW  1637     .debug_pubnames     video_codec_callback.o
    0x000126fc   0x00000030   Dbug   RW  1640     .debug_pubnames     video_codec_callback.o
    0x0001272c   0x00000038   Dbug   RW  1643     .debug_pubnames     video_codec_callback.o
    0x00012764   0x00000030   Dbug   RW  1646     .debug_pubnames     video_codec_callback.o
    0x00012794   0x00000028   Dbug   RW  1649     .debug_pubnames     video_codec_callback.o
    0x000127bc   0x00000030   Dbug   RW  1652     .debug_pubnames     video_codec_callback.o
    0x000127ec   0x00000030   Dbug   RW  1655     .debug_pubnames     video_codec_callback.o
    0x0001281c   0x00000038   Dbug   RW  1658     .debug_pubnames     video_codec_callback.o
    0x00012854   0x00000038   Dbug   RW  1661     .debug_pubnames     video_codec_callback.o
    0x0001288c   0x00000090   Dbug   RW  1664     .debug_pubnames     video_codec_callback.o
    0x0001291c   0x00000198   Dbug   RW  1668     .debug_pubnames     video_codec_callback.o
    0x00012ab4   0x0000002c   Dbug   RW  1677     .debug_pubnames     video_encoder.o
    0x00012ae0   0x00000030   Dbug   RW  1680     .debug_pubnames     video_encoder.o
    0x00012b10   0x00000028   Dbug   RW  1683     .debug_pubnames     video_encoder.o
    0x00012b38   0x0000002c   Dbug   RW  1686     .debug_pubnames     video_encoder.o
    0x00012b64   0x00000028   Dbug   RW  1689     .debug_pubnames     video_encoder.o
    0x00012b8c   0x00000038   Dbug   RW  1692     .debug_pubnames     video_encoder.o
    0x00012bc4   0x0000003c   Dbug   RW  1695     .debug_pubnames     video_encoder.o
    0x00012c00   0x0000003c   Dbug   RW  1698     .debug_pubnames     video_encoder.o
    0x00012c3c   0x00000040   Dbug   RW  1701     .debug_pubnames     video_encoder.o
    0x00012c7c   0x00000034   Dbug   RW  1704     .debug_pubnames     video_encoder.o
    0x00012cb0   0x00000040   Dbug   RW  1707     .debug_pubnames     video_encoder.o
    0x00012cf0   0x00000030   Dbug   RW  1710     .debug_pubnames     video_encoder.o
    0x00012d20   0x00000030   Dbug   RW  1713     .debug_pubnames     video_encoder.o
    0x00012d50   0x000001f4   Dbug   RW  1719     .debug_pubnames     video_encoder.o
    0x00012f44   0x00000028   Dbug   RW  1741     .debug_pubnames     state_usb.o
    0x00012f6c   0x00000020   Dbug   RW  1744     .debug_pubnames     state_usb.o
    0x00012f8c   0x0000002c   Dbug   RW  1747     .debug_pubnames     state_usb.o
    0x00012fb8   0x00000028   Dbug   RW  1750     .debug_pubnames     state_usb.o
    0x00012fe0   0x00000028   Dbug   RW  1753     .debug_pubnames     state_usb.o
    0x00013008   0x00000024   Dbug   RW  1756     .debug_pubnames     state_usb.o
    0x0001302c   0x0000002c   Dbug   RW  1759     .debug_pubnames     state_usb.o
    0x00013058   0x0000002c   Dbug   RW  1762     .debug_pubnames     state_usb.o
    0x00013084   0x000000e0   Dbug   RW  1765     .debug_pubnames     state_usb.o
    0x00013164   0x000000dc   Dbug   RW  1769     .debug_pubnames     state_usb.o
    0x00013240   0x00001478   Dbug   RW  1773     .debug_pubnames     state_usb.o
    0x000146b8   0x000000dc   Dbug   RW  1779     .debug_pubnames     state_usb.o
    0x00014794   0x00000228   Dbug   RW  1787     .debug_pubnames     state_usb.o
    0x000149bc   0x000001fc   Dbug   RW  1790     .debug_pubnames     state_usb.o
    0x00014bb8   0x00000218   Dbug   RW  1792     .debug_pubnames     state_usb.o
    0x00014dd0   0x0000002c   Dbug   RW  1800     .debug_pubnames     state_startup.o
    0x00014dfc   0x0000002c   Dbug   RW  1803     .debug_pubnames     state_startup.o
    0x00014e28   0x00000058   Dbug   RW  1809     .debug_pubnames     state_startup.o
    0x00014e80   0x00000028   Dbug   RW  1824     .debug_pubnames     ap_startup.o
    0x00014ea8   0x00000028   Dbug   RW  1830     .debug_pubnames     ap_startup.o
    0x00014ed0   0x0000002c   Dbug   RW  1845     .debug_pubnames     ap_video_preview.o
    0x00014efc   0x00000034   Dbug   RW  1848     .debug_pubnames     ap_video_preview.o
    0x00014f30   0x00000038   Dbug   RW  1851     .debug_pubnames     ap_video_preview.o
    0x00014f68   0x0000002c   Dbug   RW  1854     .debug_pubnames     ap_video_preview.o
    0x00014f94   0x00000038   Dbug   RW  1857     .debug_pubnames     ap_video_preview.o
    0x00014fcc   0x00000034   Dbug   RW  1860     .debug_pubnames     ap_video_preview.o
    0x00015000   0x00000044   Dbug   RW  1863     .debug_pubnames     ap_video_preview.o
    0x00015044   0x00000034   Dbug   RW  1866     .debug_pubnames     ap_video_preview.o
    0x00015078   0x00000098   Dbug   RW  1869     .debug_pubnames     ap_video_preview.o
    0x00015110   0x000001c0   Dbug   RW  1873     .debug_pubnames     ap_video_preview.o
    0x000152d0   0x00001478   Dbug   RW  1877     .debug_pubnames     ap_video_preview.o
    0x00016748   0x00000028   Dbug   RW  1880     .debug_pubnames     ap_video_preview.o
    0x00016770   0x00000030   Dbug   RW  1889     .debug_pubnames     state_video_preview.o
    0x000167a0   0x00000030   Dbug   RW  1892     .debug_pubnames     state_video_preview.o
    0x000167d0   0x00000074   Dbug   RW  1895     .debug_pubnames     state_video_preview.o
    0x00016844   0x0000008c   Dbug   RW  1899     .debug_pubnames     state_video_preview.o
    0x000168d0   0x00000028   Dbug   RW  1903     .debug_pubnames     state_video_preview.o
    0x000168f8   0x00000040   Dbug   RW  1924     .debug_pubnames     ap_peripheral_handling.o
    0x00016938   0x00000034   Dbug   RW  1927     .debug_pubnames     ap_peripheral_handling.o
    0x0001696c   0x00000034   Dbug   RW  1930     .debug_pubnames     ap_peripheral_handling.o
    0x000169a0   0x00000024   Dbug   RW  1933     .debug_pubnames     ap_peripheral_handling.o
    0x000169c4   0x00000024   Dbug   RW  1936     .debug_pubnames     ap_peripheral_handling.o
    0x000169e8   0x00000024   Dbug   RW  1939     .debug_pubnames     ap_peripheral_handling.o
    0x00016a0c   0x00000024   Dbug   RW  1942     .debug_pubnames     ap_peripheral_handling.o
    0x00016a30   0x0000002c   Dbug   RW  1945     .debug_pubnames     ap_peripheral_handling.o
    0x00016a5c   0x00000034   Dbug   RW  1948     .debug_pubnames     ap_peripheral_handling.o
    0x00016a90   0x0000003c   Dbug   RW  1951     .debug_pubnames     ap_peripheral_handling.o
    0x00016acc   0x00000030   Dbug   RW  1954     .debug_pubnames     ap_peripheral_handling.o
    0x00016afc   0x00000034   Dbug   RW  1957     .debug_pubnames     ap_peripheral_handling.o
    0x00016b30   0x00000038   Dbug   RW  1960     .debug_pubnames     ap_peripheral_handling.o
    0x00016b68   0x00000034   Dbug   RW  1963     .debug_pubnames     ap_peripheral_handling.o
    0x00016b9c   0x00000324   Dbug   RW  1966     .debug_pubnames     ap_peripheral_handling.o
    0x00016ec0   0x000002a0   Dbug   RW  1970     .debug_pubnames     ap_peripheral_handling.o
    0x00017160   0x00001478   Dbug   RW  1974     .debug_pubnames     ap_peripheral_handling.o
    0x000185d8   0x00000038   Dbug   RW  1976     .debug_pubnames     ap_peripheral_handling.o
    0x00018610   0x00000030   Dbug   RW  1984     .debug_pubnames     ap_storage_service.o
    0x00018640   0x00000038   Dbug   RW  1987     .debug_pubnames     ap_storage_service.o
    0x00018678   0x0000002c   Dbug   RW  1990     .debug_pubnames     ap_storage_service.o
    0x000186a4   0x00000038   Dbug   RW  1993     .debug_pubnames     ap_storage_service.o
    0x000186dc   0x00000040   Dbug   RW  1996     .debug_pubnames     ap_storage_service.o
    0x0001871c   0x00000034   Dbug   RW  1999     .debug_pubnames     ap_storage_service.o
    0x00018750   0x00000038   Dbug   RW  2002     .debug_pubnames     ap_storage_service.o
    0x00018788   0x00000038   Dbug   RW  2005     .debug_pubnames     ap_storage_service.o
    0x000187c0   0x0000003c   Dbug   RW  2008     .debug_pubnames     ap_storage_service.o
    0x000187fc   0x0000003c   Dbug   RW  2011     .debug_pubnames     ap_storage_service.o
    0x00018838   0x00000034   Dbug   RW  2014     .debug_pubnames     ap_storage_service.o
    0x0001886c   0x00000038   Dbug   RW  2017     .debug_pubnames     ap_storage_service.o
    0x000188a4   0x00000024   Dbug   RW  2020     .debug_pubnames     ap_storage_service.o
    0x000188c8   0x000002f8   Dbug   RW  2023     .debug_pubnames     ap_storage_service.o
    0x00018bc0   0x000003f8   Dbug   RW  2027     .debug_pubnames     ap_storage_service.o
    0x00018fb8   0x00001478   Dbug   RW  2031     .debug_pubnames     ap_storage_service.o
    0x0001a430   0x00000158   Dbug   RW  2040     .debug_pubnames     ap_storage_service.o
    0x0001a588   0x00000030   Dbug   RW  2048     .debug_pubnames     task_storage_service.o
    0x0001a5b8   0x000000b4   Dbug   RW  2051     .debug_pubnames     task_storage_service.o
    0x0001a66c   0x00000050   Dbug   RW  2055     .debug_pubnames     task_storage_service.o
    0x0001a6bc   0x00001478   Dbug   RW  2059     .debug_pubnames     task_storage_service.o
    0x0001bb34   0x00000038   Dbug   RW  2072     .debug_pubnames     ap_state_handling.o
    0x0001bb6c   0x00000038   Dbug   RW  2075     .debug_pubnames     ap_state_handling.o
    0x0001bba4   0x0000003c   Dbug   RW  2078     .debug_pubnames     ap_state_handling.o
    0x0001bbe0   0x00000038   Dbug   RW  2081     .debug_pubnames     ap_state_handling.o
    0x0001bc18   0x00000038   Dbug   RW  2084     .debug_pubnames     ap_state_handling.o
    0x0001bc50   0x00000038   Dbug   RW  2087     .debug_pubnames     ap_state_handling.o
    0x0001bc88   0x00000030   Dbug   RW  2090     .debug_pubnames     ap_state_handling.o
    0x0001bcb8   0x00000030   Dbug   RW  2093     .debug_pubnames     ap_state_handling.o
    0x0001bce8   0x00000038   Dbug   RW  2096     .debug_pubnames     ap_state_handling.o
    0x0001bd20   0x00000038   Dbug   RW  2099     .debug_pubnames     ap_state_handling.o
    0x0001bd58   0x00000034   Dbug   RW  2102     .debug_pubnames     ap_state_handling.o
    0x0001bd8c   0x0000003c   Dbug   RW  2105     .debug_pubnames     ap_state_handling.o
    0x0001bdc8   0x00000038   Dbug   RW  2108     .debug_pubnames     ap_state_handling.o
    0x0001be00   0x00000030   Dbug   RW  2111     .debug_pubnames     ap_state_handling.o
    0x0001be30   0x00000034   Dbug   RW  2114     .debug_pubnames     ap_state_handling.o
    0x0001be64   0x00000034   Dbug   RW  2117     .debug_pubnames     ap_state_handling.o
    0x0001be98   0x00000034   Dbug   RW  2120     .debug_pubnames     ap_state_handling.o
    0x0001becc   0x00000038   Dbug   RW  2123     .debug_pubnames     ap_state_handling.o
    0x0001bf04   0x000001fc   Dbug   RW  2126     .debug_pubnames     ap_state_handling.o
    0x0001c100   0x000002a0   Dbug   RW  2130     .debug_pubnames     ap_state_handling.o
    0x0001c3a0   0x00000218   Dbug   RW  2134     .debug_pubnames     ap_state_handling.o
    0x0001c5b8   0x0000002c   Dbug   RW  2152     .debug_pubnames     ap_video_record.o
    0x0001c5e4   0x00000038   Dbug   RW  2155     .debug_pubnames     ap_video_record.o
    0x0001c61c   0x00000038   Dbug   RW  2158     .debug_pubnames     ap_video_record.o
    0x0001c654   0x0000003c   Dbug   RW  2161     .debug_pubnames     ap_video_record.o
    0x0001c690   0x0000003c   Dbug   RW  2164     .debug_pubnames     ap_video_record.o
    0x0001c6cc   0x00000030   Dbug   RW  2167     .debug_pubnames     ap_video_record.o
    0x0001c6fc   0x0000002c   Dbug   RW  2170     .debug_pubnames     ap_video_record.o
    0x0001c728   0x0000002c   Dbug   RW  2173     .debug_pubnames     ap_video_record.o
    0x0001c754   0x00000030   Dbug   RW  2176     .debug_pubnames     ap_video_record.o
    0x0001c784   0x00000034   Dbug   RW  2179     .debug_pubnames     ap_video_record.o
    0x0001c7b8   0x000000f0   Dbug   RW  2182     .debug_pubnames     ap_video_record.o
    0x0001c8a8   0x000001b8   Dbug   RW  2186     .debug_pubnames     ap_video_record.o
    0x0001ca60   0x00000030   Dbug   RW  2193     .debug_pubnames     state_video_record.o
    0x0001ca90   0x00000030   Dbug   RW  2196     .debug_pubnames     state_video_record.o
    0x0001cac0   0x00000050   Dbug   RW  2199     .debug_pubnames     state_video_record.o
    0x0001cb10   0x00000068   Dbug   RW  2203     .debug_pubnames     state_video_record.o
    0x0001cb78   0x00000024   Dbug   RW  2314     .debug_pubnames     drv_l1_sensor.o
    0x0001cb9c   0x00000024   Dbug   RW  2317     .debug_pubnames     drv_l1_sensor.o
    0x0001cbc0   0x00000020   Dbug   RW  2320     .debug_pubnames     drv_l1_sensor.o
    0x0001cbe0   0x00000020   Dbug   RW  2323     .debug_pubnames     drv_l1_sensor.o
    0x0001cc00   0x00000024   Dbug   RW  2326     .debug_pubnames     drv_l1_sensor.o
    0x0001cc24   0x00000020   Dbug   RW  2329     .debug_pubnames     drv_l1_sensor.o
    0x0001cc44   0x00000020   Dbug   RW  2332     .debug_pubnames     drv_l1_sensor.o
    0x0001cc64   0x00000030   Dbug   RW  2335     .debug_pubnames     drv_l1_sensor.o
    0x0001cc94   0x00000030   Dbug   RW  2338     .debug_pubnames     drv_l1_sensor.o
    0x0001ccc4   0x00000030   Dbug   RW  2341     .debug_pubnames     drv_l1_sensor.o
    0x0001ccf4   0x00000028   Dbug   RW  2344     .debug_pubnames     drv_l1_sensor.o
    0x0001cd1c   0x0000002c   Dbug   RW  2347     .debug_pubnames     drv_l1_sensor.o
    0x0001cd48   0x0000002c   Dbug   RW  2350     .debug_pubnames     drv_l1_sensor.o
    0x0001cd74   0x0000002c   Dbug   RW  2353     .debug_pubnames     drv_l1_sensor.o
    0x0001cda0   0x00000150   Dbug   RW  2360     .debug_pubnames     drv_l1_sensor.o
    0x0001cef0   0x0000002c   Dbug   RW  2380     .debug_pubnames     ap_display.o
    0x0001cf1c   0x00000030   Dbug   RW  2383     .debug_pubnames     ap_display.o
    0x0001cf4c   0x0000002c   Dbug   RW  2386     .debug_pubnames     ap_display.o
    0x0001cf78   0x0000002c   Dbug   RW  2389     .debug_pubnames     ap_display.o
    0x0001cfa4   0x0000002c   Dbug   RW  2392     .debug_pubnames     ap_display.o
    0x0001cfd0   0x00000030   Dbug   RW  2395     .debug_pubnames     ap_display.o
    0x0001d000   0x0000002c   Dbug   RW  2398     .debug_pubnames     ap_display.o
    0x0001d02c   0x00000030   Dbug   RW  2401     .debug_pubnames     ap_display.o
    0x0001d05c   0x00000038   Dbug   RW  2404     .debug_pubnames     ap_display.o
    0x0001d094   0x0000002c   Dbug   RW  2407     .debug_pubnames     ap_display.o
    0x0001d0c0   0x00000028   Dbug   RW  2410     .debug_pubnames     ap_display.o
    0x0001d0e8   0x0000002c   Dbug   RW  2413     .debug_pubnames     ap_display.o
    0x0001d114   0x0000002c   Dbug   RW  2416     .debug_pubnames     ap_display.o
    0x0001d140   0x00000030   Dbug   RW  2419     .debug_pubnames     ap_display.o
    0x0001d170   0x00000034   Dbug   RW  2422     .debug_pubnames     ap_display.o
    0x0001d1a4   0x0000002c   Dbug   RW  2425     .debug_pubnames     ap_display.o
    0x0001d1d0   0x00000030   Dbug   RW  2428     .debug_pubnames     ap_display.o
    0x0001d200   0x00000034   Dbug   RW  2431     .debug_pubnames     ap_display.o
    0x0001d234   0x0000003c   Dbug   RW  2434     .debug_pubnames     ap_display.o
    0x0001d270   0x00000030   Dbug   RW  2437     .debug_pubnames     ap_display.o
    0x0001d2a0   0x00000034   Dbug   RW  2440     .debug_pubnames     ap_display.o
    0x0001d2d4   0x00000030   Dbug   RW  2443     .debug_pubnames     ap_display.o
    0x0001d304   0x00000038   Dbug   RW  2446     .debug_pubnames     ap_display.o
    0x0001d33c   0x00000034   Dbug   RW  2449     .debug_pubnames     ap_display.o
    0x0001d370   0x00000038   Dbug   RW  2452     .debug_pubnames     ap_display.o
    0x0001d3a8   0x00000034   Dbug   RW  2455     .debug_pubnames     ap_display.o
    0x0001d3dc   0x00000030   Dbug   RW  2458     .debug_pubnames     ap_display.o
    0x0001d40c   0x00000034   Dbug   RW  2461     .debug_pubnames     ap_display.o
    0x0001d440   0x00000038   Dbug   RW  2464     .debug_pubnames     ap_display.o
    0x0001d478   0x00000030   Dbug   RW  2467     .debug_pubnames     ap_display.o
    0x0001d4a8   0x00000030   Dbug   RW  2470     .debug_pubnames     ap_display.o
    0x0001d4d8   0x00000030   Dbug   RW  2473     .debug_pubnames     ap_display.o
    0x0001d508   0x00000030   Dbug   RW  2476     .debug_pubnames     ap_display.o
    0x0001d538   0x00000030   Dbug   RW  2479     .debug_pubnames     ap_display.o
    0x0001d568   0x00000034   Dbug   RW  2482     .debug_pubnames     ap_display.o
    0x0001d59c   0x00000028   Dbug   RW  2485     .debug_pubnames     ap_display.o
    0x0001d5c4   0x00000034   Dbug   RW  2488     .debug_pubnames     ap_display.o
    0x0001d5f8   0x0000003c   Dbug   RW  2491     .debug_pubnames     ap_display.o
    0x0001d634   0x00000030   Dbug   RW  2494     .debug_pubnames     ap_display.o
    0x0001d664   0x00000030   Dbug   RW  2497     .debug_pubnames     ap_display.o
    0x0001d694   0x00000034   Dbug   RW  2500     .debug_pubnames     ap_display.o
    0x0001d6c8   0x0000003c   Dbug   RW  2503     .debug_pubnames     ap_display.o
    0x0001d704   0x0000003c   Dbug   RW  2506     .debug_pubnames     ap_display.o
    0x0001d740   0x00000040   Dbug   RW  2509     .debug_pubnames     ap_display.o
    0x0001d780   0x00000034   Dbug   RW  2512     .debug_pubnames     ap_display.o
    0x0001d7b4   0x00000200   Dbug   RW  2515     .debug_pubnames     ap_display.o
    0x0001d9b4   0x000005d8   Dbug   RW  2519     .debug_pubnames     ap_display.o
    0x0001df8c   0x00000f1c   Dbug   RW  2523     .debug_pubnames     ap_display.o
    0x0001eea8   0x00000218   Dbug   RW  2530     .debug_pubnames     ap_display.o
    0x0001f0c0   0x00000e98   Dbug   RW  2537     .debug_pubnames     task_display.o
    0x0001ff58   0x00000038   Dbug   RW  2542     .debug_pubnames     ap_state_config.o
    0x0001ff90   0x00000038   Dbug   RW  2545     .debug_pubnames     ap_state_config.o
    0x0001ffc8   0x00000034   Dbug   RW  2548     .debug_pubnames     ap_state_config.o
    0x0001fffc   0x00000034   Dbug   RW  2551     .debug_pubnames     ap_state_config.o
    0x00020030   0x00000034   Dbug   RW  2554     .debug_pubnames     ap_state_config.o
    0x00020064   0x00000040   Dbug   RW  2557     .debug_pubnames     ap_state_config.o
    0x000200a4   0x00000040   Dbug   RW  2560     .debug_pubnames     ap_state_config.o
    0x000200e4   0x00000038   Dbug   RW  2563     .debug_pubnames     ap_state_config.o
    0x0002011c   0x00000038   Dbug   RW  2566     .debug_pubnames     ap_state_config.o
    0x00020154   0x00000030   Dbug   RW  2569     .debug_pubnames     ap_state_config.o
    0x00020184   0x00000030   Dbug   RW  2572     .debug_pubnames     ap_state_config.o
    0x000201b4   0x00000030   Dbug   RW  2575     .debug_pubnames     ap_state_config.o
    0x000201e4   0x00000030   Dbug   RW  2578     .debug_pubnames     ap_state_config.o
    0x00020214   0x00000030   Dbug   RW  2581     .debug_pubnames     ap_state_config.o
    0x00020244   0x00000030   Dbug   RW  2584     .debug_pubnames     ap_state_config.o
    0x00020274   0x0000003c   Dbug   RW  2587     .debug_pubnames     ap_state_config.o
    0x000202b0   0x0000003c   Dbug   RW  2590     .debug_pubnames     ap_state_config.o
    0x000202ec   0x00000040   Dbug   RW  2593     .debug_pubnames     ap_state_config.o
    0x0002032c   0x00000040   Dbug   RW  2596     .debug_pubnames     ap_state_config.o
    0x0002036c   0x00000030   Dbug   RW  2599     .debug_pubnames     ap_state_config.o
    0x0002039c   0x0000002c   Dbug   RW  2602     .debug_pubnames     ap_state_config.o
    0x000203c8   0x00000038   Dbug   RW  2605     .debug_pubnames     ap_state_config.o
    0x00020400   0x00000020   Dbug   RW  2608     .debug_pubnames     ap_state_config.o
    0x00020420   0x0000002c   Dbug   RW  2611     .debug_pubnames     ap_state_config.o
    0x0002044c   0x00000038   Dbug   RW  2614     .debug_pubnames     ap_state_config.o
    0x00020484   0x00000038   Dbug   RW  2617     .debug_pubnames     ap_state_config.o
    0x000204bc   0x00000038   Dbug   RW  2620     .debug_pubnames     ap_state_config.o
    0x000204f4   0x00000038   Dbug   RW  2623     .debug_pubnames     ap_state_config.o
    0x0002052c   0x00000030   Dbug   RW  2626     .debug_pubnames     ap_state_config.o
    0x0002055c   0x00000030   Dbug   RW  2629     .debug_pubnames     ap_state_config.o
    0x0002058c   0x00000034   Dbug   RW  2632     .debug_pubnames     ap_state_config.o
    0x000205c0   0x00000034   Dbug   RW  2635     .debug_pubnames     ap_state_config.o
    0x000205f4   0x00000040   Dbug   RW  2638     .debug_pubnames     ap_state_config.o
    0x00020634   0x00000040   Dbug   RW  2641     .debug_pubnames     ap_state_config.o
    0x00020674   0x00000030   Dbug   RW  2644     .debug_pubnames     ap_state_config.o
    0x000206a4   0x00000034   Dbug   RW  2647     .debug_pubnames     ap_state_config.o
    0x000206d8   0x00000034   Dbug   RW  2650     .debug_pubnames     ap_state_config.o
    0x0002070c   0x00000038   Dbug   RW  2653     .debug_pubnames     ap_state_config.o
    0x00020744   0x00000038   Dbug   RW  2656     .debug_pubnames     ap_state_config.o
    0x0002077c   0x00000030   Dbug   RW  2659     .debug_pubnames     ap_state_config.o
    0x000207ac   0x00000030   Dbug   RW  2662     .debug_pubnames     ap_state_config.o
    0x000207dc   0x00000030   Dbug   RW  2665     .debug_pubnames     ap_state_config.o
    0x0002080c   0x00000030   Dbug   RW  2668     .debug_pubnames     ap_state_config.o
    0x0002083c   0x00000038   Dbug   RW  2671     .debug_pubnames     ap_state_config.o
    0x00020874   0x00000038   Dbug   RW  2674     .debug_pubnames     ap_state_config.o
    0x000208ac   0x00000034   Dbug   RW  2677     .debug_pubnames     ap_state_config.o
    0x000208e0   0x00000034   Dbug   RW  2680     .debug_pubnames     ap_state_config.o
    0x00020914   0x00000034   Dbug   RW  2683     .debug_pubnames     ap_state_config.o
    0x00020948   0x00000034   Dbug   RW  2686     .debug_pubnames     ap_state_config.o
    0x0002097c   0x0000003c   Dbug   RW  2689     .debug_pubnames     ap_state_config.o
    0x000209b8   0x0000003c   Dbug   RW  2692     .debug_pubnames     ap_state_config.o
    0x000209f4   0x00000034   Dbug   RW  2695     .debug_pubnames     ap_state_config.o
    0x00020a28   0x00000034   Dbug   RW  2698     .debug_pubnames     ap_state_config.o
    0x00020a5c   0x0000003c   Dbug   RW  2701     .debug_pubnames     ap_state_config.o
    0x00020a98   0x0000003c   Dbug   RW  2704     .debug_pubnames     ap_state_config.o
    0x00020ad4   0x0000003c   Dbug   RW  2707     .debug_pubnames     ap_state_config.o
    0x00020b10   0x0000003c   Dbug   RW  2710     .debug_pubnames     ap_state_config.o
    0x00020b4c   0x00000034   Dbug   RW  2713     .debug_pubnames     ap_state_config.o
    0x00020b80   0x00000034   Dbug   RW  2716     .debug_pubnames     ap_state_config.o
    0x00020bb4   0x00000038   Dbug   RW  2719     .debug_pubnames     ap_state_config.o
    0x00020bec   0x00000038   Dbug   RW  2722     .debug_pubnames     ap_state_config.o
    0x00020c24   0x00000034   Dbug   RW  2725     .debug_pubnames     ap_state_config.o
    0x00020c58   0x00000034   Dbug   RW  2728     .debug_pubnames     ap_state_config.o
    0x00020c8c   0x00000034   Dbug   RW  2731     .debug_pubnames     ap_state_config.o
    0x00020cc0   0x00000034   Dbug   RW  2734     .debug_pubnames     ap_state_config.o
    0x00020cf4   0x00000034   Dbug   RW  2737     .debug_pubnames     ap_state_config.o
    0x00020d28   0x00000034   Dbug   RW  2740     .debug_pubnames     ap_state_config.o
    0x00020d5c   0x00000034   Dbug   RW  2743     .debug_pubnames     ap_state_config.o
    0x00020d90   0x00000034   Dbug   RW  2746     .debug_pubnames     ap_state_config.o
    0x00020dc4   0x00000038   Dbug   RW  2749     .debug_pubnames     ap_state_config.o
    0x00020dfc   0x00000038   Dbug   RW  2752     .debug_pubnames     ap_state_config.o
    0x00020e34   0x00000038   Dbug   RW  2755     .debug_pubnames     ap_state_config.o
    0x00020e6c   0x00000038   Dbug   RW  2758     .debug_pubnames     ap_state_config.o
    0x00020ea4   0x00000034   Dbug   RW  2761     .debug_pubnames     ap_state_config.o
    0x00020ed8   0x00000038   Dbug   RW  2764     .debug_pubnames     ap_state_config.o
    0x00020f10   0x0000002c   Dbug   RW  2767     .debug_pubnames     ap_state_config.o
    0x00020f3c   0x0000002c   Dbug   RW  2770     .debug_pubnames     ap_state_config.o
    0x00020f68   0x00000034   Dbug   RW  2773     .debug_pubnames     ap_state_config.o
    0x00020f9c   0x00000034   Dbug   RW  2776     .debug_pubnames     ap_state_config.o
    0x00020fd0   0x00000038   Dbug   RW  2779     .debug_pubnames     ap_state_config.o
    0x00021008   0x00000038   Dbug   RW  2782     .debug_pubnames     ap_state_config.o
    0x00021040   0x00000034   Dbug   RW  2785     .debug_pubnames     ap_state_config.o
    0x00021074   0x00000034   Dbug   RW  2788     .debug_pubnames     ap_state_config.o
    0x000210a8   0x00000024   Dbug   RW  2791     .debug_pubnames     ap_state_config.o
    0x000210cc   0x00000054   Dbug   RW  2794     .debug_pubnames     ap_state_config.o
    0x00021120   0x00000b80   Dbug   RW  2798     .debug_pubnames     ap_state_config.o
    0x00021ca0   0x00000f1c   Dbug   RW  2856     .debug_pubnames     video_decoder_app.o
    0x00022bbc   0x00000020   Dbug   RW  2919     .debug_pubnames     drv_l1_dac.o
    0x00022bdc   0x00000020   Dbug   RW  2925     .debug_pubnames     drv_l1_dac.o
    0x00022bfc   0x00000024   Dbug   RW  2942     .debug_pubnames     ap_state_firmware_upgrade.o
    0x00022c20   0x00000024   Dbug   RW  2945     .debug_pubnames     ap_state_firmware_upgrade.o
    0x00022c44   0x00000020   Dbug   RW  2948     .debug_pubnames     ap_state_firmware_upgrade.o
    0x00022c64   0x00000024   Dbug   RW  2951     .debug_pubnames     ap_state_firmware_upgrade.o
    0x00022c88   0x00000028   Dbug   RW  2954     .debug_pubnames     ap_state_firmware_upgrade.o
    0x00022cb0   0x00000024   Dbug   RW  2957     .debug_pubnames     ap_state_firmware_upgrade.o
    0x00022cd4   0x0000002c   Dbug   RW  2960     .debug_pubnames     ap_state_firmware_upgrade.o
    0x00022d00   0x00000028   Dbug   RW  2963     .debug_pubnames     ap_state_firmware_upgrade.o
    0x00022d28   0x0000008c   Dbug   RW  2967     .debug_pubnames     ap_state_firmware_upgrade.o
    0x00022db4   0x00000090   Dbug   RW  2972     .debug_pubnames     ap_state_firmware_upgrade.o
    0x00022e44   0x00000368   Dbug   RW  2974     .debug_pubnames     ap_state_firmware_upgrade.o
    0x000231ac   0x000000f8   Dbug   RW  2978     .debug_pubnames     ap_state_firmware_upgrade.o
    0x000232a4   0x0000007c   Dbug   RW  2982     .debug_pubnames     ap_state_firmware_upgrade.o
    0x00023320   0x000000ac   Dbug   RW  2990     .debug_pubnames     ap_state_firmware_upgrade.o
    0x000233cc   0x00001304   Dbug   RW  2994     .debug_pubnames     ap_state_firmware_upgrade.o
    0x000246d0   0x00000344   Dbug   RW  3000     .debug_pubnames     ap_state_firmware_upgrade.o
    0x00024a14   0x00001478   Dbug   RW  3002     .debug_pubnames     ap_state_firmware_upgrade.o
    0x00025e8c   0x00000218   Dbug   RW  3004     .debug_pubnames     ap_state_firmware_upgrade.o
    0x000260a4   0x000000dc   Dbug   RW  3013     .debug_pubnames     ap_state_firmware_upgrade.o
    0x00026180   0x00000118   Dbug   RW  3032     .debug_pubnames     drv_l2_usbd_descriptor_tbl.o
    0x00026298   0x00000114   Dbug   RW  3047     .debug_pubnames     drv_l2_usbd_uvc_descriptor_tbl.o
    0x000263ac   0x00000024   Dbug   RW  3059     .debug_pubnames     ap_usb.o
    0x000263d0   0x00000030   Dbug   RW  3062     .debug_pubnames     ap_usb.o
    0x00026400   0x00000030   Dbug   RW  3065     .debug_pubnames     ap_usb.o
    0x00026430   0x00000030   Dbug   RW  3068     .debug_pubnames     ap_usb.o
    0x00026460   0x0000002c   Dbug   RW  3071     .debug_pubnames     ap_usb.o
    0x0002648c   0x0000002c   Dbug   RW  3074     .debug_pubnames     ap_usb.o
    0x000264b8   0x0000002c   Dbug   RW  3077     .debug_pubnames     ap_usb.o
    0x000264e4   0x00000030   Dbug   RW  3080     .debug_pubnames     ap_usb.o
    0x00026514   0x0000002c   Dbug   RW  3083     .debug_pubnames     ap_usb.o
    0x00026540   0x00000030   Dbug   RW  3086     .debug_pubnames     ap_usb.o
    0x00026570   0x00000030   Dbug   RW  3089     .debug_pubnames     ap_usb.o
    0x000265a0   0x00000028   Dbug   RW  3092     .debug_pubnames     ap_usb.o
    0x000265c8   0x00000028   Dbug   RW  3095     .debug_pubnames     ap_usb.o
    0x000265f0   0x00000024   Dbug   RW  3098     .debug_pubnames     ap_usb.o
    0x00026614   0x00000020   Dbug   RW  3101     .debug_pubnames     ap_usb.o
    0x00026634   0x00000024   Dbug   RW  3104     .debug_pubnames     ap_usb.o
    0x00026658   0x00000024   Dbug   RW  3107     .debug_pubnames     ap_usb.o
    0x0002667c   0x00000020   Dbug   RW  3110     .debug_pubnames     ap_usb.o
    0x0002669c   0x00000028   Dbug   RW  3113     .debug_pubnames     ap_usb.o
    0x000266c4   0x00000030   Dbug   RW  3116     .debug_pubnames     ap_usb.o
    0x000266f4   0x00000030   Dbug   RW  3119     .debug_pubnames     ap_usb.o
    0x00026724   0x00000028   Dbug   RW  3122     .debug_pubnames     ap_usb.o
    0x0002674c   0x0000034c   Dbug   RW  3125     .debug_pubnames     ap_usb.o
    0x00026a98   0x00000214   Dbug   RW  3129     .debug_pubnames     ap_usb.o
    0x00026cac   0x00000084   Dbug   RW  3134     .debug_pubnames     ap_usb.o
    0x00026d30   0x00000344   Dbug   RW  3137     .debug_pubnames     ap_usb.o
    0x00027074   0x00001478   Dbug   RW  3139     .debug_pubnames     ap_usb.o
    0x000284ec   0x00000218   Dbug   RW  3147     .debug_pubnames     ap_usb.o
    0x00028704   0x000001fc   Dbug   RW  3149     .debug_pubnames     ap_usb.o
    0x00028900   0x0000002c   Dbug   RW  3267     .debug_pubnames     my_video_codec_callback.o
    0x0002892c   0x00000030   Dbug   RW  3270     .debug_pubnames     my_video_codec_callback.o
    0x0002895c   0x00000034   Dbug   RW  3273     .debug_pubnames     my_video_codec_callback.o
    0x00028990   0x00000034   Dbug   RW  3276     .debug_pubnames     my_video_codec_callback.o
    0x000289c4   0x00000030   Dbug   RW  3279     .debug_pubnames     my_video_codec_callback.o
    0x000289f4   0x0000002c   Dbug   RW  3282     .debug_pubnames     my_video_codec_callback.o
    0x00028a20   0x00000030   Dbug   RW  3285     .debug_pubnames     my_video_codec_callback.o
    0x00028a50   0x0000002c   Dbug   RW  3288     .debug_pubnames     my_video_codec_callback.o
    0x00028a7c   0x00000030   Dbug   RW  3291     .debug_pubnames     my_video_codec_callback.o
    0x00028aac   0x00000028   Dbug   RW  3294     .debug_pubnames     my_video_codec_callback.o
    0x00028ad4   0x00000030   Dbug   RW  3297     .debug_pubnames     my_video_codec_callback.o
    0x00028b04   0x00000034   Dbug   RW  3300     .debug_pubnames     my_video_codec_callback.o
    0x00028b38   0x00000034   Dbug   RW  3303     .debug_pubnames     my_video_codec_callback.o
    0x00028b6c   0x0000002c   Dbug   RW  3306     .debug_pubnames     my_video_codec_callback.o
    0x00028b98   0x00000288   Dbug   RW  3309     .debug_pubnames     my_video_codec_callback.o
    0x00028e20   0x0000026c   Dbug   RW  3313     .debug_pubnames     my_video_codec_callback.o
    0x0002908c   0x00001478   Dbug   RW  3317     .debug_pubnames     my_video_codec_callback.o
    0x0002a504   0x00000024   Dbug   RW  3332     .debug_pubnames     drv_l2_spifc.o
    0x0002a528   0x0000002c   Dbug   RW  3335     .debug_pubnames     drv_l2_spifc.o
    0x0002a554   0x0000002c   Dbug   RW  3338     .debug_pubnames     drv_l2_spifc.o
    0x0002a580   0x0000002c   Dbug   RW  3341     .debug_pubnames     drv_l2_spifc.o
    0x0002a5ac   0x00000028   Dbug   RW  3344     .debug_pubnames     drv_l2_spifc.o
    0x0002a5d4   0x00000024   Dbug   RW  3347     .debug_pubnames     drv_l2_spifc.o
    0x0002a5f8   0x00000024   Dbug   RW  3350     .debug_pubnames     drv_l2_spifc.o
    0x0002a61c   0x00000024   Dbug   RW  3353     .debug_pubnames     drv_l2_spifc.o
    0x0002a640   0x00000024   Dbug   RW  3356     .debug_pubnames     drv_l2_spifc.o
    0x0002a664   0x0000002c   Dbug   RW  3359     .debug_pubnames     drv_l2_spifc.o
    0x0002a690   0x00000024   Dbug   RW  3362     .debug_pubnames     drv_l2_spifc.o
    0x0002a6b4   0x00000028   Dbug   RW  3365     .debug_pubnames     drv_l2_spifc.o
    0x0002a6dc   0x00000100   Dbug   RW  3369     .debug_pubnames     drv_l2_spifc.o
    0x0002a7dc   0x00000024   Dbug   RW  3379     .debug_pubnames     drv_l1_spifc.o
    0x0002a800   0x00000028   Dbug   RW  3382     .debug_pubnames     drv_l1_spifc.o
    0x0002a828   0x00000030   Dbug   RW  3385     .debug_pubnames     drv_l1_spifc.o
    0x0002a858   0x00000030   Dbug   RW  3388     .debug_pubnames     drv_l1_spifc.o
    0x0002a888   0x00000030   Dbug   RW  3391     .debug_pubnames     drv_l1_spifc.o
    0x0002a8b8   0x0000002c   Dbug   RW  3394     .debug_pubnames     drv_l1_spifc.o
    0x0002a8e4   0x00000030   Dbug   RW  3397     .debug_pubnames     drv_l1_spifc.o
    0x0002a914   0x0000002c   Dbug   RW  3400     .debug_pubnames     drv_l1_spifc.o
    0x0002a940   0x00000024   Dbug   RW  3403     .debug_pubnames     drv_l1_spifc.o
    0x0002a964   0x00000028   Dbug   RW  3406     .debug_pubnames     drv_l1_spifc.o
    0x0002a98c   0x00000020   Dbug   RW  3409     .debug_pubnames     drv_l1_spifc.o
    0x0002a9ac   0x000000fc   Dbug   RW  3413     .debug_pubnames     drv_l1_spifc.o
    0x0002aaa8   0x00000024   Dbug   RW  3419     .debug_pubnames     spi_flash_mxic.o
    0x0002aacc   0x00000020   Dbug   RW  3422     .debug_pubnames     spi_flash_mxic.o
    0x0002aaec   0x00000028   Dbug   RW  3425     .debug_pubnames     spi_flash_mxic.o
    0x0002ab14   0x00000028   Dbug   RW  3428     .debug_pubnames     spi_flash_mxic.o
    0x0002ab3c   0x0000002c   Dbug   RW  3431     .debug_pubnames     spi_flash_mxic.o
    0x0002ab68   0x00000024   Dbug   RW  3434     .debug_pubnames     spi_flash_mxic.o
    0x0002ab8c   0x00000024   Dbug   RW  3437     .debug_pubnames     spi_flash_mxic.o
    0x0002abb0   0x0000002c   Dbug   RW  3440     .debug_pubnames     spi_flash_mxic.o
    0x0002abdc   0x00000098   Dbug   RW  3446     .debug_pubnames     spi_flash_mxic.o
    0x0002ac74   0x00000024   Dbug   RW  3460     .debug_pubnames     drv_l2_sensor.o
    0x0002ac98   0x00000030   Dbug   RW  3463     .debug_pubnames     drv_l2_sensor.o
    0x0002acc8   0x00000028   Dbug   RW  3466     .debug_pubnames     drv_l2_sensor.o
    0x0002acf0   0x00000028   Dbug   RW  3469     .debug_pubnames     drv_l2_sensor.o
    0x0002ad18   0x00000028   Dbug   RW  3472     .debug_pubnames     drv_l2_sensor.o
    0x0002ad40   0x00000024   Dbug   RW  3475     .debug_pubnames     drv_l2_sensor.o
    0x0002ad64   0x000000ac   Dbug   RW  3478     .debug_pubnames     drv_l2_sensor.o
    0x0002ae10   0x000000c8   Dbug   RW  3482     .debug_pubnames     drv_l2_sensor.o
    0x0002aed8   0x0000002c   Dbug   RW  3489     .debug_pubnames     drv_l1_cdsp.o
    0x0002af04   0x00000028   Dbug   RW  3492     .debug_pubnames     drv_l1_cdsp.o
    0x0002af2c   0x00000028   Dbug   RW  3495     .debug_pubnames     drv_l1_cdsp.o
    0x0002af54   0x00000028   Dbug   RW  3498     .debug_pubnames     drv_l1_cdsp.o
    0x0002af7c   0x00000034   Dbug   RW  3501     .debug_pubnames     drv_l1_cdsp.o
    0x0002afb0   0x00000034   Dbug   RW  3504     .debug_pubnames     drv_l1_cdsp.o
    0x0002afe4   0x0000002c   Dbug   RW  3507     .debug_pubnames     drv_l1_cdsp.o
    0x0002b010   0x0000002c   Dbug   RW  3510     .debug_pubnames     drv_l1_cdsp.o
    0x0002b03c   0x0000002c   Dbug   RW  3513     .debug_pubnames     drv_l1_cdsp.o
    0x0002b068   0x00000034   Dbug   RW  3516     .debug_pubnames     drv_l1_cdsp.o
    0x0002b09c   0x00000024   Dbug   RW  3519     .debug_pubnames     drv_l1_cdsp.o
    0x0002b0c0   0x00000030   Dbug   RW  3522     .debug_pubnames     drv_l1_cdsp.o
    0x0002b0f0   0x0000002c   Dbug   RW  3525     .debug_pubnames     drv_l1_cdsp.o
    0x0002b11c   0x00000028   Dbug   RW  3528     .debug_pubnames     drv_l1_cdsp.o
    0x0002b144   0x0000002c   Dbug   RW  3531     .debug_pubnames     drv_l1_cdsp.o
    0x0002b170   0x00000028   Dbug   RW  3534     .debug_pubnames     drv_l1_cdsp.o
    0x0002b198   0x0000002c   Dbug   RW  3537     .debug_pubnames     drv_l1_cdsp.o
    0x0002b1c4   0x00000030   Dbug   RW  3540     .debug_pubnames     drv_l1_cdsp.o
    0x0002b1f4   0x0000002c   Dbug   RW  3543     .debug_pubnames     drv_l1_cdsp.o
    0x0002b220   0x00000028   Dbug   RW  3546     .debug_pubnames     drv_l1_cdsp.o
    0x0002b248   0x00000030   Dbug   RW  3549     .debug_pubnames     drv_l1_cdsp.o
    0x0002b278   0x00000028   Dbug   RW  3552     .debug_pubnames     drv_l1_cdsp.o
    0x0002b2a0   0x00000028   Dbug   RW  3555     .debug_pubnames     drv_l1_cdsp.o
    0x0002b2c8   0x0000002c   Dbug   RW  3558     .debug_pubnames     drv_l1_cdsp.o
    0x0002b2f4   0x0000002c   Dbug   RW  3561     .debug_pubnames     drv_l1_cdsp.o
    0x0002b320   0x0000002c   Dbug   RW  3564     .debug_pubnames     drv_l1_cdsp.o
    0x0002b34c   0x0000002c   Dbug   RW  3567     .debug_pubnames     drv_l1_cdsp.o
    0x0002b378   0x0000002c   Dbug   RW  3570     .debug_pubnames     drv_l1_cdsp.o
    0x0002b3a4   0x0000002c   Dbug   RW  3573     .debug_pubnames     drv_l1_cdsp.o
    0x0002b3d0   0x00000028   Dbug   RW  3576     .debug_pubnames     drv_l1_cdsp.o
    0x0002b3f8   0x0000002c   Dbug   RW  3579     .debug_pubnames     drv_l1_cdsp.o
    0x0002b424   0x00000028   Dbug   RW  3582     .debug_pubnames     drv_l1_cdsp.o
    0x0002b44c   0x00000028   Dbug   RW  3585     .debug_pubnames     drv_l1_cdsp.o
    0x0002b474   0x0000002c   Dbug   RW  3588     .debug_pubnames     drv_l1_cdsp.o
    0x0002b4a0   0x00000030   Dbug   RW  3591     .debug_pubnames     drv_l1_cdsp.o
    0x0002b4d0   0x00000030   Dbug   RW  3594     .debug_pubnames     drv_l1_cdsp.o
    0x0002b500   0x00000028   Dbug   RW  3597     .debug_pubnames     drv_l1_cdsp.o
    0x0002b528   0x0000002c   Dbug   RW  3600     .debug_pubnames     drv_l1_cdsp.o
    0x0002b554   0x00000028   Dbug   RW  3603     .debug_pubnames     drv_l1_cdsp.o
    0x0002b57c   0x00000028   Dbug   RW  3606     .debug_pubnames     drv_l1_cdsp.o
    0x0002b5a4   0x0000002c   Dbug   RW  3609     .debug_pubnames     drv_l1_cdsp.o
    0x0002b5d0   0x0000002c   Dbug   RW  3612     .debug_pubnames     drv_l1_cdsp.o
    0x0002b5fc   0x00000028   Dbug   RW  3615     .debug_pubnames     drv_l1_cdsp.o
    0x0002b624   0x00000028   Dbug   RW  3618     .debug_pubnames     drv_l1_cdsp.o
    0x0002b64c   0x0000002c   Dbug   RW  3621     .debug_pubnames     drv_l1_cdsp.o
    0x0002b678   0x0000002c   Dbug   RW  3624     .debug_pubnames     drv_l1_cdsp.o
    0x0002b6a4   0x00000024   Dbug   RW  3627     .debug_pubnames     drv_l1_cdsp.o
    0x0002b6c8   0x0000002c   Dbug   RW  3630     .debug_pubnames     drv_l1_cdsp.o
    0x0002b6f4   0x0000002c   Dbug   RW  3633     .debug_pubnames     drv_l1_cdsp.o
    0x0002b720   0x00000028   Dbug   RW  3636     .debug_pubnames     drv_l1_cdsp.o
    0x0002b748   0x00000028   Dbug   RW  3639     .debug_pubnames     drv_l1_cdsp.o
    0x0002b770   0x00000020   Dbug   RW  3642     .debug_pubnames     drv_l1_cdsp.o
    0x0002b790   0x00000020   Dbug   RW  3645     .debug_pubnames     drv_l1_cdsp.o
    0x0002b7b0   0x00000020   Dbug   RW  3648     .debug_pubnames     drv_l1_cdsp.o
    0x0002b7d0   0x00000020   Dbug   RW  3651     .debug_pubnames     drv_l1_cdsp.o
    0x0002b7f0   0x00000034   Dbug   RW  3654     .debug_pubnames     drv_l1_cdsp.o
    0x0002b824   0x00000024   Dbug   RW  3657     .debug_pubnames     drv_l1_cdsp.o
    0x0002b848   0x00000024   Dbug   RW  3660     .debug_pubnames     drv_l1_cdsp.o
    0x0002b86c   0x00000024   Dbug   RW  3663     .debug_pubnames     drv_l1_cdsp.o
    0x0002b890   0x00000030   Dbug   RW  3666     .debug_pubnames     drv_l1_cdsp.o
    0x0002b8c0   0x0000002c   Dbug   RW  3669     .debug_pubnames     drv_l1_cdsp.o
    0x0002b8ec   0x0000002c   Dbug   RW  3672     .debug_pubnames     drv_l1_cdsp.o
    0x0002b918   0x0000002c   Dbug   RW  3675     .debug_pubnames     drv_l1_cdsp.o
    0x0002b944   0x0000002c   Dbug   RW  3678     .debug_pubnames     drv_l1_cdsp.o
    0x0002b970   0x00000028   Dbug   RW  3681     .debug_pubnames     drv_l1_cdsp.o
    0x0002b998   0x00000028   Dbug   RW  3684     .debug_pubnames     drv_l1_cdsp.o
    0x0002b9c0   0x0000002c   Dbug   RW  3687     .debug_pubnames     drv_l1_cdsp.o
    0x0002b9ec   0x0000002c   Dbug   RW  3690     .debug_pubnames     drv_l1_cdsp.o
    0x0002ba18   0x0000002c   Dbug   RW  3693     .debug_pubnames     drv_l1_cdsp.o
    0x0002ba44   0x0000002c   Dbug   RW  3696     .debug_pubnames     drv_l1_cdsp.o
    0x0002ba70   0x0000002c   Dbug   RW  3699     .debug_pubnames     drv_l1_cdsp.o
    0x0002ba9c   0x00000028   Dbug   RW  3702     .debug_pubnames     drv_l1_cdsp.o
    0x0002bac4   0x0000002c   Dbug   RW  3705     .debug_pubnames     drv_l1_cdsp.o
    0x0002baf0   0x00000030   Dbug   RW  3708     .debug_pubnames     drv_l1_cdsp.o
    0x0002bb20   0x00000028   Dbug   RW  3711     .debug_pubnames     drv_l1_cdsp.o
    0x0002bb48   0x0000002c   Dbug   RW  3714     .debug_pubnames     drv_l1_cdsp.o
    0x0002bb74   0x0000002c   Dbug   RW  3717     .debug_pubnames     drv_l1_cdsp.o
    0x0002bba0   0x0000002c   Dbug   RW  3720     .debug_pubnames     drv_l1_cdsp.o
    0x0002bbcc   0x0000002c   Dbug   RW  3723     .debug_pubnames     drv_l1_cdsp.o
    0x0002bbf8   0x00000028   Dbug   RW  3726     .debug_pubnames     drv_l1_cdsp.o
    0x0002bc20   0x0000002c   Dbug   RW  3729     .debug_pubnames     drv_l1_cdsp.o
    0x0002bc4c   0x0000002c   Dbug   RW  3732     .debug_pubnames     drv_l1_cdsp.o
    0x0002bc78   0x00000030   Dbug   RW  3735     .debug_pubnames     drv_l1_cdsp.o
    0x0002bca8   0x00000030   Dbug   RW  3738     .debug_pubnames     drv_l1_cdsp.o
    0x0002bcd8   0x0000002c   Dbug   RW  3741     .debug_pubnames     drv_l1_cdsp.o
    0x0002bd04   0x00000030   Dbug   RW  3744     .debug_pubnames     drv_l1_cdsp.o
    0x0002bd34   0x0000002c   Dbug   RW  3747     .debug_pubnames     drv_l1_cdsp.o
    0x0002bd60   0x0000002c   Dbug   RW  3750     .debug_pubnames     drv_l1_cdsp.o
    0x0002bd8c   0x00000030   Dbug   RW  3753     .debug_pubnames     drv_l1_cdsp.o
    0x0002bdbc   0x0000002c   Dbug   RW  3756     .debug_pubnames     drv_l1_cdsp.o
    0x0002bde8   0x0000002c   Dbug   RW  3759     .debug_pubnames     drv_l1_cdsp.o
    0x0002be14   0x0000002c   Dbug   RW  3762     .debug_pubnames     drv_l1_cdsp.o
    0x0002be40   0x00000030   Dbug   RW  3765     .debug_pubnames     drv_l1_cdsp.o
    0x0002be70   0x00000034   Dbug   RW  3768     .debug_pubnames     drv_l1_cdsp.o
    0x0002bea4   0x00000030   Dbug   RW  3771     .debug_pubnames     drv_l1_cdsp.o
    0x0002bed4   0x0000002c   Dbug   RW  3774     .debug_pubnames     drv_l1_cdsp.o
    0x0002bf00   0x00000030   Dbug   RW  3777     .debug_pubnames     drv_l1_cdsp.o
    0x0002bf30   0x0000002c   Dbug   RW  3780     .debug_pubnames     drv_l1_cdsp.o
    0x0002bf5c   0x0000002c   Dbug   RW  3783     .debug_pubnames     drv_l1_cdsp.o
    0x0002bf88   0x0000002c   Dbug   RW  3786     .debug_pubnames     drv_l1_cdsp.o
    0x0002bfb4   0x00000030   Dbug   RW  3789     .debug_pubnames     drv_l1_cdsp.o
    0x0002bfe4   0x0000002c   Dbug   RW  3792     .debug_pubnames     drv_l1_cdsp.o
    0x0002c010   0x00000028   Dbug   RW  3795     .debug_pubnames     drv_l1_cdsp.o
    0x0002c038   0x00000028   Dbug   RW  3798     .debug_pubnames     drv_l1_cdsp.o
    0x0002c060   0x00000028   Dbug   RW  3801     .debug_pubnames     drv_l1_cdsp.o
    0x0002c088   0x00000028   Dbug   RW  3804     .debug_pubnames     drv_l1_cdsp.o
    0x0002c0b0   0x0000002c   Dbug   RW  3807     .debug_pubnames     drv_l1_cdsp.o
    0x0002c0dc   0x00000034   Dbug   RW  3810     .debug_pubnames     drv_l1_cdsp.o
    0x0002c110   0x00000028   Dbug   RW  3813     .debug_pubnames     drv_l1_cdsp.o
    0x0002c138   0x0000002c   Dbug   RW  3816     .debug_pubnames     drv_l1_cdsp.o
    0x0002c164   0x0000002c   Dbug   RW  3819     .debug_pubnames     drv_l1_cdsp.o
    0x0002c190   0x00000030   Dbug   RW  3822     .debug_pubnames     drv_l1_cdsp.o
    0x0002c1c0   0x00000034   Dbug   RW  3825     .debug_pubnames     drv_l1_cdsp.o
    0x0002c1f4   0x00000030   Dbug   RW  3828     .debug_pubnames     drv_l1_cdsp.o
    0x0002c224   0x00000030   Dbug   RW  3831     .debug_pubnames     drv_l1_cdsp.o
    0x0002c254   0x00000028   Dbug   RW  3834     .debug_pubnames     drv_l1_cdsp.o
    0x0002c27c   0x0000002c   Dbug   RW  3837     .debug_pubnames     drv_l1_cdsp.o
    0x0002c2a8   0x0000002c   Dbug   RW  3840     .debug_pubnames     drv_l1_cdsp.o
    0x0002c2d4   0x00000030   Dbug   RW  3843     .debug_pubnames     drv_l1_cdsp.o
    0x0002c304   0x00000030   Dbug   RW  3846     .debug_pubnames     drv_l1_cdsp.o
    0x0002c334   0x0000002c   Dbug   RW  3849     .debug_pubnames     drv_l1_cdsp.o
    0x0002c360   0x0000002c   Dbug   RW  3852     .debug_pubnames     drv_l1_cdsp.o
    0x0002c38c   0x0000002c   Dbug   RW  3855     .debug_pubnames     drv_l1_cdsp.o
    0x0002c3b8   0x00000028   Dbug   RW  3858     .debug_pubnames     drv_l1_cdsp.o
    0x0002c3e0   0x00000030   Dbug   RW  3861     .debug_pubnames     drv_l1_cdsp.o
    0x0002c410   0x0000002c   Dbug   RW  3864     .debug_pubnames     drv_l1_cdsp.o
    0x0002c43c   0x0000002c   Dbug   RW  3867     .debug_pubnames     drv_l1_cdsp.o
    0x0002c468   0x0000002c   Dbug   RW  3870     .debug_pubnames     drv_l1_cdsp.o
    0x0002c494   0x00000028   Dbug   RW  3873     .debug_pubnames     drv_l1_cdsp.o
    0x0002c4bc   0x00000028   Dbug   RW  3876     .debug_pubnames     drv_l1_cdsp.o
    0x0002c4e4   0x00000028   Dbug   RW  3879     .debug_pubnames     drv_l1_cdsp.o
    0x0002c50c   0x00000028   Dbug   RW  3882     .debug_pubnames     drv_l1_cdsp.o
    0x0002c534   0x00000028   Dbug   RW  3885     .debug_pubnames     drv_l1_cdsp.o
    0x0002c55c   0x00000028   Dbug   RW  3888     .debug_pubnames     drv_l1_cdsp.o
    0x0002c584   0x00000024   Dbug   RW  3891     .debug_pubnames     drv_l1_cdsp.o
    0x0002c5a8   0x00000028   Dbug   RW  3894     .debug_pubnames     drv_l1_cdsp.o
    0x0002c5d0   0x00000028   Dbug   RW  3897     .debug_pubnames     drv_l1_cdsp.o
    0x0002c5f8   0x0000002c   Dbug   RW  3900     .debug_pubnames     drv_l1_cdsp.o
    0x0002c624   0x0000002c   Dbug   RW  3903     .debug_pubnames     drv_l1_cdsp.o
    0x0002c650   0x0000002c   Dbug   RW  3906     .debug_pubnames     drv_l1_cdsp.o
    0x0002c67c   0x00000028   Dbug   RW  3909     .debug_pubnames     drv_l1_cdsp.o
    0x0002c6a4   0x00000028   Dbug   RW  3912     .debug_pubnames     drv_l1_cdsp.o
    0x0002c6cc   0x00000028   Dbug   RW  3915     .debug_pubnames     drv_l1_cdsp.o
    0x0002c6f4   0x00000030   Dbug   RW  3918     .debug_pubnames     drv_l1_cdsp.o
    0x0002c724   0x0000002c   Dbug   RW  3921     .debug_pubnames     drv_l1_cdsp.o
    0x0002c750   0x00000028   Dbug   RW  3924     .debug_pubnames     drv_l1_cdsp.o
    0x0002c778   0x0000002c   Dbug   RW  3927     .debug_pubnames     drv_l1_cdsp.o
    0x0002c7a4   0x00000028   Dbug   RW  3930     .debug_pubnames     drv_l1_cdsp.o
    0x0002c7cc   0x0000002c   Dbug   RW  3933     .debug_pubnames     drv_l1_cdsp.o
    0x0002c7f8   0x00000028   Dbug   RW  3936     .debug_pubnames     drv_l1_cdsp.o
    0x0002c820   0x00000028   Dbug   RW  3939     .debug_pubnames     drv_l1_cdsp.o
    0x0002c848   0x00000030   Dbug   RW  3942     .debug_pubnames     drv_l1_cdsp.o
    0x0002c878   0x0000002c   Dbug   RW  3945     .debug_pubnames     drv_l1_cdsp.o
    0x0002c8a4   0x00000028   Dbug   RW  3948     .debug_pubnames     drv_l1_cdsp.o
    0x0002c8cc   0x00000028   Dbug   RW  3951     .debug_pubnames     drv_l1_cdsp.o
    0x0002c8f4   0x0000002c   Dbug   RW  3954     .debug_pubnames     drv_l1_cdsp.o
    0x0002c920   0x0000002c   Dbug   RW  3957     .debug_pubnames     drv_l1_cdsp.o
    0x0002c94c   0x0000002c   Dbug   RW  3960     .debug_pubnames     drv_l1_cdsp.o
    0x0002c978   0x0000002c   Dbug   RW  3963     .debug_pubnames     drv_l1_cdsp.o
    0x0002c9a4   0x00000024   Dbug   RW  3966     .debug_pubnames     drv_l1_cdsp.o
    0x0002c9c8   0x00000028   Dbug   RW  3969     .debug_pubnames     drv_l1_cdsp.o
    0x0002c9f0   0x0000002c   Dbug   RW  3972     .debug_pubnames     drv_l1_cdsp.o
    0x0002ca1c   0x0000002c   Dbug   RW  3975     .debug_pubnames     drv_l1_cdsp.o
    0x0002ca48   0x00000030   Dbug   RW  3978     .debug_pubnames     drv_l1_cdsp.o
    0x0002ca78   0x0000002c   Dbug   RW  3981     .debug_pubnames     drv_l1_cdsp.o
    0x0002caa4   0x00000028   Dbug   RW  3984     .debug_pubnames     drv_l1_cdsp.o
    0x0002cacc   0x00000024   Dbug   RW  3987     .debug_pubnames     drv_l1_cdsp.o
    0x0002caf0   0x00000034   Dbug   RW  3990     .debug_pubnames     drv_l1_cdsp.o
    0x0002cb24   0x0000002c   Dbug   RW  3993     .debug_pubnames     drv_l1_cdsp.o
    0x0002cb50   0x00000030   Dbug   RW  3996     .debug_pubnames     drv_l1_cdsp.o
    0x0002cb80   0x0000002c   Dbug   RW  3999     .debug_pubnames     drv_l1_cdsp.o
    0x0002cbac   0x0000002c   Dbug   RW  4002     .debug_pubnames     drv_l1_cdsp.o
    0x0002cbd8   0x0000002c   Dbug   RW  4005     .debug_pubnames     drv_l1_cdsp.o
    0x0002cc04   0x0000002c   Dbug   RW  4008     .debug_pubnames     drv_l1_cdsp.o
    0x0002cc30   0x0000002c   Dbug   RW  4011     .debug_pubnames     drv_l1_cdsp.o
    0x0002cc5c   0x0000002c   Dbug   RW  4014     .debug_pubnames     drv_l1_cdsp.o
    0x0002cc88   0x0000002c   Dbug   RW  4017     .debug_pubnames     drv_l1_cdsp.o
    0x0002ccb4   0x0000002c   Dbug   RW  4020     .debug_pubnames     drv_l1_cdsp.o
    0x0002cce0   0x00000030   Dbug   RW  4023     .debug_pubnames     drv_l1_cdsp.o
    0x0002cd10   0x00000030   Dbug   RW  4026     .debug_pubnames     drv_l1_cdsp.o
    0x0002cd40   0x00000038   Dbug   RW  4029     .debug_pubnames     drv_l1_cdsp.o
    0x0002cd78   0x00000030   Dbug   RW  4032     .debug_pubnames     drv_l1_cdsp.o
    0x0002cda8   0x0000002c   Dbug   RW  4035     .debug_pubnames     drv_l1_cdsp.o
    0x0002cdd4   0x0000002c   Dbug   RW  4038     .debug_pubnames     drv_l1_cdsp.o
    0x0002ce00   0x00000030   Dbug   RW  4041     .debug_pubnames     drv_l1_cdsp.o
    0x0002ce30   0x00000030   Dbug   RW  4044     .debug_pubnames     drv_l1_cdsp.o
    0x0002ce60   0x00000030   Dbug   RW  4047     .debug_pubnames     drv_l1_cdsp.o
    0x0002ce90   0x00000030   Dbug   RW  4050     .debug_pubnames     drv_l1_cdsp.o
    0x0002cec0   0x0000002c   Dbug   RW  4053     .debug_pubnames     drv_l1_cdsp.o
    0x0002ceec   0x00000030   Dbug   RW  4056     .debug_pubnames     drv_l1_cdsp.o
    0x0002cf1c   0x0000002c   Dbug   RW  4059     .debug_pubnames     drv_l1_cdsp.o
    0x0002cf48   0x00000020   Dbug   RW  4062     .debug_pubnames     drv_l1_cdsp.o
    0x0002cf68   0x00000028   Dbug   RW  4065     .debug_pubnames     drv_l1_cdsp.o
    0x0002cf90   0x00000028   Dbug   RW  4068     .debug_pubnames     drv_l1_cdsp.o
    0x0002cfb8   0x000000d4   Dbug   RW  4071     .debug_pubnames     drv_l1_cdsp.o
    0x0002d08c   0x000012e0   Dbug   RW  4075     .debug_pubnames     drv_l1_cdsp.o
    0x0002e36c   0x00000024   Dbug   RW  4083     .debug_pubnames     drv_l1_front.o
    0x0002e390   0x0000002c   Dbug   RW  4086     .debug_pubnames     drv_l1_front.o
    0x0002e3bc   0x0000002c   Dbug   RW  4089     .debug_pubnames     drv_l1_front.o
    0x0002e3e8   0x0000002c   Dbug   RW  4092     .debug_pubnames     drv_l1_front.o
    0x0002e414   0x00000030   Dbug   RW  4095     .debug_pubnames     drv_l1_front.o
    0x0002e444   0x00000030   Dbug   RW  4098     .debug_pubnames     drv_l1_front.o
    0x0002e474   0x00000030   Dbug   RW  4101     .debug_pubnames     drv_l1_front.o
    0x0002e4a4   0x00000028   Dbug   RW  4104     .debug_pubnames     drv_l1_front.o
    0x0002e4cc   0x00000028   Dbug   RW  4107     .debug_pubnames     drv_l1_front.o
    0x0002e4f4   0x0000002c   Dbug   RW  4110     .debug_pubnames     drv_l1_front.o
    0x0002e520   0x00000028   Dbug   RW  4113     .debug_pubnames     drv_l1_front.o
    0x0002e548   0x0000002c   Dbug   RW  4116     .debug_pubnames     drv_l1_front.o
    0x0002e574   0x00000028   Dbug   RW  4119     .debug_pubnames     drv_l1_front.o
    0x0002e59c   0x0000002c   Dbug   RW  4122     .debug_pubnames     drv_l1_front.o
    0x0002e5c8   0x00000028   Dbug   RW  4125     .debug_pubnames     drv_l1_front.o
    0x0002e5f0   0x00000028   Dbug   RW  4128     .debug_pubnames     drv_l1_front.o
    0x0002e618   0x0000002c   Dbug   RW  4131     .debug_pubnames     drv_l1_front.o
    0x0002e644   0x00000028   Dbug   RW  4134     .debug_pubnames     drv_l1_front.o
    0x0002e66c   0x0000002c   Dbug   RW  4137     .debug_pubnames     drv_l1_front.o
    0x0002e698   0x0000002c   Dbug   RW  4140     .debug_pubnames     drv_l1_front.o
    0x0002e6c4   0x00000030   Dbug   RW  4143     .debug_pubnames     drv_l1_front.o
    0x0002e6f4   0x00000030   Dbug   RW  4146     .debug_pubnames     drv_l1_front.o
    0x0002e724   0x0000002c   Dbug   RW  4149     .debug_pubnames     drv_l1_front.o
    0x0002e750   0x00000030   Dbug   RW  4152     .debug_pubnames     drv_l1_front.o
    0x0002e780   0x00000030   Dbug   RW  4155     .debug_pubnames     drv_l1_front.o
    0x0002e7b0   0x00000294   Dbug   RW  4161     .debug_pubnames     drv_l1_front.o
    0x0002ea44   0x000001ac   Dbug   RW  4166     .debug_pubnames     drv_l1_front.o
    0x0002ebf0   0x00000028   Dbug   RW  4172     .debug_pubnames     drv_l2_cdsp.o
    0x0002ec18   0x0000002c   Dbug   RW  4175     .debug_pubnames     drv_l2_cdsp.o
    0x0002ec44   0x0000002c   Dbug   RW  4178     .debug_pubnames     drv_l2_cdsp.o
    0x0002ec70   0x00000028   Dbug   RW  4181     .debug_pubnames     drv_l2_cdsp.o
    0x0002ec98   0x00000028   Dbug   RW  4184     .debug_pubnames     drv_l2_cdsp.o
    0x0002ecc0   0x00000028   Dbug   RW  4187     .debug_pubnames     drv_l2_cdsp.o
    0x0002ece8   0x0000002c   Dbug   RW  4190     .debug_pubnames     drv_l2_cdsp.o
    0x0002ed14   0x0000002c   Dbug   RW  4193     .debug_pubnames     drv_l2_cdsp.o
    0x0002ed40   0x0000002c   Dbug   RW  4196     .debug_pubnames     drv_l2_cdsp.o
    0x0002ed6c   0x00000028   Dbug   RW  4199     .debug_pubnames     drv_l2_cdsp.o
    0x0002ed94   0x0000002c   Dbug   RW  4202     .debug_pubnames     drv_l2_cdsp.o
    0x0002edc0   0x00000038   Dbug   RW  4205     .debug_pubnames     drv_l2_cdsp.o
    0x0002edf8   0x00000024   Dbug   RW  4208     .debug_pubnames     drv_l2_cdsp.o
    0x0002ee1c   0x0000002c   Dbug   RW  4211     .debug_pubnames     drv_l2_cdsp.o
    0x0002ee48   0x0000002c   Dbug   RW  4214     .debug_pubnames     drv_l2_cdsp.o
    0x0002ee74   0x0000002c   Dbug   RW  4217     .debug_pubnames     drv_l2_cdsp.o
    0x0002eea0   0x00000024   Dbug   RW  4220     .debug_pubnames     drv_l2_cdsp.o
    0x0002eec4   0x00000028   Dbug   RW  4223     .debug_pubnames     drv_l2_cdsp.o
    0x0002eeec   0x0000002c   Dbug   RW  4226     .debug_pubnames     drv_l2_cdsp.o
    0x0002ef18   0x00000028   Dbug   RW  4229     .debug_pubnames     drv_l2_cdsp.o
    0x0002ef40   0x00000030   Dbug   RW  4232     .debug_pubnames     drv_l2_cdsp.o
    0x0002ef70   0x00000024   Dbug   RW  4235     .debug_pubnames     drv_l2_cdsp.o
    0x0002ef94   0x00000030   Dbug   RW  4238     .debug_pubnames     drv_l2_cdsp.o
    0x0002efc4   0x00000208   Dbug   RW  4241     .debug_pubnames     drv_l2_cdsp.o
    0x0002f1cc   0x00000478   Dbug   RW  4245     .debug_pubnames     drv_l2_cdsp.o
    0x0002f644   0x00000070   Dbug   RW  4264     .debug_pubnames     sensor_isp_table.o
    0x0002f6b4   0x00000020   Dbug   RW  4277     .debug_pubnames     drv_l1_gsensor.o
    0x0002f6d4   0x00000020   Dbug   RW  4280     .debug_pubnames     drv_l1_gsensor.o
    0x0002f6f4   0x00000020   Dbug   RW  4283     .debug_pubnames     drv_l1_gsensor.o
    0x0002f714   0x00000024   Dbug   RW  4286     .debug_pubnames     drv_l1_gsensor.o
    0x0002f738   0x00000028   Dbug   RW  4289     .debug_pubnames     drv_l1_gsensor.o
    0x0002f760   0x00000024   Dbug   RW  4292     .debug_pubnames     drv_l1_gsensor.o
    0x0002f784   0x00000028   Dbug   RW  4295     .debug_pubnames     drv_l1_gsensor.o
    0x0002f7ac   0x00000024   Dbug   RW  4298     .debug_pubnames     drv_l1_gsensor.o
    0x0002f7d0   0x00000024   Dbug   RW  4301     .debug_pubnames     drv_l1_gsensor.o
    0x0002f7f4   0x00000038   Dbug   RW  4304     .debug_pubnames     drv_l1_gsensor.o
    0x0002f82c   0x00000038   Dbug   RW  4307     .debug_pubnames     drv_l1_gsensor.o
    0x0002f864   0x00000030   Dbug   RW  4310     .debug_pubnames     drv_l1_gsensor.o
    0x0002f894   0x00000030   Dbug   RW  4313     .debug_pubnames     drv_l1_gsensor.o
    0x0002f8c4   0x00000030   Dbug   RW  4316     .debug_pubnames     drv_l1_gsensor.o
    0x0002f8f4   0x0000003c   Dbug   RW  4319     .debug_pubnames     drv_l1_gsensor.o
    0x0002f930   0x00000024   Dbug   RW  4322     .debug_pubnames     drv_l1_gsensor.o
    0x0002f954   0x00000030   Dbug   RW  4325     .debug_pubnames     drv_l1_gsensor.o
    0x0002f984   0x0000002c   Dbug   RW  4328     .debug_pubnames     drv_l1_gsensor.o
    0x0002f9b0   0x0000002c   Dbug   RW  4331     .debug_pubnames     drv_l1_gsensor.o
    0x0002f9dc   0x00000038   Dbug   RW  4334     .debug_pubnames     drv_l1_gsensor.o
    0x0002fa14   0x00000274   Dbug   RW  4338     .debug_pubnames     drv_l1_gsensor.o
    0x0002fc88   0x00000020   Dbug   RW  4355     .debug_pubnames     spi_flash_disk.o
    0x0002fca8   0x00000034   Dbug   RW  4358     .debug_pubnames     spi_flash_disk.o
    0x0002fcdc   0x0000007c   Dbug   RW  4365     .debug_pubnames     spi_flash_disk.o
    0x0002fd58   0x0000001c   Dbug   RW  4369     .debug_pubnames     spi_flash_disk.o
    0x0002fd74   0x0000001c   Dbug   RW  4373     .debug_pubnames     spi_flash_disk.o
    0x0002fd90   0x0000002c   Dbug   RW  4377     .debug_pubnames     spi_flash_disk.o
    0x0002fdbc   0x00000068   Dbug   RW  4385     .debug_pubnames     spi_flash_disk.o
    0x0002fe24   0x0000009c   Dbug   RW  4389     .debug_pubnames     spi_flash_disk.o
    0x0002fec0   0x00000020   Dbug   RW  4393     .debug_pubnames     spi_flash_disk.o
    0x0002fee0   0x00000030   Dbug   RW  4424     .debug_pubnames     drv_struct.o
    0x0002ff10   0x00000030   Dbug   RW  4430     .debug_pubnames     fs_drv_manager.o
    0x0002ff40   0x00000034   Dbug   RW  4433     .debug_pubnames     fs_drv_manager.o
    0x0002ff74   0x00000034   Dbug   RW  4436     .debug_pubnames     fs_drv_manager.o
    0x0002ffa8   0x00000030   Dbug   RW  4439     .debug_pubnames     fs_drv_manager.o
    0x0002ffd8   0x00000030   Dbug   RW  4442     .debug_pubnames     fs_drv_manager.o
    0x00030008   0x00000034   Dbug   RW  4445     .debug_pubnames     fs_drv_manager.o
    0x0003003c   0x00000048   Dbug   RW  4448     .debug_pubnames     fs_drv_manager.o
    0x00030084   0x000000cc   Dbug   RW  4452     .debug_pubnames     fs_drv_manager.o
    0x00030150   0x00000034   Dbug   RW  4460     .debug_pubnames     sd.o
    0x00030184   0x00000024   Dbug   RW  4463     .debug_pubnames     sd.o
    0x000301a8   0x00000024   Dbug   RW  4466     .debug_pubnames     sd.o
    0x000301cc   0x00000024   Dbug   RW  4469     .debug_pubnames     sd.o
    0x000301f0   0x00000024   Dbug   RW  4472     .debug_pubnames     sd.o
    0x00030214   0x00000028   Dbug   RW  4475     .debug_pubnames     sd.o
    0x0003023c   0x00000020   Dbug   RW  4478     .debug_pubnames     sd.o
    0x0003025c   0x00000024   Dbug   RW  4481     .debug_pubnames     sd.o
    0x00030280   0x00000028   Dbug   RW  4484     .debug_pubnames     sd.o
    0x000302a8   0x00000024   Dbug   RW  4487     .debug_pubnames     sd.o
    0x000302cc   0x000000d8   Dbug   RW  4490     .debug_pubnames     sd.o
    0x000303a4   0x00000120   Dbug   RW  4494     .debug_pubnames     sd.o
    0x000304c4   0x00000024   Dbug   RW  4520     .debug_pubnames     fs_os.o
    0x000304e8   0x00000024   Dbug   RW  4523     .debug_pubnames     fs_os.o
    0x0003050c   0x00000024   Dbug   RW  4526     .debug_pubnames     fs_os.o
    0x00030530   0x00000024   Dbug   RW  4529     .debug_pubnames     fs_os.o
    0x00030554   0x0000002c   Dbug   RW  4532     .debug_pubnames     fs_os.o
    0x00030580   0x0000002c   Dbug   RW  4535     .debug_pubnames     fs_os.o
    0x000305ac   0x00000024   Dbug   RW  4538     .debug_pubnames     fs_os.o
    0x000305d0   0x00000024   Dbug   RW  4541     .debug_pubnames     fs_os.o
    0x000305f4   0x000000a8   Dbug   RW  4547     .debug_pubnames     fs_os.o
    0x0003069c   0x00000344   Dbug   RW  4551     .debug_pubnames     fs_os.o
    0x000309e0   0x00000110   Dbug   RW  4572     .debug_pubnames     fsglobalvar.o
    0x00030af0   0x00000344   Dbug   RW  4575     .debug_pubnames     fsglobalvar.o
    0x00030e34   0x00000020   Dbug   RW  4579     .debug_pubnames     swap_byte.o
    0x00030e54   0x00000020   Dbug   RW  4582     .debug_pubnames     swap_byte.o
    0x00030e74   0x00000020   Dbug   RW  4585     .debug_pubnames     swap_byte.o
    0x00030e94   0x00000020   Dbug   RW  4588     .debug_pubnames     swap_byte.o
    0x00030eb4   0x00000028   Dbug   RW  4591     .debug_pubnames     swap_byte.o
    0x00030edc   0x00000058   Dbug   RW  4597     .debug_pubnames     swap_byte.o
    0x00030f34   0x0000002c   Dbug   RW  4610     .debug_pubnames     sensor_gc1004.o
    0x00030f60   0x00000034   Dbug   RW  4613     .debug_pubnames     sensor_gc1004.o
    0x00030f94   0x00000030   Dbug   RW  4616     .debug_pubnames     sensor_gc1004.o
    0x00030fc4   0x00000030   Dbug   RW  4619     .debug_pubnames     sensor_gc1004.o
    0x00030ff4   0x00000030   Dbug   RW  4622     .debug_pubnames     sensor_gc1004.o
    0x00031024   0x0000002c   Dbug   RW  4625     .debug_pubnames     sensor_gc1004.o
    0x00031050   0x00000034   Dbug   RW  4628     .debug_pubnames     sensor_gc1004.o
    0x00031084   0x00000030   Dbug   RW  4631     .debug_pubnames     sensor_gc1004.o
    0x000310b4   0x00000028   Dbug   RW  4634     .debug_pubnames     sensor_gc1004.o
    0x000310dc   0x00000030   Dbug   RW  4637     .debug_pubnames     sensor_gc1004.o
    0x0003110c   0x00000030   Dbug   RW  4640     .debug_pubnames     sensor_gc1004.o
    0x0003113c   0x00000024   Dbug   RW  4643     .debug_pubnames     sensor_gc1004.o
    0x00031160   0x000000c0   Dbug   RW  4646     .debug_pubnames     sensor_gc1004.o
    0x00031220   0x000001c8   Dbug   RW  4650     .debug_pubnames     sensor_gc1004.o
    0x000313e8   0x00000224   Dbug   RW  4655     .debug_pubnames     sensor_gc1004.o
    0x0003160c   0x00000024   Dbug   RW  4661     .debug_pubnames     drv_l1_ext_mode.o
    0x00031630   0x00000030   Dbug   RW  4664     .debug_pubnames     drv_l1_ext_mode.o
    0x00031660   0x00000028   Dbug   RW  4667     .debug_pubnames     drv_l1_ext_mode.o
    0x00031688   0x00000028   Dbug   RW  4670     .debug_pubnames     drv_l1_ext_mode.o
    0x000316b0   0x00000028   Dbug   RW  4673     .debug_pubnames     drv_l1_ext_mode.o
    0x000316d8   0x0000007c   Dbug   RW  4677     .debug_pubnames     drv_l1_ext_mode.o
    0x00031754   0x00001314   Dbug   RW  4681     .debug_pubnames     drv_l1_ext_mode.o
    0x00032a68   0x00000030   Dbug   RW  4687     .debug_pubnames     drv_l2_sd.o
    0x00032a98   0x00000030   Dbug   RW  4690     .debug_pubnames     drv_l2_sd.o
    0x00032ac8   0x00000030   Dbug   RW  4693     .debug_pubnames     drv_l2_sd.o
    0x00032af8   0x00000030   Dbug   RW  4696     .debug_pubnames     drv_l2_sd.o
    0x00032b28   0x00000030   Dbug   RW  4699     .debug_pubnames     drv_l2_sd.o
    0x00032b58   0x00000034   Dbug   RW  4702     .debug_pubnames     drv_l2_sd.o
    0x00032b8c   0x00000034   Dbug   RW  4705     .debug_pubnames     drv_l2_sd.o
    0x00032bc0   0x00000034   Dbug   RW  4708     .debug_pubnames     drv_l2_sd.o
    0x00032bf4   0x00000038   Dbug   RW  4711     .debug_pubnames     drv_l2_sd.o
    0x00032c2c   0x0000002c   Dbug   RW  4714     .debug_pubnames     drv_l2_sd.o
    0x00032c58   0x0000002c   Dbug   RW  4717     .debug_pubnames     drv_l2_sd.o
    0x00032c84   0x0000002c   Dbug   RW  4720     .debug_pubnames     drv_l2_sd.o
    0x00032cb0   0x0000002c   Dbug   RW  4723     .debug_pubnames     drv_l2_sd.o
    0x00032cdc   0x0000002c   Dbug   RW  4726     .debug_pubnames     drv_l2_sd.o
    0x00032d08   0x0000002c   Dbug   RW  4729     .debug_pubnames     drv_l2_sd.o
    0x00032d34   0x0000002c   Dbug   RW  4732     .debug_pubnames     drv_l2_sd.o
    0x00032d60   0x00000030   Dbug   RW  4735     .debug_pubnames     drv_l2_sd.o
    0x00032d90   0x00000128   Dbug   RW  4738     .debug_pubnames     drv_l2_sd.o
    0x00032eb8   0x0000027c   Dbug   RW  4742     .debug_pubnames     drv_l2_sd.o
    0x00033134   0x00000028   Dbug   RW  4767     .debug_pubnames     video_codec_dynamic_jpeg_Q.o
    0x0003315c   0x00000038   Dbug   RW  4774     .debug_pubnames     ap_jh_message.o
    0x00033194   0x00000034   Dbug   RW  4777     .debug_pubnames     ap_jh_message.o
    0x000331c8   0x00000030   Dbug   RW  4780     .debug_pubnames     ap_jh_message.o
    0x000331f8   0x00000040   Dbug   RW  4783     .debug_pubnames     ap_jh_message.o
    0x00033238   0x00000028   Dbug   RW  4787     .debug_pubnames     ap_jh_message.o
    0x00033260   0x00000034   Dbug   RW  4795     .debug_pubnames     avi_audio_record.o
    0x00033294   0x00000034   Dbug   RW  4798     .debug_pubnames     avi_audio_record.o
    0x000332c8   0x00000030   Dbug   RW  4801     .debug_pubnames     avi_audio_record.o
    0x000332f8   0x00000030   Dbug   RW  4804     .debug_pubnames     avi_audio_record.o
    0x00033328   0x00000030   Dbug   RW  4807     .debug_pubnames     avi_audio_record.o
    0x00033358   0x0000002c   Dbug   RW  4810     .debug_pubnames     avi_audio_record.o
    0x00033384   0x000000c0   Dbug   RW  4813     .debug_pubnames     avi_audio_record.o
    0x00033444   0x000000dc   Dbug   RW  4817     .debug_pubnames     avi_audio_record.o
    0x00033520   0x00001478   Dbug   RW  4821     .debug_pubnames     avi_audio_record.o
    0x00034998   0x000001fc   Dbug   RW  4823     .debug_pubnames     avi_audio_record.o
    0x00034b94   0x00000024   Dbug   RW  4826     .debug_pubnames     avi_audio_record.o


================================================================================

Image component sizes


      Code    RO Data    RW Data    ZI Data      Debug   

    114284       9164       1866      37684    1217468   Object Totals
    148940       6111        809      25561      39048   Library Totals

================================================================================


      Code    RO Data    RW Data    ZI Data      Debug   

    263224      15275       2675      63245    1256516   Grand Totals

================================================================================

    Total RO  Size(Code + RO Data)               278499 ( 271.97kB)
    Total RW  Size(RW Data + ZI Data)             65920 (  64.38kB)
    Total ROM Size(Code + RO Data + RW Data)     281174 ( 274.58kB)

================================================================================

