
================================================================================

Memory Map of the image

  Image Entry point : 0x00000000

  Load Region ROM_LOAD (Base: 0x00000000, Size: 0x00044ecc, Max: 0x00800000, ABSOLUTE)

    Execution Region ROM1 (Base: 0x00000000, Size: 0x00042e10, Max: 0x00800000, ABSOLUTE)

    Base Addr    Size         Type   Attr  Idx  E Section Name        Object

    0x00000000   0x000002c8   Code   RO  1226   * StartUp             startup.o
    0x000002c8   0x00000130   Code   RO     1     .text               arm.o
    0x000003f8   0x00000758   Code   RO   109     .text               drv_l1_adc.o
    0x00000b50   0x0000055c   Code   RO   215     .text               drv_l1_cache.o
    0x000010ac   0x000015e8   Code   RO   271     .text               drv_l1_dma.o
    0x00002694   0x000001f4   Code   RO   324     .text               drv_l1_ext_int.o
    0x00002888   0x00000390   Code   RO   353     .text               drv_l1_gpio.o
    0x00002c18   0x0000010c   Code   RO   396     .text               drv_l1_init.o
    0x00002d24   0x00000368   Code   RO   444     .text               drv_l1_interrupt.o
    0x0000308c   0x00000288   Code   RO   497     .text               drv_l1_mic.o
    0x00003314   0x00001034   Code   RO   545     .text               drv_l1_rtc.o
    0x00004348   0x00000634   Code   RO   622     .text               drv_l1_spi.o
    0x0000497c   0x0000023c   Code   RO   679     .text               drv_l1_sw_timer.o
    0x00004bb8   0x00000024   Code   RO   712     .text               drv_l1_sw_timer_isr.o
    0x00004bdc   0x00000158   Code   RO   726     .text               drv_l1_system.o
    0x00004d34   0x00000fec   Code   RO   948     .text               drv_l1_timer.o
    0x00005d20   0x000006d8   Code   RO  1038     .text               drv_l1_uart.o
    0x000063f8   0x000002c0   Code   RO  1170     .text               gp_stdlib.o
    0x000066b8   0x00000150   Code   RO  1206     .text               main.o
    0x00006808   0x000005d4   Code   RO  1233     .text               system_timer.o
    0x00006ddc   0x00000004   Code   RO  1266     .text               driver_l2_init.o
    0x00006de0   0x000002ec   Code   RO  1333     .text               gplib_mm_gplus.o
    0x000070cc   0x00000510   Code   RO  1378     .text               gplib_calendar.o
    0x000075dc   0x00000010   Code   RO  1413     .text               gplib_init.o
    0x000075ec   0x000000a4   Code   RO  1425     .text               gplib_print_string.o
    0x00007690   0x00000ae8   Code   RO  1453     .text               nvram.o
    0x00008178   0x000000f4   Code   RO  1518     .text               task_state_handling.o
    0x0000826c   0x00000208   Code   RO  1550     .text               task_peripheral_handling.o
    0x00008474   0x00000370   Code   RO  1588     .text               msg_manager.o
    0x000087e4   0x00000424   Code   RO  1630     .text               video_codec_callback.o
    0x00008c08   0x00000400   Code   RO  1677     .text               video_encoder.o
    0x00009008   0x000004e8   Code   RO  1740     .text               state_usb.o
    0x000094f0   0x000000f8   Code   RO  1800     .text               state_startup.o
    0x000095e8   0x00000018   Code   RO  1824     .text               ap_startup.o
    0x00009600   0x0000086c   Code   RO  1842     .text               ap_video_preview.o
    0x00009e6c   0x000006ac   Code   RO  1888     .text               state_video_preview.o
    0x0000a518   0x00000d48   Code   RO  1915     .text               ap_peripheral_handling.o
    0x0000b260   0x00001f30   Code   RO  1973     .text               ap_storage_service.o
    0x0000d190   0x00000220   Code   RO  2038     .text               task_storage_service.o
    0x0000d3b0   0x0000053c   Code   RO  2061     .text               ap_state_handling.o
    0x0000d8ec   0x00000610   Code   RO  2143     .text               ap_video_record.o
    0x0000defc   0x000007c4   Code   RO  2185     .text               state_video_record.o
    0x0000e6c0   0x00000480   Code   RO  2307     .text               drv_l1_sensor.o
    0x0000eb40   0x00000420   Code   RO  2365     .text               ap_display.o
    0x0000ef60   0x000009dc   Code   RO  2534     .text               ap_state_config.o
    0x0000f93c   0x00000030   Code   RO  2912     .text               drv_l1_dac.o
    0x0000f96c   0x000008a0   Code   RO  3049     .text               ap_usb.o
    0x0001020c   0x000011b8   Code   RO  3259     .text               my_video_codec_callback.o
    0x000113c4   0x00000338   Code   RO  3451     .text               drv_l2_sensor.o
    0x000116fc   0x00002a10   Code   RO  3481     .text               drv_l1_cdsp.o
    0x0001410c   0x0000058c   Code   RO  4079     .text               drv_l1_front.o
    0x00014698   0x0000269c   Code   RO  4166     .text               drv_l2_cdsp.o
    0x00016d34   0x00000990   Code   RO  4272     .text               drv_l1_gsensor.o
[...]
    0x000021cc   0x0000057c   Dbug   RW   200     .debug_pubnames     drv_l1_adc.o
    0x00002748   0x00000288   Dbug   RW   204     .debug_pubnames     drv_l1_adc.o
    0x000029d0   0x00000020   Dbug   RW   209     .debug_pubnames     drv_l1_adc.o
    0x000029f0   0x00000024   Dbug   RW   219     .debug_pubnames     drv_l1_cache.o
    0x00002a14   0x00000028   Dbug   RW   222     .debug_pubnames     drv_l1_cache.o
    0x00002a3c   0x00000030   Dbug   RW   225     .debug_pubnames     drv_l1_cache.o
    0x00002a6c   0x0000002c   Dbug   RW   228     .debug_pubnames     drv_l1_cache.o
    0x00002a98   0x00000028   Dbug   RW   231     .debug_pubnames     drv_l1_cache.o
    0x00002ac0   0x00000028   Dbug   RW   234     .debug_pubnames     drv_l1_cache.o
    0x00002ae8   0x0000002c   Dbug   RW   237     .debug_pubnames     drv_l1_cache.o
    0x00002b14   0x00000028   Dbug   RW   240     .debug_pubnames     drv_l1_cache.o
    0x00002b3c   0x0000002c   Dbug   RW   243     .debug_pubnames     drv_l1_cache.o
    0x00002b68   0x00000030   Dbug   RW   246     .debug_pubnames     drv_l1_cache.o
    0x00002b98   0x00000030   Dbug   RW   249     .debug_pubnames     drv_l1_cache.o
    0x00002bc8   0x00000024   Dbug   RW   252     .debug_pubnames     drv_l1_cache.o
    0x00002bec   0x00000024   Dbug   RW   255     .debug_pubnames     drv_l1_cache.o
    0x00002c10   0x00000024   Dbug   RW   258     .debug_pubnames     drv_l1_cache.o
    0x00002c34   0x00000030   Dbug   RW   261     .debug_pubnames     drv_l1_cache.o
    0x00002c64   0x00000024   Dbug   RW   264     .debug_pubnames     drv_l1_cache.o
    0x00002c88   0x0000017c   Dbug   RW   268     .debug_pubnames     drv_l1_cache.o
    0x00002e04   0x00000024   Dbug   RW   275     .debug_pubnames     drv_l1_dma.o
    0x00002e28   0x00000024   Dbug   RW   278     .debug_pubnames     drv_l1_dma.o
    0x00002e4c   0x0000002c   Dbug   RW   281     .debug_pubnames     drv_l1_dma.o
    0x00002e78   0x0000002c   Dbug   RW   284     .debug_pubnames     drv_l1_dma.o
    0x00002ea4   0x00000028   Dbug   RW   287     .debug_pubnames     drv_l1_dma.o
    0x00002ecc   0x00000028   Dbug   RW   290     .debug_pubnames     drv_l1_dma.o
    0x00002ef4   0x0000002c   Dbug   RW   293     .debug_pubnames     drv_l1_dma.o
    0x00002f20   0x00000024   Dbug   RW   296     .debug_pubnames     drv_l1_dma.o
    0x00002f44   0x00000030   Dbug   RW   299     .debug_pubnames     drv_l1_dma.o
    0x00002f74   0x00000034   Dbug   RW   302     .debug_pubnames     drv_l1_dma.o
    0x00002fa8   0x00000034   Dbug   RW   305     .debug_pubnames     drv_l1_dma.o
    0x00002fdc   0x0000002c   Dbug   RW   308     .debug_pubnames     drv_l1_dma.o
    0x00003008   0x00000028   Dbug   RW   311     .debug_pubnames     drv_l1_dma.o
    0x00003030   0x00000034   Dbug   RW   314     .debug_pubnames     drv_l1_dma.o
    0x00003064   0x000000b0   Dbug   RW   317     .debug_pubnames     drv_l1_dma.o
    0x00003114   0x00000258   Dbug   RW   321     .debug_pubnames     drv_l1_dma.o
    0x0000336c   0x0000002c   Dbug   RW   328     .debug_pubnames     drv_l1_ext_int.o
    0x00003398   0x00000024   Dbug   RW   331     .debug_pubnames     drv_l1_ext_int.o
    0x000033bc   0x00000028   Dbug   RW   334     .debug_pubnames     drv_l1_ext_int.o
    0x000033e4   0x00000028   Dbug   RW   337     .debug_pubnames     drv_l1_ext_int.o
    0x0000340c   0x0000002c   Dbug   RW   340     .debug_pubnames     drv_l1_ext_int.o
    0x00003438   0x00000048   Dbug   RW   343     .debug_pubnames     drv_l1_ext_int.o
    0x00003480   0x000000a0   Dbug   RW   347     .debug_pubnames     drv_l1_ext_int.o
    0x00003520   0x00000028   Dbug   RW   356     .debug_pubnames     drv_l1_gpio.o
    0x00003548   0x0000002c   Dbug   RW   359     .debug_pubnames     drv_l1_gpio.o
    0x00003574   0x00000020   Dbug   RW   362     .debug_pubnames     drv_l1_gpio.o
    0x00003594   0x00000024   Dbug   RW   365     .debug_pubnames     drv_l1_gpio.o
    0x000035b8   0x00000024   Dbug   RW   368     .debug_pubnames     drv_l1_gpio.o
    0x000035dc   0x00000024   Dbug   RW   371     .debug_pubnames     drv_l1_gpio.o
    0x00003600   0x00000030   Dbug   RW   374     .debug_pubnames     drv_l1_gpio.o
    0x00003630   0x00000024   Dbug   RW   377     .debug_pubnames     drv_l1_gpio.o
    0x00003654   0x00000028   Dbug   RW   380     .debug_pubnames     drv_l1_gpio.o
    0x0000367c   0x00000104   Dbug   RW   386     .debug_pubnames     drv_l1_gpio.o
    0x00003780   0x00000024   Dbug   RW   399     .debug_pubnames     drv_l1_init.o
    0x000037a4   0x00000024   Dbug   RW   405     .debug_pubnames     drv_l1_init.o
    0x000037c8   0x0000015c   Dbug   RW   413     .debug_pubnames     drv_l1_init.o
    0x00003924   0x00000284   Dbug   RW   420     .debug_pubnames     drv_l1_init.o
    0x00003ba8   0x00000840   Dbug   RW   424     .debug_pubnames     drv_l1_init.o
    0x000043e8   0x00000344   Dbug   RW   434     .debug_pubnames     drv_l1_init.o
    0x0000472c   0x000001a0   Dbug   RW   438     .debug_pubnames     drv_l1_init.o
    0x000048cc   0x000000dc   Dbug   RW   442     .debug_pubnames     drv_l1_init.o
    0x000049a8   0x0000002c   Dbug   RW   448     .debug_pubnames     drv_l1_interrupt.o
    0x000049d4   0x00000030   Dbug   RW   451     .debug_pubnames     drv_l1_interrupt.o
    0x00004a04   0x00000028   Dbug   RW   454     .debug_pubnames     drv_l1_interrupt.o
    0x00004a2c   0x0000002c   Dbug   RW   457     .debug_pubnames     drv_l1_interrupt.o
    0x00004a58   0x00000028   Dbug   RW   460     .debug_pubnames     drv_l1_interrupt.o
    0x00004a80   0x00000028   Dbug   RW   463     .debug_pubnames     drv_l1_interrupt.o
    0x00004aa8   0x00000028   Dbug   RW   466     .debug_pubnames     drv_l1_interrupt.o
    0x00004ad0   0x0000002c   Dbug   RW   469     .debug_pubnames     drv_l1_interrupt.o
    0x00004afc   0x00000028   Dbug   RW   472     .debug_pubnames     drv_l1_interrupt.o
    0x00004b24   0x00000028   Dbug   RW   475     .debug_pubnames     drv_l1_interrupt.o
    0x00004b4c   0x00000028   Dbug   RW   478     .debug_pubnames     drv_l1_interrupt.o
    0x00004b74   0x00000028   Dbug   RW   481     .debug_pubnames     drv_l1_interrupt.o
    0x00004b9c   0x00000020   Dbug   RW   484     .debug_pubnames     drv_l1_interrupt.o
    0x00004bbc   0x0000002c   Dbug   RW   487     .debug_pubnames     drv_l1_interrupt.o
    0x00004be8   0x00000120   Dbug   RW   491     .debug_pubnames     drv_l1_interrupt.o
    0x00004d08   0x00000020   Dbug   RW   501     .debug_pubnames     drv_l1_mic.o
    0x00004d28   0x00000028   Dbug   RW   504     .debug_pubnames     drv_l1_mic.o
    0x00004d50   0x0000002c   Dbug   RW   507     .debug_pubnames     drv_l1_mic.o
    0x00004d7c   0x00000028   Dbug   RW   510     .debug_pubnames     drv_l1_mic.o
    0x00004da4   0x0000002c   Dbug   RW   513     .debug_pubnames     drv_l1_mic.o
    0x00004dd0   0x0000002c   Dbug   RW   516     .debug_pubnames     drv_l1_mic.o
    0x00004dfc   0x0000002c   Dbug   RW   519     .debug_pubnames     drv_l1_mic.o
    0x00004e28   0x00000028   Dbug   RW   522     .debug_pubnames     drv_l1_mic.o
    0x00004e50   0x0000002c   Dbug   RW   525     .debug_pubnames     drv_l1_mic.o
    0x00004e7c   0x0000002c   Dbug   RW   528     .debug_pubnames     drv_l1_mic.o
    0x00004ea8   0x0000002c   Dbug   RW   531     .debug_pubnames     drv_l1_mic.o
    0x00004ed4   0x00000028   Dbug   RW   534     .debug_pubnames     drv_l1_mic.o
    0x00004efc   0x0000011c   Dbug   RW   540     .debug_pubnames     drv_l1_mic.o
    0x00005018   0x0000002c   Dbug   RW   544     .debug_pubnames     drv_l1_mic.o
    0x00005044   0x00000024   Dbug   RW   549     .debug_pubnames     drv_l1_rtc.o
    0x00005068   0x00000024   Dbug   RW   552     .debug_pubnames     drv_l1_rtc.o
    0x0000508c   0x0000002c   Dbug   RW   555     .debug_pubnames     drv_l1_rtc.o
    0x000050b8   0x0000002c   Dbug   RW   558     .debug_pubnames     drv_l1_rtc.o
    0x000050e4   0x00000020   Dbug   RW   561     .debug_pubnames     drv_l1_rtc.o
    0x00005104   0x00000024   Dbug   RW   564     .debug_pubnames     drv_l1_rtc.o
    0x00005128   0x00000024   Dbug   RW   567     .debug_pubnames     drv_l1_rtc.o
    0x0000514c   0x00000024   Dbug   RW   570     .debug_pubnames     drv_l1_rtc.o
    0x00005170   0x00000024   Dbug   RW   573     .debug_pubnames     drv_l1_rtc.o
    0x00005194   0x00000024   Dbug   RW   576     .debug_pubnames     drv_l1_rtc.o
    0x000051b8   0x00000024   Dbug   RW   579     .debug_pubnames     drv_l1_rtc.o
    0x000051dc   0x0000002c   Dbug   RW   582     .debug_pubnames     drv_l1_rtc.o
    0x00005208   0x0000002c   Dbug   RW   585     .debug_pubnames     drv_l1_rtc.o
    0x00005234   0x00000028   Dbug   RW   588     .debug_pubnames     drv_l1_rtc.o
    0x0000525c   0x0000002c   Dbug   RW   591     .debug_pubnames     drv_l1_rtc.o
    0x00005288   0x0000002c   Dbug   RW   594     .debug_pubnames     drv_l1_rtc.o
    0x000052b4   0x0000002c   Dbug   RW   597     .debug_pubnames     drv_l1_rtc.o
    0x000052e0   0x0000002c   Dbug   RW   600     .debug_pubnames     drv_l1_rtc.o
    0x0000530c   0x0000002c   Dbug   RW   603     .debug_pubnames     drv_l1_rtc.o
    0x00005338   0x00000030   Dbug   RW   606     .debug_pubnames     drv_l1_rtc.o
    0x00005368   0x00000030   Dbug   RW   609     .debug_pubnames     drv_l1_rtc.o
    0x00005398   0x00000034   Dbug   RW   612     .debug_pubnames     drv_l1_rtc.o
    0x000053cc   0x00000278   Dbug   RW   616     .debug_pubnames     drv_l1_rtc.o
    0x00005644   0x00000024   Dbug   RW   626     .debug_pubnames     drv_l1_spi.o
    0x00005668   0x00000024   Dbug   RW   629     .debug_pubnames     drv_l1_spi.o
    0x0000568c   0x00000028   Dbug   RW   632     .debug_pubnames     drv_l1_spi.o
    0x000056b4   0x0000002c   Dbug   RW   635     .debug_pubnames     drv_l1_spi.o
    0x000056e0   0x00000024   Dbug   RW   638     .debug_pubnames     drv_l1_spi.o
    0x00005704   0x00000020   Dbug   RW   641     .debug_pubnames     drv_l1_spi.o
    0x00005724   0x00000024   Dbug   RW   644     .debug_pubnames     drv_l1_spi.o
    0x00005748   0x00000028   Dbug   RW   647     .debug_pubnames     drv_l1_spi.o
    0x00005770   0x00000028   Dbug   RW   650     .debug_pubnames     drv_l1_spi.o
    0x00005798   0x00000028   Dbug   RW   653     .debug_pubnames     drv_l1_spi.o
    0x000057c0   0x00000030   Dbug   RW   656     .debug_pubnames     drv_l1_spi.o
    0x000057f0   0x00000030   Dbug   RW   659     .debug_pubnames     drv_l1_spi.o
    0x00005820   0x00000024   Dbug   RW   662     .debug_pubnames     drv_l1_spi.o
    0x00005844   0x0000002c   Dbug   RW   665     .debug_pubnames     drv_l1_spi.o
    0x00005870   0x00000040   Dbug   RW   668     .debug_pubnames     drv_l1_spi.o
    0x000058b0   0x00000144   Dbug   RW   672     .debug_pubnames     drv_l1_spi.o
    0x000059f4   0x00000094   Dbug   RW   677     .debug_pubnames     drv_l1_spi.o
    0x00005a88   0x00000024   Dbug   RW   683     .debug_pubnames     drv_l1_sw_timer.o
    0x00005aac   0x0000002c   Dbug   RW   686     .debug_pubnames     drv_l1_sw_timer.o
    0x00005ad8   0x00000030   Dbug   RW   689     .debug_pubnames     drv_l1_sw_timer.o
    0x00005b08   0x00000028   Dbug   RW   692     .debug_pubnames     drv_l1_sw_timer.o
    0x00005b30   0x00000028   Dbug   RW   695     .debug_pubnames     drv_l1_sw_timer.o
    0x00005b58   0x00000028   Dbug   RW   698     .debug_pubnames     drv_l1_sw_timer.o
    0x00005b80   0x0000002c   Dbug   RW   701     .debug_pubnames     drv_l1_sw_timer.o
    0x00005bac   0x000000b0   Dbug   RW   705     .debug_pubnames     drv_l1_sw_timer.o
    0x00005c5c   0x00000024   Dbug   RW   716     .debug_pubnames     drv_l1_sw_timer_isr.o
    0x00005c80   0x00000024   Dbug   RW   722     .debug_pubnames     drv_l1_sw_timer_isr.o
    0x00005ca4   0x00000054   Dbug   RW   725     .debug_pubnames     drv_l1_sw_timer_isr.o
    0x00005cf8   0x0000002c   Dbug   RW   752     .debug_pubnames     drv_l1_system.o
    0x00005d24   0x00000028   Dbug   RW   755     .debug_pubnames     drv_l1_system.o
    0x00005d4c   0x00000028   Dbug   RW   758     .debug_pubnames     drv_l1_system.o
    0x00005d74   0x00000030   Dbug   RW   761     .debug_pubnames     drv_l1_system.o
    0x00005da4   0x00000030   Dbug   RW   764     .debug_pubnames     drv_l1_system.o
    0x00005dd4   0x00000030   Dbug   RW   767     .debug_pubnames     drv_l1_system.o
    0x00005e04   0x00000024   Dbug   RW   770     .debug_pubnames     drv_l1_system.o
    0x00005e28   0x00000030   Dbug   RW   773     .debug_pubnames     drv_l1_system.o
    0x00005e58   0x0000002c   Dbug   RW   776     .debug_pubnames     drv_l1_system.o
    0x00005e84   0x00000028   Dbug   RW   779     .debug_pubnames     drv_l1_system.o
    0x00005eac   0x00000024   Dbug   RW   782     .debug_pubnames     drv_l1_system.o
    0x00005ed0   0x00000028   Dbug   RW   785     .debug_pubnames     drv_l1_system.o
    0x00005ef8   0x00000030   Dbug   RW   794     .debug_pubnames     drv_l1_system.o
    0x00005f28   0x00000028   Dbug   RW   800     .debug_pubnames     drv_l1_system.o
    0x00005f50   0x00000028   Dbug   RW   806     .debug_pubnames     drv_l1_system.o
    0x00005f78   0x00000028   Dbug   RW   809     .debug_pubnames     drv_l1_system.o
    0x00005fa0   0x0000002c   Dbug   RW   812     .debug_pubnames     drv_l1_system.o
    0x00005fcc   0x0000002c   Dbug   RW   815     .debug_pubnames     drv_l1_system.o
    0x00005ff8   0x0000008c   Dbug   RW   818     .debug_pubnames     drv_l1_system.o
    0x00006084   0x0000002c   Dbug   RW   823     .debug_pubnames     drv_l1_system.o
    0x000060b0   0x00000028   Dbug   RW   828     .debug_pubnames     drv_l1_system.o
    0x000060d8   0x00000024   Dbug   RW   833     .debug_pubnames     drv_l1_system.o
    0x000060fc   0x00000030   Dbug   RW   838     .debug_pubnames     drv_l1_system.o
    0x0000612c   0x0000002c   Dbug   RW   842     .debug_pubnames     drv_l1_system.o
    0x00006158   0x00000028   Dbug   RW   847     .debug_pubnames     drv_l1_system.o
    0x00006180   0x00000024   Dbug   RW   852     .debug_pubnames     drv_l1_system.o
    0x000061a4   0x00000028   Dbug   RW   857     .debug_pubnames     drv_l1_system.o
    0x000061cc   0x00000030   Dbug   RW   871     .debug_pubnames     drv_l1_system.o
    0x000061fc   0x00000028   Dbug   RW   881     .debug_pubnames     drv_l1_system.o
    0x00006224   0x00000028   Dbug   RW   891     .debug_pubnames     drv_l1_system.o
    0x0000624c   0x00000028   Dbug   RW   896     .debug_pubnames     drv_l1_system.o
    0x00006274   0x0000002c   Dbug   RW   901     .debug_pubnames     drv_l1_system.o
    0x000062a0   0x00000098   Dbug   RW   906     .debug_pubnames     drv_l1_system.o
    0x00006338   0x0000002c   Dbug   RW   910     .debug_pubnames     drv_l1_system.o
    0x00006364   0x00001314   Dbug   RW   914     .debug_pubnames     drv_l1_system.o
    0x00007678   0x000043f8   Dbug   RW   926     .debug_pubnames     drv_l1_system.o
    0x0000ba70   0x00001478   Dbug   RW   930     .debug_pubnames     drv_l1_system.o
    0x0000cee8   0x0000002c   Dbug   RW   938     .debug_pubnames     drv_l1_system.o
    0x0000cf14   0x000000bc   Dbug   RW   942     .debug_pubnames     drv_l1_system.o
    0x0000cfd0   0x0000011c   Dbug   RW   946     .debug_pubnames     drv_l1_system.o
    0x0000d0ec   0x00000024   Dbug   RW   952     .debug_pubnames     drv_l1_timer.o
    0x0000d110   0x00000024   Dbug   RW   955     .debug_pubnames     drv_l1_timer.o
    0x0000d134   0x00000028   Dbug   RW   958     .debug_pubnames     drv_l1_timer.o
    0x0000d15c   0x00000028   Dbug   RW   961     .debug_pubnames     drv_l1_timer.o
    0x0000d184   0x00000028   Dbug   RW   964     .debug_pubnames     drv_l1_timer.o
    0x0000d1ac   0x00000028   Dbug   RW   967     .debug_pubnames     drv_l1_timer.o
    0x0000d1d4   0x00000028   Dbug   RW   970     .debug_pubnames     drv_l1_timer.o
    0x0000d1fc   0x00000028   Dbug   RW   973     .debug_pubnames     drv_l1_timer.o
    0x0000d224   0x0000002c   Dbug   RW   976     .debug_pubnames     drv_l1_timer.o
    0x0000d250   0x0000002c   Dbug   RW   979     .debug_pubnames     drv_l1_timer.o
    0x0000d27c   0x0000002c   Dbug   RW   982     .debug_pubnames     drv_l1_timer.o
    0x0000d2a8   0x00000030   Dbug   RW   985     .debug_pubnames     drv_l1_timer.o
    0x0000d2d8   0x00000028   Dbug   RW   988     .debug_pubnames     drv_l1_timer.o
    0x0000d300   0x00000028   Dbug   RW   991     .debug_pubnames     drv_l1_timer.o
    0x0000d328   0x00000024   Dbug   RW   994     .debug_pubnames     drv_l1_timer.o
    0x0000d34c   0x00000028   Dbug   RW   997     .debug_pubnames     drv_l1_timer.o
    0x0000d374   0x00000024   Dbug   RW  1000     .debug_pubnames     drv_l1_timer.o
    0x0000d398   0x0000002c   Dbug   RW  1003     .debug_pubnames     drv_l1_timer.o
    0x0000d3c4   0x00000028   Dbug   RW  1006     .debug_pubnames     drv_l1_timer.o
    0x0000d3ec   0x0000002c   Dbug   RW  1009     .debug_pubnames     drv_l1_timer.o
    0x0000d418   0x00000030   Dbug   RW  1012     .debug_pubnames     drv_l1_timer.o
    0x0000d448   0x00000028   Dbug   RW  1015     .debug_pubnames     drv_l1_timer.o
    0x0000d470   0x00000028   Dbug   RW  1018     .debug_pubnames     drv_l1_timer.o
    0x0000d498   0x00000028   Dbug   RW  1021     .debug_pubnames     drv_l1_timer.o
    0x0000d4c0   0x00000024   Dbug   RW  1024     .debug_pubnames     drv_l1_timer.o
    0x0000d4e4   0x00000130   Dbug   RW  1027     .debug_pubnames     drv_l1_timer.o
    0x0000d614   0x00000320   Dbug   RW  1031     .debug_pubnames     drv_l1_timer.o
    0x0000d934   0x00000024   Dbug   RW  1042     .debug_pubnames     drv_l1_uart.o
    0x0000d958   0x00000028   Dbug   RW  1045     .debug_pubnames     drv_l1_uart.o
    0x0000d980   0x00000028   Dbug   RW  1048     .debug_pubnames     drv_l1_uart.o
    0x0000d9a8   0x00000024   Dbug   RW  1051     .debug_pubnames     drv_l1_uart.o
    0x0000d9cc   0x00000024   Dbug   RW  1054     .debug_pubnames     drv_l1_uart.o
    0x0000d9f0   0x00000028   Dbug   RW  1057     .debug_pubnames     drv_l1_uart.o
    0x0000da18   0x0000002c   Dbug   RW  1060     .debug_pubnames     drv_l1_uart.o
    0x0000da44   0x0000002c   Dbug   RW  1063     .debug_pubnames     drv_l1_uart.o
    0x0000da70   0x0000002c   Dbug   RW  1066     .debug_pubnames     drv_l1_uart.o
    0x0000da9c   0x00000028   Dbug   RW  1069     .debug_pubnames     drv_l1_uart.o
    0x0000dac4   0x00000028   Dbug   RW  1072     .debug_pubnames     drv_l1_uart.o
    0x0000daec   0x00000020   Dbug   RW  1075     .debug_pubnames     drv_l1_uart.o
    0x0000db0c   0x00000028   Dbug   RW  1078     .debug_pubnames     drv_l1_uart.o
    0x0000db34   0x00000028   Dbug   RW  1081     .debug_pubnames     drv_l1_uart.o
    0x0000db5c   0x00000028   Dbug   RW  1084     .debug_pubnames     drv_l1_uart.o
    0x0000db84   0x00000028   Dbug   RW  1087     .debug_pubnames     drv_l1_uart.o
    0x0000dbac   0x00000024   Dbug   RW  1090     .debug_pubnames     drv_l1_uart.o
    0x0000dbd0   0x00000028   Dbug   RW  1093     .debug_pubnames     drv_l1_uart.o
    0x0000dbf8   0x00000028   Dbug   RW  1096     .debug_pubnames     drv_l1_uart.o
    0x0000dc20   0x00000028   Dbug   RW  1099     .debug_pubnames     drv_l1_uart.o
    0x0000dc48   0x00000024   Dbug   RW  1102     .debug_pubnames     drv_l1_uart.o
    0x0000dc6c   0x00000028   Dbug   RW  1105     .debug_pubnames     drv_l1_uart.o
    0x0000dc94   0x00000030   Dbug   RW  1108     .debug_pubnames     drv_l1_uart.o
    0x0000dcc4   0x0000002c   Dbug   RW  1111     .debug_pubnames     drv_l1_uart.o
    0x0000dcf0   0x00000030   Dbug   RW  1114     .debug_pubnames     drv_l1_uart.o
    0x0000dd20   0x00000028   Dbug   RW  1117     .debug_pubnames     drv_l1_uart.o
    0x0000dd48   0x00000030   Dbug   RW  1120     .debug_pubnames     drv_l1_uart.o
    0x0000dd78   0x00000024   Dbug   RW  1123     .debug_pubnames     drv_l1_uart.o
    0x0000dd9c   0x000000c4   Dbug   RW  1126     .debug_pubnames     drv_l1_uart.o
    0x0000de60   0x000002b8   Dbug   RW  1130     .debug_pubnames     drv_l1_uart.o
    0x0000e118   0x00000020   Dbug   RW  1173     .debug_pubnames     gp_stdlib.o
    0x0000e138   0x00000020   Dbug   RW  1176     .debug_pubnames     gp_stdlib.o
    0x0000e158   0x00000020   Dbug   RW  1179     .debug_pubnames     gp_stdlib.o
    0x0000e178   0x00000024   Dbug   RW  1182     .debug_pubnames     gp_stdlib.o
    0x0000e19c   0x00000024   Dbug   RW  1185     .debug_pubnames     gp_stdlib.o
    0x0000e1c0   0x00000020   Dbug   RW  1188     .debug_pubnames     gp_stdlib.o
    0x0000e1e0   0x00000020   Dbug   RW  1191     .debug_pubnames     gp_stdlib.o
    0x0000e200   0x00000020   Dbug   RW  1194     .debug_pubnames     gp_stdlib.o
    0x0000e220   0x00000020   Dbug   RW  1197     .debug_pubnames     gp_stdlib.o
    0x0000e240   0x000000a8   Dbug   RW  1203     .debug_pubnames     gp_stdlib.o
    0x0000e2e8   0x00000028   Dbug   RW  1210     .debug_pubnames     main.o
    0x0000e310   0x0000001c   Dbug   RW  1213     .debug_pubnames     main.o
    0x0000e32c   0x00000094   Dbug   RW  1216     .debug_pubnames     main.o
    0x0000e3c0   0x00000030   Dbug   RW  1220     .debug_pubnames     main.o
    0x0000e3f0   0x00000028   Dbug   RW  1237     .debug_pubnames     system_timer.o
    0x0000e418   0x0000002c   Dbug   RW  1240     .debug_pubnames     system_timer.o
    0x0000e444   0x00000028   Dbug   RW  1243     .debug_pubnames     system_timer.o
    0x0000e46c   0x0000002c   Dbug   RW  1246     .debug_pubnames     system_timer.o
    0x0000e498   0x0000002c   Dbug   RW  1249     .debug_pubnames     system_timer.o
    0x0000e4c4   0x0000002c   Dbug   RW  1252     .debug_pubnames     system_timer.o
    0x0000e4f0   0x00000154   Dbug   RW  1255     .debug_pubnames     system_timer.o
    0x0000e644   0x000000e0   Dbug   RW  1259     .debug_pubnames     system_timer.o
    0x0000e724   0x00000024   Dbug   RW  1264     .debug_pubnames     system_timer.o
    0x0000e748   0x00000024   Dbug   RW  1269     .debug_pubnames     driver_l2_init.o
    0x0000e76c   0x00000024   Dbug   RW  1275     .debug_pubnames     driver_l2_init.o
    0x0000e790   0x00000024   Dbug   RW  1347     .debug_pubnames     gplib_mm_gplus.o
    0x0000e7b4   0x00000028   Dbug   RW  1350     .debug_pubnames     gplib_mm_gplus.o
    0x0000e7dc   0x00000024   Dbug   RW  1353     .debug_pubnames     gplib_mm_gplus.o
    0x0000e800   0x00000020   Dbug   RW  1356     .debug_pubnames     gplib_mm_gplus.o
    0x0000e820   0x00000028   Dbug   RW  1359     .debug_pubnames     gplib_mm_gplus.o
    0x0000e848   0x00000020   Dbug   RW  1362     .debug_pubnames     gplib_mm_gplus.o
    0x0000e868   0x00000020   Dbug   RW  1365     .debug_pubnames     gplib_mm_gplus.o
    0x0000e888   0x000001d4   Dbug   RW  1368     .debug_pubnames     gplib_mm_gplus.o
    0x0000ea5c   0x00000084   Dbug   RW  1372     .debug_pubnames     gplib_mm_gplus.o
    0x0000eae0   0x0000002c   Dbug   RW  1384     .debug_pubnames     gplib_calendar.o
    0x0000eb0c   0x00000024   Dbug   RW  1387     .debug_pubnames     gplib_calendar.o
    0x0000eb30   0x00000030   Dbug   RW  1390     .debug_pubnames     gplib_calendar.o
    0x0000eb60   0x00000028   Dbug   RW  1393     .debug_pubnames     gplib_calendar.o
    0x0000eb88   0x00000028   Dbug   RW  1396     .debug_pubnames     gplib_calendar.o
    0x0000ebb0   0x00000034   Dbug   RW  1399     .debug_pubnames     gplib_calendar.o
    0x0000ebe4   0x00000098   Dbug   RW  1402     .debug_pubnames     gplib_calendar.o
    0x0000ec7c   0x000000c0   Dbug   RW  1406     .debug_pubnames     gplib_calendar.o
    0x0000ed3c   0x00000020   Dbug   RW  1411     .debug_pubnames     gplib_calendar.o
    0x0000ed5c   0x00000024   Dbug   RW  1416     .debug_pubnames     gplib_init.o
    0x0000ed80   0x00000024   Dbug   RW  1422     .debug_pubnames     gplib_init.o
    0x0000eda4   0x00000024   Dbug   RW  1429     .debug_pubnames     gplib_print_string.o
    0x0000edc8   0x00000024   Dbug   RW  1432     .debug_pubnames     gplib_print_string.o
    0x0000edec   0x00000020   Dbug   RW  1435     .debug_pubnames     gplib_print_string.o
    0x0000ee0c   0x00000034   Dbug   RW  1439     .debug_pubnames     gplib_print_string.o
    0x0000ee40   0x00000020   Dbug   RW  1447     .debug_pubnames     gplib_print_string.o
    0x0000ee60   0x00000084   Dbug   RW  1451     .debug_pubnames     gplib_print_string.o
    0x0000eee4   0x00000028   Dbug   RW  1457     .debug_pubnames     nvram.o
    0x0000ef0c   0x00000028   Dbug   RW  1460     .debug_pubnames     nvram.o
    0x0000ef34   0x00000028   Dbug   RW  1463     .debug_pubnames     nvram.o
    0x0000ef5c   0x00000024   Dbug   RW  1466     .debug_pubnames     nvram.o
    0x0000ef80   0x0000002c   Dbug   RW  1469     .debug_pubnames     nvram.o
    0x0000efac   0x00000024   Dbug   RW  1472     .debug_pubnames     nvram.o
    0x0000efd0   0x00000028   Dbug   RW  1475     .debug_pubnames     nvram.o
    0x0000eff8   0x00000020   Dbug   RW  1478     .debug_pubnames     nvram.o
    0x0000f018   0x00000030   Dbug   RW  1481     .debug_pubnames     nvram.o
    0x0000f048   0x00000028   Dbug   RW  1484     .debug_pubnames     nvram.o
    0x0000f070   0x00000024   Dbug   RW  1487     .debug_pubnames     nvram.o
    0x0000f094   0x00000030   Dbug   RW  1490     .debug_pubnames     nvram.o
    0x0000f0c4   0x00000034   Dbug   RW  1493     .debug_pubnames     nvram.o
    0x0000f0f8   0x00000030   Dbug   RW  1496     .debug_pubnames     nvram.o
    0x0000f128   0x00000030   Dbug   RW  1499     .debug_pubnames     nvram.o
    0x0000f158   0x0000002c   Dbug   RW  1502     .debug_pubnames     nvram.o
    0x0000f184   0x00000030   Dbug   RW  1505     .debug_pubnames     nvram.o
    0x0000f1b4   0x000000c4   Dbug   RW  1508     .debug_pubnames     nvram.o
    0x0000f278   0x00000230   Dbug   RW  1512     .debug_pubnames     nvram.o
    0x0000f4a8   0x0000002c   Dbug   RW  1524     .debug_pubnames     task_state_handling.o
    0x0000f4d4   0x0000002c   Dbug   RW  1527     .debug_pubnames     task_state_handling.o
    0x0000f500   0x0000004c   Dbug   RW  1530     .debug_pubnames     task_state_handling.o
    0x0000f54c   0x00000044   Dbug   RW  1534     .debug_pubnames     task_state_handling.o
    0x0000f590   0x00001478   Dbug   RW  1538     .debug_pubnames     task_state_handling.o
    0x00010a08   0x00000218   Dbug   RW  1541     .debug_pubnames     task_state_handling.o
    0x00010c20   0x00000034   Dbug   RW  1557     .debug_pubnames     task_peripheral_handling.o
    0x00010c54   0x0000015c   Dbug   RW  1560     .debug_pubnames     task_peripheral_handling.o
    0x00010db0   0x00000058   Dbug   RW  1564     .debug_pubnames     task_peripheral_handling.o
    0x00010e08   0x00001478   Dbug   RW  1568     .debug_pubnames     task_peripheral_handling.o
    0x00012280   0x00000038   Dbug   RW  1570     .debug_pubnames     task_peripheral_handling.o
    0x000122b8   0x00000218   Dbug   RW  1572     .debug_pubnames     task_peripheral_handling.o
    0x000124d0   0x00000024   Dbug   RW  1591     .debug_pubnames     msg_manager.o
    0x000124f4   0x00000024   Dbug   RW  1594     .debug_pubnames     msg_manager.o
    0x00012518   0x00000024   Dbug   RW  1597     .debug_pubnames     msg_manager.o
    0x0001253c   0x00000020   Dbug   RW  1600     .debug_pubnames     msg_manager.o
    0x0001255c   0x00000024   Dbug   RW  1603     .debug_pubnames     msg_manager.o
    0x00012580   0x00000020   Dbug   RW  1606     .debug_pubnames     msg_manager.o
    0x000125a0   0x00000024   Dbug   RW  1609     .debug_pubnames     msg_manager.o
    0x000125c4   0x00000024   Dbug   RW  1612     .debug_pubnames     msg_manager.o
    0x000125e8   0x00000020   Dbug   RW  1615     .debug_pubnames     msg_manager.o
    0x00012608   0x00000024   Dbug   RW  1618     .debug_pubnames     msg_manager.o
    0x0001262c   0x000000a8   Dbug   RW  1624     .debug_pubnames     msg_manager.o
    0x000126d4   0x00000028   Dbug   RW  1634     .debug_pubnames     video_codec_callback.o
    0x000126fc   0x00000030   Dbug   RW  1637     .debug_pubnames     video_codec_callback.o
    0x0001272c   0x00000030   Dbug   RW  1640     .debug_pubnames     video_codec_callback.o
    0x0001275c   0x00000030   Dbug   RW  1643     .debug_pubnames     video_codec_callback.o
    0x0001278c   0x00000038   Dbug   RW  1646     .debug_pubnames     video_codec_callback.o
    0x000127c4   0x00000030   Dbug   RW  1649     .debug_pubnames     video_codec_callback.o
    0x000127f4   0x00000028   Dbug   RW  1652     .debug_pubnames     video_codec_callback.o
    0x0001281c   0x00000030   Dbug   RW  1655     .debug_pubnames     video_codec_callback.o
    0x0001284c   0x00000030   Dbug   RW  1658     .debug_pubnames     video_codec_callback.o
    0x0001287c   0x00000038   Dbug   RW  1661     .debug_pubnames     video_codec_callback.o
    0x000128b4   0x00000038   Dbug   RW  1664     .debug_pubnames     video_codec_callback.o
    0x000128ec   0x00000090   Dbug   RW  1667     .debug_pubnames     video_codec_callback.o
    0x0001297c   0x00000198   Dbug   RW  1671     .debug_pubnames     video_codec_callback.o
    0x00012b14   0x0000002c   Dbug   RW  1680     .debug_pubnames     video_encoder.o
    0x00012b40   0x00000030   Dbug   RW  1683     .debug_pubnames     video_encoder.o
    0x00012b70   0x00000028   Dbug   RW  1686     .debug_pubnames     video_encoder.o
    0x00012b98   0x0000002c   Dbug   RW  1689     .debug_pubnames     video_encoder.o
    0x00012bc4   0x00000028   Dbug   RW  1692     .debug_pubnames     video_encoder.o
    0x00012bec   0x00000038   Dbug   RW  1695     .debug_pubnames     video_encoder.o
    0x00012c24   0x0000003c   Dbug   RW  1698     .debug_pubnames     video_encoder.o
    0x00012c60   0x0000003c   Dbug   RW  1701     .debug_pubnames     video_encoder.o
    0x00012c9c   0x00000040   Dbug   RW  1704     .debug_pubnames     video_encoder.o
    0x00012cdc   0x00000034   Dbug   RW  1707     .debug_pubnames     video_encoder.o
    0x00012d10   0x00000040   Dbug   RW  1710     .debug_pubnames     video_encoder.o
    0x00012d50   0x00000030   Dbug   RW  1713     .debug_pubnames     video_encoder.o
    0x00012d80   0x00000030   Dbug   RW  1716     .debug_pubnames     video_encoder.o
    0x00012db0   0x000001f4   Dbug   RW  1722     .debug_pubnames     video_encoder.o
    0x00012fa4   0x00000028   Dbug   RW  1744     .debug_pubnames     state_usb.o
    0x00012fcc   0x00000020   Dbug   RW  1747     .debug_pubnames     state_usb.o
    0x00012fec   0x0000002c   Dbug   RW  1750     .debug_pubnames     state_usb.o
    0x00013018   0x00000028   Dbug   RW  1753     .debug_pubnames     state_usb.o
    0x00013040   0x00000028   Dbug   RW  1756     .debug_pubnames     state_usb.o
    0x00013068   0x00000024   Dbug   RW  1759     .debug_pubnames     state_usb.o
    0x0001308c   0x0000002c   Dbug   RW  1762     .debug_pubnames     state_usb.o
    0x000130b8   0x0000002c   Dbug   RW  1765     .debug_pubnames     state_usb.o
    0x000130e4   0x000000e0   Dbug   RW  1768     .debug_pubnames     state_usb.o
    0x000131c4   0x000000dc   Dbug   RW  1772     .debug_pubnames     state_usb.o
    0x000132a0   0x00001478   Dbug   RW  1776     .debug_pubnames     state_usb.o
    0x00014718   0x000000dc   Dbug   RW  1782     .debug_pubnames     state_usb.o
    0x000147f4   0x00000228   Dbug   RW  1790     .debug_pubnames     state_usb.o
    0x00014a1c   0x000001fc   Dbug   RW  1793     .debug_pubnames     state_usb.o
    0x00014c18   0x00000218   Dbug   RW  1795     .debug_pubnames     state_usb.o
    0x00014e30   0x0000002c   Dbug   RW  1803     .debug_pubnames     state_startup.o
    0x00014e5c   0x0000002c   Dbug   RW  1806     .debug_pubnames     state_startup.o
    0x00014e88   0x00000058   Dbug   RW  1812     .debug_pubnames     state_startup.o
    0x00014ee0   0x00000028   Dbug   RW  1827     .debug_pubnames     ap_startup.o
    0x00014f08   0x00000028   Dbug   RW  1833     .debug_pubnames     ap_startup.o
    0x00014f30   0x0000002c   Dbug   RW  1848     .debug_pubnames     ap_video_preview.o
    0x00014f5c   0x00000034   Dbug   RW  1851     .debug_pubnames     ap_video_preview.o
    0x00014f90   0x00000038   Dbug   RW  1854     .debug_pubnames     ap_video_preview.o
    0x00014fc8   0x0000002c   Dbug   RW  1857     .debug_pubnames     ap_video_preview.o
    0x00014ff4   0x00000038   Dbug   RW  1860     .debug_pubnames     ap_video_preview.o
    0x0001502c   0x00000034   Dbug   RW  1863     .debug_pubnames     ap_video_preview.o
    0x00015060   0x00000044   Dbug   RW  1866     .debug_pubnames     ap_video_preview.o
    0x000150a4   0x00000034   Dbug   RW  1869     .debug_pubnames     ap_video_preview.o
    0x000150d8   0x00000098   Dbug   RW  1872     .debug_pubnames     ap_video_preview.o
    0x00015170   0x000001c0   Dbug   RW  1876     .debug_pubnames     ap_video_preview.o
    0x00015330   0x00001478   Dbug   RW  1880     .debug_pubnames     ap_video_preview.o
    0x000167a8   0x00000028   Dbug   RW  1883     .debug_pubnames     ap_video_preview.o
    0x000167d0   0x00000030   Dbug   RW  1892     .debug_pubnames     state_video_preview.o
    0x00016800   0x00000030   Dbug   RW  1895     .debug_pubnames     state_video_preview.o
    0x00016830   0x00000074   Dbug   RW  1898     .debug_pubnames     state_video_preview.o
    0x000168a4   0x0000008c   Dbug   RW  1902     .debug_pubnames     state_video_preview.o
    0x00016930   0x00000028   Dbug   RW  1906     .debug_pubnames     state_video_preview.o
    0x00016958   0x00000034   Dbug   RW  1926     .debug_pubnames     ap_peripheral_handling.o
    0x0001698c   0x00000034   Dbug   RW  1929     .debug_pubnames     ap_peripheral_handling.o
    0x000169c0   0x00000024   Dbug   RW  1932     .debug_pubnames     ap_peripheral_handling.o
    0x000169e4   0x00000024   Dbug   RW  1935     .debug_pubnames     ap_peripheral_handling.o
    0x00016a08   0x00000024   Dbug   RW  1938     .debug_pubnames     ap_peripheral_handling.o
    0x00016a2c   0x00000024   Dbug   RW  1941     .debug_pubnames     ap_peripheral_handling.o
    0x00016a50   0x0000002c   Dbug   RW  1944     .debug_pubnames     ap_peripheral_handling.o
    0x00016a7c   0x00000034   Dbug   RW  1947     .debug_pubnames     ap_peripheral_handling.o
    0x00016ab0   0x0000003c   Dbug   RW  1950     .debug_pubnames     ap_peripheral_handling.o
    0x00016aec   0x00000030   Dbug   RW  1953     .debug_pubnames     ap_peripheral_handling.o
    0x00016b1c   0x00000034   Dbug   RW  1956     .debug_pubnames     ap_peripheral_handling.o
    0x00016b50   0x00000038   Dbug   RW  1959     .debug_pubnames     ap_peripheral_handling.o
    0x00016b88   0x00000300   Dbug   RW  1962     .debug_pubnames     ap_peripheral_handling.o
    0x00016e88   0x00000294   Dbug   RW  1966     .debug_pubnames     ap_peripheral_handling.o
    0x0001711c   0x00001478   Dbug   RW  1970     .debug_pubnames     ap_peripheral_handling.o
    0x00018594   0x00000038   Dbug   RW  1972     .debug_pubnames     ap_peripheral_handling.o
    0x000185cc   0x00000030   Dbug   RW  1980     .debug_pubnames     ap_storage_service.o
    0x000185fc   0x00000038   Dbug   RW  1983     .debug_pubnames     ap_storage_service.o
    0x00018634   0x0000002c   Dbug   RW  1986     .debug_pubnames     ap_storage_service.o
    0x00018660   0x00000038   Dbug   RW  1989     .debug_pubnames     ap_storage_service.o
    0x00018698   0x00000040   Dbug   RW  1992     .debug_pubnames     ap_storage_service.o
    0x000186d8   0x00000034   Dbug   RW  1995     .debug_pubnames     ap_storage_service.o
    0x0001870c   0x00000038   Dbug   RW  1998     .debug_pubnames     ap_storage_service.o
    0x00018744   0x00000038   Dbug   RW  2001     .debug_pubnames     ap_storage_service.o
    0x0001877c   0x0000003c   Dbug   RW  2004     .debug_pubnames     ap_storage_service.o
    0x000187b8   0x0000003c   Dbug   RW  2007     .debug_pubnames     ap_storage_service.o
    0x000187f4   0x00000034   Dbug   RW  2010     .debug_pubnames     ap_storage_service.o
    0x00018828   0x00000038   Dbug   RW  2013     .debug_pubnames     ap_storage_service.o
    0x00018860   0x00000024   Dbug   RW  2016     .debug_pubnames     ap_storage_service.o
    0x00018884   0x000002f8   Dbug   RW  2019     .debug_pubnames     ap_storage_service.o
    0x00018b7c   0x000003f8   Dbug   RW  2023     .debug_pubnames     ap_storage_service.o
    0x00018f74   0x00001478   Dbug   RW  2027     .debug_pubnames     ap_storage_service.o
    0x0001a3ec   0x00000158   Dbug   RW  2036     .debug_pubnames     ap_storage_service.o
    0x0001a544   0x00000030   Dbug   RW  2044     .debug_pubnames     task_storage_service.o
    0x0001a574   0x000000b4   Dbug   RW  2047     .debug_pubnames     task_storage_service.o
    0x0001a628   0x00000050   Dbug   RW  2051     .debug_pubnames     task_storage_service.o
    0x0001a678   0x00001478   Dbug   RW  2055     .debug_pubnames     task_storage_service.o
    0x0001baf0   0x00000038   Dbug   RW  2068     .debug_pubnames     ap_state_handling.o
    0x0001bb28   0x00000038   Dbug   RW  2071     .debug_pubnames     ap_state_handling.o
    0x0001bb60   0x0000003c   Dbug   RW  2074     .debug_pubnames     ap_state_handling.o
    0x0001bb9c   0x00000038   Dbug   RW  2077     .debug_pubnames     ap_state_handling.o
    0x0001bbd4   0x00000038   Dbug   RW  2080     .debug_pubnames     ap_state_handling.o
    0x0001bc0c   0x00000038   Dbug   RW  2083     .debug_pubnames     ap_state_handling.o
    0x0001bc44   0x00000030   Dbug   RW  2086     .debug_pubnames     ap_state_handling.o
    0x0001bc74   0x00000030   Dbug   RW  2089     .debug_pubnames     ap_state_handling.o
    0x0001bca4   0x00000038   Dbug   RW  2092     .debug_pubnames     ap_state_handling.o
    0x0001bcdc   0x00000038   Dbug   RW  2095     .debug_pubnames     ap_state_handling.o
    0x0001bd14   0x00000034   Dbug   RW  2098     .debug_pubnames     ap_state_handling.o
    0x0001bd48   0x0000003c   Dbug   RW  2101     .debug_pubnames     ap_state_handling.o
    0x0001bd84   0x00000038   Dbug   RW  2104     .debug_pubnames     ap_state_handling.o
    0x0001bdbc   0x00000030   Dbug   RW  2107     .debug_pubnames     ap_state_handling.o
    0x0001bdec   0x00000034   Dbug   RW  2110     .debug_pubnames     ap_state_handling.o
    0x0001be20   0x00000034   Dbug   RW  2113     .debug_pubnames     ap_state_handling.o
    0x0001be54   0x00000034   Dbug   RW  2116     .debug_pubnames     ap_state_handling.o
    0x0001be88   0x00000038   Dbug   RW  2119     .debug_pubnames     ap_state_handling.o
    0x0001bec0   0x000001fc   Dbug   RW  2122     .debug_pubnames     ap_state_handling.o
    0x0001c0bc   0x000002a0   Dbug   RW  2126     .debug_pubnames     ap_state_handling.o
    0x0001c35c   0x00000218   Dbug   RW  2130     .debug_pubnames     ap_state_handling.o
    0x0001c574   0x0000002c   Dbug   RW  2148     .debug_pubnames     ap_video_record.o
    0x0001c5a0   0x00000038   Dbug   RW  2151     .debug_pubnames     ap_video_record.o
    0x0001c5d8   0x00000038   Dbug   RW  2154     .debug_pubnames     ap_video_record.o
    0x0001c610   0x0000003c   Dbug   RW  2157     .debug_pubnames     ap_video_record.o
    0x0001c64c   0x0000003c   Dbug   RW  2160     .debug_pubnames     ap_video_record.o
    0x0001c688   0x00000030   Dbug   RW  2163     .debug_pubnames     ap_video_record.o
    0x0001c6b8   0x0000002c   Dbug   RW  2166     .debug_pubnames     ap_video_record.o
    0x0001c6e4   0x0000002c   Dbug   RW  2169     .debug_pubnames     ap_video_record.o
    0x0001c710   0x00000030   Dbug   RW  2172     .debug_pubnames     ap_video_record.o
    0x0001c740   0x00000034   Dbug   RW  2175     .debug_pubnames     ap_video_record.o
    0x0001c774   0x000000f0   Dbug   RW  2178     .debug_pubnames     ap_video_record.o
    0x0001c864   0x000001b8   Dbug   RW  2182     .debug_pubnames     ap_video_record.o
    0x0001ca1c   0x00000030   Dbug   RW  2189     .debug_pubnames     state_video_record.o
    0x0001ca4c   0x00000030   Dbug   RW  2192     .debug_pubnames     state_video_record.o
    0x0001ca7c   0x00000050   Dbug   RW  2195     .debug_pubnames     state_video_record.o
    0x0001cacc   0x00000068   Dbug   RW  2199     .debug_pubnames     state_video_record.o
    0x0001cb34   0x00000024   Dbug   RW  2310     .debug_pubnames     drv_l1_sensor.o
    0x0001cb58   0x00000024   Dbug   RW  2313     .debug_pubnames     drv_l1_sensor.o
    0x0001cb7c   0x00000020   Dbug   RW  2316     .debug_pubnames     drv_l1_sensor.o
    0x0001cb9c   0x00000020   Dbug   RW  2319     .debug_pubnames     drv_l1_sensor.o
    0x0001cbbc   0x00000024   Dbug   RW  2322     .debug_pubnames     drv_l1_sensor.o
    0x0001cbe0   0x00000020   Dbug   RW  2325     .debug_pubnames     drv_l1_sensor.o
    0x0001cc00   0x00000020   Dbug   RW  2328     .debug_pubnames     drv_l1_sensor.o
    0x0001cc20   0x00000030   Dbug   RW  2331     .debug_pubnames     drv_l1_sensor.o
    0x0001cc50   0x00000030   Dbug   RW  2334     .debug_pubnames     drv_l1_sensor.o
    0x0001cc80   0x00000030   Dbug   RW  2337     .debug_pubnames     drv_l1_sensor.o
    0x0001ccb0   0x00000028   Dbug   RW  2340     .debug_pubnames     drv_l1_sensor.o
    0x0001ccd8   0x0000002c   Dbug   RW  2343     .debug_pubnames     drv_l1_sensor.o
    0x0001cd04   0x0000002c   Dbug   RW  2346     .debug_pubnames     drv_l1_sensor.o
    0x0001cd30   0x0000002c   Dbug   RW  2349     .debug_pubnames     drv_l1_sensor.o
    0x0001cd5c   0x00000150   Dbug   RW  2356     .debug_pubnames     drv_l1_sensor.o
    0x0001ceac   0x0000002c   Dbug   RW  2376     .debug_pubnames     ap_display.o
    0x0001ced8   0x00000030   Dbug   RW  2379     .debug_pubnames     ap_display.o
    0x0001cf08   0x0000002c   Dbug   RW  2382     .debug_pubnames     ap_display.o
    0x0001cf34   0x0000002c   Dbug   RW  2385     .debug_pubnames     ap_display.o
    0x0001cf60   0x0000002c   Dbug   RW  2388     .debug_pubnames     ap_display.o
    0x0001cf8c   0x00000030   Dbug   RW  2391     .debug_pubnames     ap_display.o
    0x0001cfbc   0x0000002c   Dbug   RW  2394     .debug_pubnames     ap_display.o
    0x0001cfe8   0x00000030   Dbug   RW  2397     .debug_pubnames     ap_display.o
    0x0001d018   0x00000038   Dbug   RW  2400     .debug_pubnames     ap_display.o
    0x0001d050   0x0000002c   Dbug   RW  2403     .debug_pubnames     ap_display.o
    0x0001d07c   0x00000028   Dbug   RW  2406     .debug_pubnames     ap_display.o
    0x0001d0a4   0x0000002c   Dbug   RW  2409     .debug_pubnames     ap_display.o
    0x0001d0d0   0x0000002c   Dbug   RW  2412     .debug_pubnames     ap_display.o
    0x0001d0fc   0x00000030   Dbug   RW  2415     .debug_pubnames     ap_display.o
    0x0001d12c   0x00000034   Dbug   RW  2418     .debug_pubnames     ap_display.o
    0x0001d160   0x0000002c   Dbug   RW  2421     .debug_pubnames     ap_display.o
    0x0001d18c   0x00000030   Dbug   RW  2424     .debug_pubnames     ap_display.o
    0x0001d1bc   0x00000034   Dbug   RW  2427     .debug_pubnames     ap_display.o
    0x0001d1f0   0x0000003c   Dbug   RW  2430     .debug_pubnames     ap_display.o
    0x0001d22c   0x00000030   Dbug   RW  2433     .debug_pubnames     ap_display.o
    0x0001d25c   0x00000034   Dbug   RW  2436     .debug_pubnames     ap_display.o
    0x0001d290   0x00000030   Dbug   RW  2439     .debug_pubnames     ap_display.o
    0x0001d2c0   0x00000038   Dbug   RW  2442     .debug_pubnames     ap_display.o
    0x0001d2f8   0x00000034   Dbug   RW  2445     .debug_pubnames     ap_display.o
    0x0001d32c   0x00000038   Dbug   RW  2448     .debug_pubnames     ap_display.o
    0x0001d364   0x00000034   Dbug   RW  2451     .debug_pubnames     ap_display.o
    0x0001d398   0x00000030   Dbug   RW  2454     .debug_pubnames     ap_display.o
    0x0001d3c8   0x00000034   Dbug   RW  2457     .debug_pubnames     ap_display.o
    0x0001d3fc   0x00000038   Dbug   RW  2460     .debug_pubnames     ap_display.o
    0x0001d434   0x00000030   Dbug   RW  2463     .debug_pubnames     ap_display.o
    0x0001d464   0x00000030   Dbug   RW  2466     .debug_pubnames     ap_display.o
    0x0001d494   0x00000030   Dbug   RW  2469     .debug_pubnames     ap_display.o
    0x0001d4c4   0x00000030   Dbug   RW  2472     .debug_pubnames     ap_display.o
    0x0001d4f4   0x00000030   Dbug   RW  2475     .debug_pubnames     ap_display.o
    0x0001d524   0x00000034   Dbug   RW  2478     .debug_pubnames     ap_display.o
    0x0001d558   0x00000028   Dbug   RW  2481     .debug_pubnames     ap_display.o
    0x0001d580   0x00000034   Dbug   RW  2484     .debug_pubnames     ap_display.o
    0x0001d5b4   0x0000003c   Dbug   RW  2487     .debug_pubnames     ap_display.o
    0x0001d5f0   0x00000030   Dbug   RW  2490     .debug_pubnames     ap_display.o
    0x0001d620   0x00000030   Dbug   RW  2493     .debug_pubnames     ap_display.o
    0x0001d650   0x00000034   Dbug   RW  2496     .debug_pubnames     ap_display.o
    0x0001d684   0x0000003c   Dbug   RW  2499     .debug_pubnames     ap_display.o
    0x0001d6c0   0x0000003c   Dbug   RW  2502     .debug_pubnames     ap_display.o
    0x0001d6fc   0x00000040   Dbug   RW  2505     .debug_pubnames     ap_display.o
    0x0001d73c   0x00000034   Dbug   RW  2508     .debug_pubnames     ap_display.o
    0x0001d770   0x00000200   Dbug   RW  2511     .debug_pubnames     ap_display.o
    0x0001d970   0x000005d8   Dbug   RW  2515     .debug_pubnames     ap_display.o
    0x0001df48   0x00000f1c   Dbug   RW  2519     .debug_pubnames     ap_display.o
    0x0001ee64   0x00000218   Dbug   RW  2526     .debug_pubnames     ap_display.o
    0x0001f07c   0x00000e98   Dbug   RW  2533     .debug_pubnames     task_display.o
    0x0001ff14   0x00000038   Dbug   RW  2538     .debug_pubnames     ap_state_config.o
    0x0001ff4c   0x00000038   Dbug   RW  2541     .debug_pubnames     ap_state_config.o
    0x0001ff84   0x00000034   Dbug   RW  2544     .debug_pubnames     ap_state_config.o
    0x0001ffb8   0x00000034   Dbug   RW  2547     .debug_pubnames     ap_state_config.o
    0x0001ffec   0x00000034   Dbug   RW  2550     .debug_pubnames     ap_state_config.o
    0x00020020   0x00000040   Dbug   RW  2553     .debug_pubnames     ap_state_config.o
    0x00020060   0x00000040   Dbug   RW  2556     .debug_pubnames     ap_state_config.o
    0x000200a0   0x00000038   Dbug   RW  2559     .debug_pubnames     ap_state_config.o
    0x000200d8   0x00000038   Dbug   RW  2562     .debug_pubnames     ap_state_config.o
    0x00020110   0x00000030   Dbug   RW  2565     .debug_pubnames     ap_state_config.o
    0x00020140   0x00000030   Dbug   RW  2568     .debug_pubnames     ap_state_config.o
    0x00020170   0x00000030   Dbug   RW  2571     .debug_pubnames     ap_state_config.o
    0x000201a0   0x00000030   Dbug   RW  2574     .debug_pubnames     ap_state_config.o
    0x000201d0   0x00000030   Dbug   RW  2577     .debug_pubnames     ap_state_config.o
    0x00020200   0x00000030   Dbug   RW  2580     .debug_pubnames     ap_state_config.o
    0x00020230   0x0000003c   Dbug   RW  2583     .debug_pubnames     ap_state_config.o
    0x0002026c   0x0000003c   Dbug   RW  2586     .debug_pubnames     ap_state_config.o
    0x000202a8   0x00000040   Dbug   RW  2589     .debug_pubnames     ap_state_config.o
    0x000202e8   0x00000040   Dbug   RW  2592     .debug_pubnames     ap_state_config.o
    0x00020328   0x00000030   Dbug   RW  2595     .debug_pubnames     ap_state_config.o
    0x00020358   0x0000002c   Dbug   RW  2598     .debug_pubnames     ap_state_config.o
    0x00020384   0x00000038   Dbug   RW  2601     .debug_pubnames     ap_state_config.o
    0x000203bc   0x00000020   Dbug   RW  2604     .debug_pubnames     ap_state_config.o
    0x000203dc   0x0000002c   Dbug   RW  2607     .debug_pubnames     ap_state_config.o
    0x00020408   0x00000038   Dbug   RW  2610     .debug_pubnames     ap_state_config.o
    0x00020440   0x00000038   Dbug   RW  2613     .debug_pubnames     ap_state_config.o
    0x00020478   0x00000038   Dbug   RW  2616     .debug_pubnames     ap_state_config.o
    0x000204b0   0x00000038   Dbug   RW  2619     .debug_pubnames     ap_state_config.o
    0x000204e8   0x00000030   Dbug   RW  2622     .debug_pubnames     ap_state_config.o
    0x00020518   0x00000030   Dbug   RW  2625     .debug_pubnames     ap_state_config.o
    0x00020548   0x00000034   Dbug   RW  2628     .debug_pubnames     ap_state_config.o
    0x0002057c   0x00000034   Dbug   RW  2631     .debug_pubnames     ap_state_config.o
    0x000205b0   0x00000040   Dbug   RW  2634     .debug_pubnames     ap_state_config.o
    0x000205f0   0x00000040   Dbug   RW  2637     .debug_pubnames     ap_state_config.o
    0x00020630   0x00000030   Dbug   RW  2640     .debug_pubnames     ap_state_config.o
    0x00020660   0x00000034   Dbug   RW  2643     .debug_pubnames     ap_state_config.o
    0x00020694   0x00000034   Dbug   RW  2646     .debug_pubnames     ap_state_config.o
    0x000206c8   0x00000038   Dbug   RW  2649     .debug_pubnames     ap_state_config.o
    0x00020700   0x00000038   Dbug   RW  2652     .debug_pubnames     ap_state_config.o
    0x00020738   0x00000030   Dbug   RW  2655     .debug_pubnames     ap_state_config.o
    0x00020768   0x00000030   Dbug   RW  2658     .debug_pubnames     ap_state_config.o
    0x00020798   0x00000030   Dbug   RW  2661     .debug_pubnames     ap_state_config.o
    0x000207c8   0x00000030   Dbug   RW  2664     .debug_pubnames     ap_state_config.o
    0x000207f8   0x00000038   Dbug   RW  2667     .debug_pubnames     ap_state_config.o
    0x00020830   0x00000038   Dbug   RW  2670     .debug_pubnames     ap_state_config.o
    0x00020868   0x00000034   Dbug   RW  2673     .debug_pubnames     ap_state_config.o
    0x0002089c   0x00000034   Dbug   RW  2676     .debug_pubnames     ap_state_config.o
    0x000208d0   0x00000034   Dbug   RW  2679     .debug_pubnames     ap_state_config.o
    0x00020904   0x00000034   Dbug   RW  2682     .debug_pubnames     ap_state_config.o
    0x00020938   0x0000003c   Dbug   RW  2685     .debug_pubnames     ap_state_config.o
    0x00020974   0x0000003c   Dbug   RW  2688     .debug_pubnames     ap_state_config.o
    0x000209b0   0x00000034   Dbug   RW  2691     .debug_pubnames     ap_state_config.o
    0x000209e4   0x00000034   Dbug   RW  2694     .debug_pubnames     ap_state_config.o
    0x00020a18   0x0000003c   Dbug   RW  2697     .debug_pubnames     ap_state_config.o
    0x00020a54   0x0000003c   Dbug   RW  2700     .debug_pubnames     ap_state_config.o
    0x00020a90   0x0000003c   Dbug   RW  2703     .debug_pubnames     ap_state_config.o
    0x00020acc   0x0000003c   Dbug   RW  2706     .debug_pubnames     ap_state_config.o
    0x00020b08   0x00000034   Dbug   RW  2709     .debug_pubnames     ap_state_config.o
    0x00020b3c   0x00000034   Dbug   RW  2712     .debug_pubnames     ap_state_config.o
    0x00020b70   0x00000038   Dbug   RW  2715     .debug_pubnames     ap_state_config.o
    0x00020ba8   0x00000038   Dbug   RW  2718     .debug_pubnames     ap_state_config.o
    0x00020be0   0x00000034   Dbug   RW  2721     .debug_pubnames     ap_state_config.o
    0x00020c14   0x00000034   Dbug   RW  2724     .debug_pubnames     ap_state_config.o
    0x00020c48   0x00000034   Dbug   RW  2727     .debug_pubnames     ap_state_config.o
    0x00020c7c   0x00000034   Dbug   RW  2730     .debug_pubnames     ap_state_config.o
    0x00020cb0   0x00000034   Dbug   RW  2733     .debug_pubnames     ap_state_config.o
    0x00020ce4   0x00000034   Dbug   RW  2736     .debug_pubnames     ap_state_config.o
    0x00020d18   0x00000034   Dbug   RW  2739     .debug_pubnames     ap_state_config.o
    0x00020d4c   0x00000034   Dbug   RW  2742     .debug_pubnames     ap_state_config.o
    0x00020d80   0x00000038   Dbug   RW  2745     .debug_pubnames     ap_state_config.o
    0x00020db8   0x00000038   Dbug   RW  2748     .debug_pubnames     ap_state_config.o
    0x00020df0   0x00000038   Dbug   RW  2751     .debug_pubnames     ap_state_config.o
    0x00020e28   0x00000038   Dbug   RW  2754     .debug_pubnames     ap_state_config.o
    0x00020e60   0x00000034   Dbug   RW  2757     .debug_pubnames     ap_state_config.o
    0x00020e94   0x00000038   Dbug   RW  2760     .debug_pubnames     ap_state_config.o
    0x00020ecc   0x0000002c   Dbug   RW  2763     .debug_pubnames     ap_state_config.o
    0x00020ef8   0x0000002c   Dbug   RW  2766     .debug_pubnames     ap_state_config.o
    0x00020f24   0x00000034   Dbug   RW  2769     .debug_pubnames     ap_state_config.o
    0x00020f58   0x00000034   Dbug   RW  2772     .debug_pubnames     ap_state_config.o
    0x00020f8c   0x00000038   Dbug   RW  2775     .debug_pubnames     ap_state_config.o
    0x00020fc4   0x00000038   Dbug   RW  2778     .debug_pubnames     ap_state_config.o
    0x00020ffc   0x00000034   Dbug   RW  2781     .debug_pubnames     ap_state_config.o
    0x00021030   0x00000034   Dbug   RW  2784     .debug_pubnames     ap_state_config.o
    0x00021064   0x00000024   Dbug   RW  2787     .debug_pubnames     ap_state_config.o
    0x00021088   0x00000054   Dbug   RW  2790     .debug_pubnames     ap_state_config.o
    0x000210dc   0x00000b80   Dbug   RW  2794     .debug_pubnames     ap_state_config.o
    0x00021c5c   0x00000f1c   Dbug   RW  2852     .debug_pubnames     video_decoder_app.o
    0x00022b78   0x00000020   Dbug   RW  2915     .debug_pubnames     drv_l1_dac.o
    0x00022b98   0x00000020   Dbug   RW  2921     .debug_pubnames     drv_l1_dac.o
    0x00022bb8   0x00000024   Dbug   RW  2938     .debug_pubnames     ap_state_firmware_upgrade.o
    0x00022bdc   0x00000024   Dbug   RW  2941     .debug_pubnames     ap_state_firmware_upgrade.o
    0x00022c00   0x00000020   Dbug   RW  2944     .debug_pubnames     ap_state_firmware_upgrade.o
    0x00022c20   0x00000024   Dbug   RW  2947     .debug_pubnames     ap_state_firmware_upgrade.o
    0x00022c44   0x00000028   Dbug   RW  2950     .debug_pubnames     ap_state_firmware_upgrade.o
    0x00022c6c   0x00000024   Dbug   RW  2953     .debug_pubnames     ap_state_firmware_upgrade.o
    0x00022c90   0x0000002c   Dbug   RW  2956     .debug_pubnames     ap_state_firmware_upgrade.o
    0x00022cbc   0x00000028   Dbug   RW  2959     .debug_pubnames     ap_state_firmware_upgrade.o
    0x00022ce4   0x0000008c   Dbug   RW  2963     .debug_pubnames     ap_state_firmware_upgrade.o
    0x00022d70   0x00000090   Dbug   RW  2968     .debug_pubnames     ap_state_firmware_upgrade.o
    0x00022e00   0x00000368   Dbug   RW  2970     .debug_pubnames     ap_state_firmware_upgrade.o
    0x00023168   0x000000f8   Dbug   RW  2974     .debug_pubnames     ap_state_firmware_upgrade.o
    0x00023260   0x0000007c   Dbug   RW  2978     .debug_pubnames     ap_state_firmware_upgrade.o
    0x000232dc   0x00001304   Dbug   RW  2990     .debug_pubnames     ap_state_firmware_upgrade.o
    0x000245e0   0x00000344   Dbug   RW  2996     .debug_pubnames     ap_state_firmware_upgrade.o
    0x00024924   0x00001478   Dbug   RW  2998     .debug_pubnames     ap_state_firmware_upgrade.o
    0x00025d9c   0x00000218   Dbug   RW  3000     .debug_pubnames     ap_state_firmware_upgrade.o
    0x00025fb4   0x000000dc   Dbug   RW  3009     .debug_pubnames     ap_state_firmware_upgrade.o
    0x00026090   0x00000118   Dbug   RW  3028     .debug_pubnames     drv_l2_usbd_descriptor_tbl.o
    0x000261a8   0x00000114   Dbug   RW  3043     .debug_pubnames     drv_l2_usbd_uvc_descriptor_tbl.o
    0x000262bc   0x00000024   Dbug   RW  3055     .debug_pubnames     ap_usb.o
    0x000262e0   0x00000030   Dbug   RW  3058     .debug_pubnames     ap_usb.o
    0x00026310   0x00000030   Dbug   RW  3061     .debug_pubnames     ap_usb.o
    0x00026340   0x00000030   Dbug   RW  3064     .debug_pubnames     ap_usb.o
    0x00026370   0x0000002c   Dbug   RW  3067     .debug_pubnames     ap_usb.o
    0x0002639c   0x0000002c   Dbug   RW  3070     .debug_pubnames     ap_usb.o
    0x000263c8   0x0000002c   Dbug   RW  3073     .debug_pubnames     ap_usb.o
    0x000263f4   0x00000030   Dbug   RW  3076     .debug_pubnames     ap_usb.o
    0x00026424   0x0000002c   Dbug   RW  3079     .debug_pubnames     ap_usb.o
    0x00026450   0x00000030   Dbug   RW  3082     .debug_pubnames     ap_usb.o
    0x00026480   0x00000030   Dbug   RW  3085     .debug_pubnames     ap_usb.o
    0x000264b0   0x00000028   Dbug   RW  3088     .debug_pubnames     ap_usb.o
    0x000264d8   0x00000028   Dbug   RW  3091     .debug_pubnames     ap_usb.o
    0x00026500   0x00000024   Dbug   RW  3094     .debug_pubnames     ap_usb.o
    0x00026524   0x00000024   Dbug   RW  3097     .debug_pubnames     ap_usb.o
    0x00026548   0x00000020   Dbug   RW  3100     .debug_pubnames     ap_usb.o
    0x00026568   0x00000024   Dbug   RW  3103     .debug_pubnames     ap_usb.o
    0x0002658c   0x00000024   Dbug   RW  3106     .debug_pubnames     ap_usb.o
    0x000265b0   0x00000020   Dbug   RW  3109     .debug_pubnames     ap_usb.o
    0x000265d0   0x00000030   Dbug   RW  3112     .debug_pubnames     ap_usb.o
    0x00026600   0x00000030   Dbug   RW  3115     .debug_pubnames     ap_usb.o
    0x00026630   0x00000028   Dbug   RW  3118     .debug_pubnames     ap_usb.o
    0x00026658   0x0000034c   Dbug   RW  3121     .debug_pubnames     ap_usb.o
    0x000269a4   0x00000214   Dbug   RW  3125     .debug_pubnames     ap_usb.o
    0x00026bb8   0x00000084   Dbug   RW  3130     .debug_pubnames     ap_usb.o
    0x00026c3c   0x00000344   Dbug   RW  3133     .debug_pubnames     ap_usb.o
    0x00026f80   0x00001478   Dbug   RW  3135     .debug_pubnames     ap_usb.o
    0x000283f8   0x00000218   Dbug   RW  3143     .debug_pubnames     ap_usb.o
    0x00028610   0x000001fc   Dbug   RW  3145     .debug_pubnames     ap_usb.o
    0x0002880c   0x0000002c   Dbug   RW  3263     .debug_pubnames     my_video_codec_callback.o
    0x00028838   0x00000030   Dbug   RW  3266     .debug_pubnames     my_video_codec_callback.o
    0x00028868   0x00000034   Dbug   RW  3269     .debug_pubnames     my_video_codec_callback.o
    0x0002889c   0x00000034   Dbug   RW  3272     .debug_pubnames     my_video_codec_callback.o
    0x000288d0   0x00000030   Dbug   RW  3275     .debug_pubnames     my_video_codec_callback.o
    0x00028900   0x0000002c   Dbug   RW  3278     .debug_pubnames     my_video_codec_callback.o
    0x0002892c   0x00000030   Dbug   RW  3281     .debug_pubnames     my_video_codec_callback.o
    0x0002895c   0x0000002c   Dbug   RW  3284     .debug_pubnames     my_video_codec_callback.o
    0x00028988   0x00000030   Dbug   RW  3287     .debug_pubnames     my_video_codec_callback.o
    0x000289b8   0x00000028   Dbug   RW  3290     .debug_pubnames     my_video_codec_callback.o
    0x000289e0   0x00000030   Dbug   RW  3293     .debug_pubnames     my_video_codec_callback.o
    0x00028a10   0x00000034   Dbug   RW  3296     .debug_pubnames     my_video_codec_callback.o
    0x00028a44   0x00000034   Dbug   RW  3299     .debug_pubnames     my_video_codec_callback.o
    0x00028a78   0x0000002c   Dbug   RW  3302     .debug_pubnames     my_video_codec_callback.o
    0x00028aa4   0x00000288   Dbug   RW  3305     .debug_pubnames     my_video_codec_callback.o
    0x00028d2c   0x0000026c   Dbug   RW  3309     .debug_pubnames     my_video_codec_callback.o
    0x00028f98   0x00001478   Dbug   RW  3313     .debug_pubnames     my_video_codec_callback.o
    0x0002a410   0x00000024   Dbug   RW  3328     .debug_pubnames     drv_l2_spifc.o
    0x0002a434   0x0000002c   Dbug   RW  3331     .debug_pubnames     drv_l2_spifc.o
    0x0002a460   0x0000002c   Dbug   RW  3334     .debug_pubnames     drv_l2_spifc.o
    0x0002a48c   0x0000002c   Dbug   RW  3337     .debug_pubnames     drv_l2_spifc.o
    0x0002a4b8   0x00000028   Dbug   RW  3340     .debug_pubnames     drv_l2_spifc.o
    0x0002a4e0   0x00000024   Dbug   RW  3343     .debug_pubnames     drv_l2_spifc.o
    0x0002a504   0x00000024   Dbug   RW  3346     .debug_pubnames     drv_l2_spifc.o
    0x0002a528   0x00000024   Dbug   RW  3349     .debug_pubnames     drv_l2_spifc.o
    0x0002a54c   0x00000024   Dbug   RW  3352     .debug_pubnames     drv_l2_spifc.o
    0x0002a570   0x0000002c   Dbug   RW  3355     .debug_pubnames     drv_l2_spifc.o
    0x0002a59c   0x00000024   Dbug   RW  3358     .debug_pubnames     drv_l2_spifc.o
    0x0002a5c0   0x00000028   Dbug   RW  3361     .debug_pubnames     drv_l2_spifc.o
    0x0002a5e8   0x00000100   Dbug   RW  3365     .debug_pubnames     drv_l2_spifc.o
    0x0002a6e8   0x00000024   Dbug   RW  3375     .debug_pubnames     drv_l1_spifc.o
    0x0002a70c   0x00000028   Dbug   RW  3378     .debug_pubnames     drv_l1_spifc.o
    0x0002a734   0x00000030   Dbug   RW  3381     .debug_pubnames     drv_l1_spifc.o
    0x0002a764   0x00000030   Dbug   RW  3384     .debug_pubnames     drv_l1_spifc.o
    0x0002a794   0x00000030   Dbug   RW  3387     .debug_pubnames     drv_l1_spifc.o
    0x0002a7c4   0x0000002c   Dbug   RW  3390     .debug_pubnames     drv_l1_spifc.o
    0x0002a7f0   0x00000030   Dbug   RW  3393     .debug_pubnames     drv_l1_spifc.o
    0x0002a820   0x0000002c   Dbug   RW  3396     .debug_pubnames     drv_l1_spifc.o
    0x0002a84c   0x00000024   Dbug   RW  3399     .debug_pubnames     drv_l1_spifc.o
    0x0002a870   0x00000028   Dbug   RW  3402     .debug_pubnames     drv_l1_spifc.o
    0x0002a898   0x00000020   Dbug   RW  3405     .debug_pubnames     drv_l1_spifc.o
    0x0002a8b8   0x000000fc   Dbug   RW  3409     .debug_pubnames     drv_l1_spifc.o
    0x0002a9b4   0x00000024   Dbug   RW  3415     .debug_pubnames     spi_flash_mxic.o
    0x0002a9d8   0x00000020   Dbug   RW  3418     .debug_pubnames     spi_flash_mxic.o
    0x0002a9f8   0x00000028   Dbug   RW  3421     .debug_pubnames     spi_flash_mxic.o
    0x0002aa20   0x00000028   Dbug   RW  3424     .debug_pubnames     spi_flash_mxic.o
    0x0002aa48   0x0000002c   Dbug   RW  3427     .debug_pubnames     spi_flash_mxic.o
    0x0002aa74   0x00000024   Dbug   RW  3430     .debug_pubnames     spi_flash_mxic.o
    0x0002aa98   0x00000024   Dbug   RW  3433     .debug_pubnames     spi_flash_mxic.o
    0x0002aabc   0x0000002c   Dbug   RW  3436     .debug_pubnames     spi_flash_mxic.o
    0x0002aae8   0x00000098   Dbug   RW  3442     .debug_pubnames     spi_flash_mxic.o
    0x0002ab80   0x00000024   Dbug   RW  3456     .debug_pubnames     drv_l2_sensor.o
    0x0002aba4   0x00000030   Dbug   RW  3459     .debug_pubnames     drv_l2_sensor.o
    0x0002abd4   0x00000028   Dbug   RW  3462     .debug_pubnames     drv_l2_sensor.o
    0x0002abfc   0x00000028   Dbug   RW  3465     .debug_pubnames     drv_l2_sensor.o
    0x0002ac24   0x00000028   Dbug   RW  3468     .debug_pubnames     drv_l2_sensor.o
    0x0002ac4c   0x00000024   Dbug   RW  3471     .debug_pubnames     drv_l2_sensor.o
    0x0002ac70   0x000000ac   Dbug   RW  3474     .debug_pubnames     drv_l2_sensor.o
    0x0002ad1c   0x000000c8   Dbug   RW  3478     .debug_pubnames     drv_l2_sensor.o
    0x0002ade4   0x0000002c   Dbug   RW  3485     .debug_pubnames     drv_l1_cdsp.o
    0x0002ae10   0x00000028   Dbug   RW  3488     .debug_pubnames     drv_l1_cdsp.o
    0x0002ae38   0x00000028   Dbug   RW  3491     .debug_pubnames     drv_l1_cdsp.o
    0x0002ae60   0x00000028   Dbug   RW  3494     .debug_pubnames     drv_l1_cdsp.o
    0x0002ae88   0x00000034   Dbug   RW  3497     .debug_pubnames     drv_l1_cdsp.o
    0x0002aebc   0x00000034   Dbug   RW  3500     .debug_pubnames     drv_l1_cdsp.o
    0x0002aef0   0x0000002c   Dbug   RW  3503     .debug_pubnames     drv_l1_cdsp.o
    0x0002af1c   0x0000002c   Dbug   RW  3506     .debug_pubnames     drv_l1_cdsp.o
    0x0002af48   0x0000002c   Dbug   RW  3509     .debug_pubnames     drv_l1_cdsp.o
    0x0002af74   0x00000034   Dbug   RW  3512     .debug_pubnames     drv_l1_cdsp.o
    0x0002afa8   0x00000024   Dbug   RW  3515     .debug_pubnames     drv_l1_cdsp.o
    0x0002afcc   0x00000030   Dbug   RW  3518     .debug_pubnames     drv_l1_cdsp.o
    0x0002affc   0x0000002c   Dbug   RW  3521     .debug_pubnames     drv_l1_cdsp.o
    0x0002b028   0x00000028   Dbug   RW  3524     .debug_pubnames     drv_l1_cdsp.o
    0x0002b050   0x0000002c   Dbug   RW  3527     .debug_pubnames     drv_l1_cdsp.o
    0x0002b07c   0x00000028   Dbug   RW  3530     .debug_pubnames     drv_l1_cdsp.o
    0x0002b0a4   0x0000002c   Dbug   RW  3533     .debug_pubnames     drv_l1_cdsp.o
    0x0002b0d0   0x00000030   Dbug   RW  3536     .debug_pubnames     drv_l1_cdsp.o
    0x0002b100   0x0000002c   Dbug   RW  3539     .debug_pubnames     drv_l1_cdsp.o
    0x0002b12c   0x00000028   Dbug   RW  3542     .debug_pubnames     drv_l1_cdsp.o
    0x0002b154   0x00000030   Dbug   RW  3545     .debug_pubnames     drv_l1_cdsp.o
    0x0002b184   0x00000028   Dbug   RW  3548     .debug_pubnames     drv_l1_cdsp.o
    0x0002b1ac   0x00000028   Dbug   RW  3551     .debug_pubnames     drv_l1_cdsp.o
    0x0002b1d4   0x0000002c   Dbug   RW  3554     .debug_pubnames     drv_l1_cdsp.o
    0x0002b200   0x0000002c   Dbug   RW  3557     .debug_pubnames     drv_l1_cdsp.o
    0x0002b22c   0x0000002c   Dbug   RW  3560     .debug_pubnames     drv_l1_cdsp.o
    0x0002b258   0x0000002c   Dbug   RW  3563     .debug_pubnames     drv_l1_cdsp.o
    0x0002b284   0x0000002c   Dbug   RW  3566     .debug_pubnames     drv_l1_cdsp.o
    0x0002b2b0   0x0000002c   Dbug   RW  3569     .debug_pubnames     drv_l1_cdsp.o
    0x0002b2dc   0x00000028   Dbug   RW  3572     .debug_pubnames     drv_l1_cdsp.o
    0x0002b304   0x0000002c   Dbug   RW  3575     .debug_pubnames     drv_l1_cdsp.o
    0x0002b330   0x00000028   Dbug   RW  3578     .debug_pubnames     drv_l1_cdsp.o
    0x0002b358   0x00000028   Dbug   RW  3581     .debug_pubnames     drv_l1_cdsp.o
    0x0002b380   0x0000002c   Dbug   RW  3584     .debug_pubnames     drv_l1_cdsp.o
    0x0002b3ac   0x00000030   Dbug   RW  3587     .debug_pubnames     drv_l1_cdsp.o
    0x0002b3dc   0x00000030   Dbug   RW  3590     .debug_pubnames     drv_l1_cdsp.o
    0x0002b40c   0x00000028   Dbug   RW  3593     .debug_pubnames     drv_l1_cdsp.o
    0x0002b434   0x0000002c   Dbug   RW  3596     .debug_pubnames     drv_l1_cdsp.o
    0x0002b460   0x00000028   Dbug   RW  3599     .debug_pubnames     drv_l1_cdsp.o
    0x0002b488   0x00000028   Dbug   RW  3602     .debug_pubnames     drv_l1_cdsp.o
    0x0002b4b0   0x0000002c   Dbug   RW  3605     .debug_pubnames     drv_l1_cdsp.o
    0x0002b4dc   0x0000002c   Dbug   RW  3608     .debug_pubnames     drv_l1_cdsp.o
    0x0002b508   0x00000028   Dbug   RW  3611     .debug_pubnames     drv_l1_cdsp.o
    0x0002b530   0x00000028   Dbug   RW  3614     .debug_pubnames     drv_l1_cdsp.o
    0x0002b558   0x0000002c   Dbug   RW  3617     .debug_pubnames     drv_l1_cdsp.o
    0x0002b584   0x0000002c   Dbug   RW  3620     .debug_pubnames     drv_l1_cdsp.o
    0x0002b5b0   0x00000024   Dbug   RW  3623     .debug_pubnames     drv_l1_cdsp.o
    0x0002b5d4   0x0000002c   Dbug   RW  3626     .debug_pubnames     drv_l1_cdsp.o
    0x0002b600   0x0000002c   Dbug   RW  3629     .debug_pubnames     drv_l1_cdsp.o
    0x0002b62c   0x00000028   Dbug   RW  3632     .debug_pubnames     drv_l1_cdsp.o
    0x0002b654   0x00000028   Dbug   RW  3635     .debug_pubnames     drv_l1_cdsp.o
    0x0002b67c   0x00000020   Dbug   RW  3638     .debug_pubnames     drv_l1_cdsp.o
    0x0002b69c   0x00000020   Dbug   RW  3641     .debug_pubnames     drv_l1_cdsp.o
    0x0002b6bc   0x00000020   Dbug   RW  3644     .debug_pubnames     drv_l1_cdsp.o
    0x0002b6dc   0x00000020   Dbug   RW  3647     .debug_pubnames     drv_l1_cdsp.o
    0x0002b6fc   0x00000034   Dbug   RW  3650     .debug_pubnames     drv_l1_cdsp.o
    0x0002b730   0x00000024   Dbug   RW  3653     .debug_pubnames     drv_l1_cdsp.o
    0x0002b754   0x00000024   Dbug   RW  3656     .debug_pubnames     drv_l1_cdsp.o
    0x0002b778   0x00000024   Dbug   RW  3659     .debug_pubnames     drv_l1_cdsp.o
    0x0002b79c   0x00000030   Dbug   RW  3662     .debug_pubnames     drv_l1_cdsp.o
    0x0002b7cc   0x0000002c   Dbug   RW  3665     .debug_pubnames     drv_l1_cdsp.o
    0x0002b7f8   0x0000002c   Dbug   RW  3668     .debug_pubnames     drv_l1_cdsp.o
    0x0002b824   0x0000002c   Dbug   RW  3671     .debug_pubnames     drv_l1_cdsp.o
    0x0002b850   0x0000002c   Dbug   RW  3674     .debug_pubnames     drv_l1_cdsp.o
    0x0002b87c   0x00000028   Dbug   RW  3677     .debug_pubnames     drv_l1_cdsp.o
    0x0002b8a4   0x00000028   Dbug   RW  3680     .debug_pubnames     drv_l1_cdsp.o
    0x0002b8cc   0x0000002c   Dbug   RW  3683     .debug_pubnames     drv_l1_cdsp.o
    0x0002b8f8   0x0000002c   Dbug   RW  3686     .debug_pubnames     drv_l1_cdsp.o
    0x0002b924   0x0000002c   Dbug   RW  3689     .debug_pubnames     drv_l1_cdsp.o
    0x0002b950   0x0000002c   Dbug   RW  3692     .debug_pubnames     drv_l1_cdsp.o
    0x0002b97c   0x0000002c   Dbug   RW  3695     .debug_pubnames     drv_l1_cdsp.o
    0x0002b9a8   0x00000028   Dbug   RW  3698     .debug_pubnames     drv_l1_cdsp.o
    0x0002b9d0   0x0000002c   Dbug   RW  3701     .debug_pubnames     drv_l1_cdsp.o
    0x0002b9fc   0x00000030   Dbug   RW  3704     .debug_pubnames     drv_l1_cdsp.o
    0x0002ba2c   0x00000028   Dbug   RW  3707     .debug_pubnames     drv_l1_cdsp.o
    0x0002ba54   0x0000002c   Dbug   RW  3710     .debug_pubnames     drv_l1_cdsp.o
    0x0002ba80   0x0000002c   Dbug   RW  3713     .debug_pubnames     drv_l1_cdsp.o
    0x0002baac   0x0000002c   Dbug   RW  3716     .debug_pubnames     drv_l1_cdsp.o
    0x0002bad8   0x0000002c   Dbug   RW  3719     .debug_pubnames     drv_l1_cdsp.o
    0x0002bb04   0x00000028   Dbug   RW  3722     .debug_pubnames     drv_l1_cdsp.o
    0x0002bb2c   0x0000002c   Dbug   RW  3725     .debug_pubnames     drv_l1_cdsp.o
    0x0002bb58   0x0000002c   Dbug   RW  3728     .debug_pubnames     drv_l1_cdsp.o
    0x0002bb84   0x00000030   Dbug   RW  3731     .debug_pubnames     drv_l1_cdsp.o
    0x0002bbb4   0x00000030   Dbug   RW  3734     .debug_pubnames     drv_l1_cdsp.o
    0x0002bbe4   0x0000002c   Dbug   RW  3737     .debug_pubnames     drv_l1_cdsp.o
    0x0002bc10   0x00000030   Dbug   RW  3740     .debug_pubnames     drv_l1_cdsp.o
    0x0002bc40   0x0000002c   Dbug   RW  3743     .debug_pubnames     drv_l1_cdsp.o
    0x0002bc6c   0x0000002c   Dbug   RW  3746     .debug_pubnames     drv_l1_cdsp.o
    0x0002bc98   0x00000030   Dbug   RW  3749     .debug_pubnames     drv_l1_cdsp.o
    0x0002bcc8   0x0000002c   Dbug   RW  3752     .debug_pubnames     drv_l1_cdsp.o
    0x0002bcf4   0x0000002c   Dbug   RW  3755     .debug_pubnames     drv_l1_cdsp.o
    0x0002bd20   0x0000002c   Dbug   RW  3758     .debug_pubnames     drv_l1_cdsp.o
    0x0002bd4c   0x00000030   Dbug   RW  3761     .debug_pubnames     drv_l1_cdsp.o
    0x0002bd7c   0x00000034   Dbug   RW  3764     .debug_pubnames     drv_l1_cdsp.o
    0x0002bdb0   0x00000030   Dbug   RW  3767     .debug_pubnames     drv_l1_cdsp.o
    0x0002bde0   0x0000002c   Dbug   RW  3770     .debug_pubnames     drv_l1_cdsp.o
    0x0002be0c   0x00000030   Dbug   RW  3773     .debug_pubnames     drv_l1_cdsp.o
    0x0002be3c   0x0000002c   Dbug   RW  3776     .debug_pubnames     drv_l1_cdsp.o
    0x0002be68   0x0000002c   Dbug   RW  3779     .debug_pubnames     drv_l1_cdsp.o
    0x0002be94   0x0000002c   Dbug   RW  3782     .debug_pubnames     drv_l1_cdsp.o
    0x0002bec0   0x00000030   Dbug   RW  3785     .debug_pubnames     drv_l1_cdsp.o
    0x0002bef0   0x0000002c   Dbug   RW  3788     .debug_pubnames     drv_l1_cdsp.o
    0x0002bf1c   0x00000028   Dbug   RW  3791     .debug_pubnames     drv_l1_cdsp.o
    0x0002bf44   0x00000028   Dbug   RW  3794     .debug_pubnames     drv_l1_cdsp.o
    0x0002bf6c   0x00000028   Dbug   RW  3797     .debug_pubnames     drv_l1_cdsp.o
    0x0002bf94   0x00000028   Dbug   RW  3800     .debug_pubnames     drv_l1_cdsp.o
    0x0002bfbc   0x0000002c   Dbug   RW  3803     .debug_pubnames     drv_l1_cdsp.o
    0x0002bfe8   0x00000034   Dbug   RW  3806     .debug_pubnames     drv_l1_cdsp.o
    0x0002c01c   0x00000028   Dbug   RW  3809     .debug_pubnames     drv_l1_cdsp.o
    0x0002c044   0x0000002c   Dbug   RW  3812     .debug_pubnames     drv_l1_cdsp.o
    0x0002c070   0x0000002c   Dbug   RW  3815     .debug_pubnames     drv_l1_cdsp.o
    0x0002c09c   0x00000030   Dbug   RW  3818     .debug_pubnames     drv_l1_cdsp.o
    0x0002c0cc   0x00000034   Dbug   RW  3821     .debug_pubnames     drv_l1_cdsp.o
    0x0002c100   0x00000030   Dbug   RW  3824     .debug_pubnames     drv_l1_cdsp.o
    0x0002c130   0x00000030   Dbug   RW  3827     .debug_pubnames     drv_l1_cdsp.o
    0x0002c160   0x00000028   Dbug   RW  3830     .debug_pubnames     drv_l1_cdsp.o
    0x0002c188   0x0000002c   Dbug   RW  3833     .debug_pubnames     drv_l1_cdsp.o
    0x0002c1b4   0x0000002c   Dbug   RW  3836     .debug_pubnames     drv_l1_cdsp.o
    0x0002c1e0   0x00000030   Dbug   RW  3839     .debug_pubnames     drv_l1_cdsp.o
    0x0002c210   0x00000030   Dbug   RW  3842     .debug_pubnames     drv_l1_cdsp.o
    0x0002c240   0x0000002c   Dbug   RW  3845     .debug_pubnames     drv_l1_cdsp.o
    0x0002c26c   0x0000002c   Dbug   RW  3848     .debug_pubnames     drv_l1_cdsp.o
    0x0002c298   0x0000002c   Dbug   RW  3851     .debug_pubnames     drv_l1_cdsp.o
    0x0002c2c4   0x00000028   Dbug   RW  3854     .debug_pubnames     drv_l1_cdsp.o
    0x0002c2ec   0x00000030   Dbug   RW  3857     .debug_pubnames     drv_l1_cdsp.o
    0x0002c31c   0x0000002c   Dbug   RW  3860     .debug_pubnames     drv_l1_cdsp.o
    0x0002c348   0x0000002c   Dbug   RW  3863     .debug_pubnames     drv_l1_cdsp.o
    0x0002c374   0x0000002c   Dbug   RW  3866     .debug_pubnames     drv_l1_cdsp.o
    0x0002c3a0   0x00000028   Dbug   RW  3869     .debug_pubnames     drv_l1_cdsp.o
    0x0002c3c8   0x00000028   Dbug   RW  3872     .debug_pubnames     drv_l1_cdsp.o
    0x0002c3f0   0x00000028   Dbug   RW  3875     .debug_pubnames     drv_l1_cdsp.o
    0x0002c418   0x00000028   Dbug   RW  3878     .debug_pubnames     drv_l1_cdsp.o
    0x0002c440   0x00000028   Dbug   RW  3881     .debug_pubnames     drv_l1_cdsp.o
    0x0002c468   0x00000028   Dbug   RW  3884     .debug_pubnames     drv_l1_cdsp.o
    0x0002c490   0x00000024   Dbug   RW  3887     .debug_pubnames     drv_l1_cdsp.o
    0x0002c4b4   0x00000028   Dbug   RW  3890     .debug_pubnames     drv_l1_cdsp.o
    0x0002c4dc   0x00000028   Dbug   RW  3893     .debug_pubnames     drv_l1_cdsp.o
    0x0002c504   0x0000002c   Dbug   RW  3896     .debug_pubnames     drv_l1_cdsp.o
    0x0002c530   0x0000002c   Dbug   RW  3899     .debug_pubnames     drv_l1_cdsp.o
    0x0002c55c   0x0000002c   Dbug   RW  3902     .debug_pubnames     drv_l1_cdsp.o
    0x0002c588   0x00000028   Dbug   RW  3905     .debug_pubnames     drv_l1_cdsp.o
    0x0002c5b0   0x00000028   Dbug   RW  3908     .debug_pubnames     drv_l1_cdsp.o
    0x0002c5d8   0x00000028   Dbug   RW  3911     .debug_pubnames     drv_l1_cdsp.o
    0x0002c600   0x00000030   Dbug   RW  3914     .debug_pubnames     drv_l1_cdsp.o
    0x0002c630   0x0000002c   Dbug   RW  3917     .debug_pubnames     drv_l1_cdsp.o
    0x0002c65c   0x00000028   Dbug   RW  3920     .debug_pubnames     drv_l1_cdsp.o
    0x0002c684   0x0000002c   Dbug   RW  3923     .debug_pubnames     drv_l1_cdsp.o
    0x0002c6b0   0x00000028   Dbug   RW  3926     .debug_pubnames     drv_l1_cdsp.o
    0x0002c6d8   0x0000002c   Dbug   RW  3929     .debug_pubnames     drv_l1_cdsp.o
    0x0002c704   0x00000028   Dbug   RW  3932     .debug_pubnames     drv_l1_cdsp.o
    0x0002c72c   0x00000028   Dbug   RW  3935     .debug_pubnames     drv_l1_cdsp.o
    0x0002c754   0x00000030   Dbug   RW  3938     .debug_pubnames     drv_l1_cdsp.o
    0x0002c784   0x0000002c   Dbug   RW  3941     .debug_pubnames     drv_l1_cdsp.o
    0x0002c7b0   0x00000028   Dbug   RW  3944     .debug_pubnames     drv_l1_cdsp.o
    0x0002c7d8   0x00000028   Dbug   RW  3947     .debug_pubnames     drv_l1_cdsp.o
    0x0002c800   0x0000002c   Dbug   RW  3950     .debug_pubnames     drv_l1_cdsp.o
    0x0002c82c   0x0000002c   Dbug   RW  3953     .debug_pubnames     drv_l1_cdsp.o
    0x0002c858   0x0000002c   Dbug   RW  3956     .debug_pubnames     drv_l1_cdsp.o
    0x0002c884   0x0000002c   Dbug   RW  3959     .debug_pubnames     drv_l1_cdsp.o
    0x0002c8b0   0x00000024   Dbug   RW  3962     .debug_pubnames     drv_l1_cdsp.o
    0x0002c8d4   0x00000028   Dbug   RW  3965     .debug_pubnames     drv_l1_cdsp.o
    0x0002c8fc   0x0000002c   Dbug   RW  3968     .debug_pubnames     drv_l1_cdsp.o
    0x0002c928   0x0000002c   Dbug   RW  3971     .debug_pubnames     drv_l1_cdsp.o
    0x0002c954   0x00000030   Dbug   RW  3974     .debug_pubnames     drv_l1_cdsp.o
    0x0002c984   0x0000002c   Dbug   RW  3977     .debug_pubnames     drv_l1_cdsp.o
    0x0002c9b0   0x0000002c   Dbug   RW  3980     .debug_pubnames     drv_l1_cdsp.o
    0x0002c9dc   0x00000028   Dbug   RW  3983     .debug_pubnames     drv_l1_cdsp.o
    0x0002ca04   0x00000024   Dbug   RW  3986     .debug_pubnames     drv_l1_cdsp.o
    0x0002ca28   0x00000034   Dbug   RW  3989     .debug_pubnames     drv_l1_cdsp.o
    0x0002ca5c   0x0000002c   Dbug   RW  3992     .debug_pubnames     drv_l1_cdsp.o
    0x0002ca88   0x00000030   Dbug   RW  3995     .debug_pubnames     drv_l1_cdsp.o
    0x0002cab8   0x0000002c   Dbug   RW  3998     .debug_pubnames     drv_l1_cdsp.o
    0x0002cae4   0x0000002c   Dbug   RW  4001     .debug_pubnames     drv_l1_cdsp.o
    0x0002cb10   0x0000002c   Dbug   RW  4004     .debug_pubnames     drv_l1_cdsp.o
    0x0002cb3c   0x0000002c   Dbug   RW  4007     .debug_pubnames     drv_l1_cdsp.o
    0x0002cb68   0x0000002c   Dbug   RW  4010     .debug_pubnames     drv_l1_cdsp.o
    0x0002cb94   0x0000002c   Dbug   RW  4013     .debug_pubnames     drv_l1_cdsp.o
    0x0002cbc0   0x0000002c   Dbug   RW  4016     .debug_pubnames     drv_l1_cdsp.o
    0x0002cbec   0x0000002c   Dbug   RW  4019     .debug_pubnames     drv_l1_cdsp.o
    0x0002cc18   0x00000030   Dbug   RW  4022     .debug_pubnames     drv_l1_cdsp.o
    0x0002cc48   0x00000030   Dbug   RW  4025     .debug_pubnames     drv_l1_cdsp.o
    0x0002cc78   0x00000038   Dbug   RW  4028     .debug_pubnames     drv_l1_cdsp.o
    0x0002ccb0   0x00000030   Dbug   RW  4031     .debug_pubnames     drv_l1_cdsp.o
    0x0002cce0   0x0000002c   Dbug   RW  4034     .debug_pubnames     drv_l1_cdsp.o
    0x0002cd0c   0x0000002c   Dbug   RW  4037     .debug_pubnames     drv_l1_cdsp.o
    0x0002cd38   0x00000030   Dbug   RW  4040     .debug_pubnames     drv_l1_cdsp.o
    0x0002cd68   0x00000030   Dbug   RW  4043     .debug_pubnames     drv_l1_cdsp.o
    0x0002cd98   0x00000030   Dbug   RW  4046     .debug_pubnames     drv_l1_cdsp.o
    0x0002cdc8   0x00000030   Dbug   RW  4049     .debug_pubnames     drv_l1_cdsp.o
    0x0002cdf8   0x0000002c   Dbug   RW  4052     .debug_pubnames     drv_l1_cdsp.o
    0x0002ce24   0x00000030   Dbug   RW  4055     .debug_pubnames     drv_l1_cdsp.o
    0x0002ce54   0x0000002c   Dbug   RW  4058     .debug_pubnames     drv_l1_cdsp.o
    0x0002ce80   0x00000020   Dbug   RW  4061     .debug_pubnames     drv_l1_cdsp.o
    0x0002cea0   0x00000028   Dbug   RW  4064     .debug_pubnames     drv_l1_cdsp.o
    0x0002cec8   0x00000028   Dbug   RW  4067     .debug_pubnames     drv_l1_cdsp.o
    0x0002cef0   0x000000d4   Dbug   RW  4070     .debug_pubnames     drv_l1_cdsp.o
    0x0002cfc4   0x000012f8   Dbug   RW  4074     .debug_pubnames     drv_l1_cdsp.o
    0x0002e2bc   0x00000024   Dbug   RW  4082     .debug_pubnames     drv_l1_front.o
    0x0002e2e0   0x0000002c   Dbug   RW  4085     .debug_pubnames     drv_l1_front.o
    0x0002e30c   0x0000002c   Dbug   RW  4088     .debug_pubnames     drv_l1_front.o
    0x0002e338   0x0000002c   Dbug   RW  4091     .debug_pubnames     drv_l1_front.o
    0x0002e364   0x00000030   Dbug   RW  4094     .debug_pubnames     drv_l1_front.o
    0x0002e394   0x00000030   Dbug   RW  4097     .debug_pubnames     drv_l1_front.o
    0x0002e3c4   0x00000030   Dbug   RW  4100     .debug_pubnames     drv_l1_front.o
    0x0002e3f4   0x00000028   Dbug   RW  4103     .debug_pubnames     drv_l1_front.o
    0x0002e41c   0x00000028   Dbug   RW  4106     .debug_pubnames     drv_l1_front.o
    0x0002e444   0x0000002c   Dbug   RW  4109     .debug_pubnames     drv_l1_front.o
    0x0002e470   0x00000028   Dbug   RW  4112     .debug_pubnames     drv_l1_front.o
    0x0002e498   0x0000002c   Dbug   RW  4115     .debug_pubnames     drv_l1_front.o
    0x0002e4c4   0x00000028   Dbug   RW  4118     .debug_pubnames     drv_l1_front.o
    0x0002e4ec   0x0000002c   Dbug   RW  4121     .debug_pubnames     drv_l1_front.o
    0x0002e518   0x00000028   Dbug   RW  4124     .debug_pubnames     drv_l1_front.o
    0x0002e540   0x00000028   Dbug   RW  4127     .debug_pubnames     drv_l1_front.o
    0x0002e568   0x0000002c   Dbug   RW  4130     .debug_pubnames     drv_l1_front.o
    0x0002e594   0x00000028   Dbug   RW  4133     .debug_pubnames     drv_l1_front.o
    0x0002e5bc   0x0000002c   Dbug   RW  4136     .debug_pubnames     drv_l1_front.o
    0x0002e5e8   0x0000002c   Dbug   RW  4139     .debug_pubnames     drv_l1_front.o
    0x0002e614   0x00000030   Dbug   RW  4142     .debug_pubnames     drv_l1_front.o
    0x0002e644   0x00000030   Dbug   RW  4145     .debug_pubnames     drv_l1_front.o
    0x0002e674   0x0000002c   Dbug   RW  4148     .debug_pubnames     drv_l1_front.o
    0x0002e6a0   0x00000030   Dbug   RW  4151     .debug_pubnames     drv_l1_front.o
    0x0002e6d0   0x00000030   Dbug   RW  4154     .debug_pubnames     drv_l1_front.o
    0x0002e700   0x00000294   Dbug   RW  4160     .debug_pubnames     drv_l1_front.o
    0x0002e994   0x000001ac   Dbug   RW  4165     .debug_pubnames     drv_l1_front.o
    0x0002eb40   0x00000028   Dbug   RW  4171     .debug_pubnames     drv_l2_cdsp.o
    0x0002eb68   0x0000002c   Dbug   RW  4174     .debug_pubnames     drv_l2_cdsp.o
    0x0002eb94   0x0000002c   Dbug   RW  4177     .debug_pubnames     drv_l2_cdsp.o
    0x0002ebc0   0x00000028   Dbug   RW  4180     .debug_pubnames     drv_l2_cdsp.o
    0x0002ebe8   0x00000028   Dbug   RW  4183     .debug_pubnames     drv_l2_cdsp.o
    0x0002ec10   0x00000028   Dbug   RW  4186     .debug_pubnames     drv_l2_cdsp.o
    0x0002ec38   0x0000002c   Dbug   RW  4189     .debug_pubnames     drv_l2_cdsp.o
    0x0002ec64   0x0000002c   Dbug   RW  4192     .debug_pubnames     drv_l2_cdsp.o
    0x0002ec90   0x0000002c   Dbug   RW  4195     .debug_pubnames     drv_l2_cdsp.o
    0x0002ecbc   0x00000028   Dbug   RW  4198     .debug_pubnames     drv_l2_cdsp.o
    0x0002ece4   0x0000002c   Dbug   RW  4201     .debug_pubnames     drv_l2_cdsp.o
    0x0002ed10   0x00000038   Dbug   RW  4204     .debug_pubnames     drv_l2_cdsp.o
    0x0002ed48   0x00000024   Dbug   RW  4207     .debug_pubnames     drv_l2_cdsp.o
    0x0002ed6c   0x0000002c   Dbug   RW  4210     .debug_pubnames     drv_l2_cdsp.o
    0x0002ed98   0x0000002c   Dbug   RW  4213     .debug_pubnames     drv_l2_cdsp.o
    0x0002edc4   0x0000002c   Dbug   RW  4216     .debug_pubnames     drv_l2_cdsp.o
    0x0002edf0   0x00000024   Dbug   RW  4219     .debug_pubnames     drv_l2_cdsp.o
    0x0002ee14   0x00000028   Dbug   RW  4222     .debug_pubnames     drv_l2_cdsp.o
    0x0002ee3c   0x0000002c   Dbug   RW  4225     .debug_pubnames     drv_l2_cdsp.o
    0x0002ee68   0x00000028   Dbug   RW  4228     .debug_pubnames     drv_l2_cdsp.o
    0x0002ee90   0x00000030   Dbug   RW  4231     .debug_pubnames     drv_l2_cdsp.o
    0x0002eec0   0x00000024   Dbug   RW  4234     .debug_pubnames     drv_l2_cdsp.o
    0x0002eee4   0x00000030   Dbug   RW  4237     .debug_pubnames     drv_l2_cdsp.o
    0x0002ef14   0x000001b8   Dbug   RW  4240     .debug_pubnames     drv_l2_cdsp.o
    0x0002f0cc   0x00000478   Dbug   RW  4244     .debug_pubnames     drv_l2_cdsp.o
    0x0002f544   0x00000070   Dbug   RW  4263     .debug_pubnames     sensor_isp_table.o
    0x0002f5b4   0x00000020   Dbug   RW  4276     .debug_pubnames     drv_l1_gsensor.o
    0x0002f5d4   0x00000020   Dbug   RW  4279     .debug_pubnames     drv_l1_gsensor.o
    0x0002f5f4   0x00000020   Dbug   RW  4282     .debug_pubnames     drv_l1_gsensor.o
    0x0002f614   0x00000024   Dbug   RW  4285     .debug_pubnames     drv_l1_gsensor.o
    0x0002f638   0x00000028   Dbug   RW  4288     .debug_pubnames     drv_l1_gsensor.o
    0x0002f660   0x00000024   Dbug   RW  4291     .debug_pubnames     drv_l1_gsensor.o
    0x0002f684   0x00000028   Dbug   RW  4294     .debug_pubnames     drv_l1_gsensor.o
    0x0002f6ac   0x00000024   Dbug   RW  4297     .debug_pubnames     drv_l1_gsensor.o
    0x0002f6d0   0x00000024   Dbug   RW  4300     .debug_pubnames     drv_l1_gsensor.o
    0x0002f6f4   0x00000038   Dbug   RW  4303     .debug_pubnames     drv_l1_gsensor.o
    0x0002f72c   0x00000038   Dbug   RW  4306     .debug_pubnames     drv_l1_gsensor.o
    0x0002f764   0x00000030   Dbug   RW  4309     .debug_pubnames     drv_l1_gsensor.o
    0x0002f794   0x00000030   Dbug   RW  4312     .debug_pubnames     drv_l1_gsensor.o
    0x0002f7c4   0x00000030   Dbug   RW  4315     .debug_pubnames     drv_l1_gsensor.o
    0x0002f7f4   0x0000003c   Dbug   RW  4318     .debug_pubnames     drv_l1_gsensor.o
    0x0002f830   0x00000024   Dbug   RW  4321     .debug_pubnames     drv_l1_gsensor.o
    0x0002f854   0x00000030   Dbug   RW  4324     .debug_pubnames     drv_l1_gsensor.o
    0x0002f884   0x0000002c   Dbug   RW  4327     .debug_pubnames     drv_l1_gsensor.o
    0x0002f8b0   0x0000002c   Dbug   RW  4330     .debug_pubnames     drv_l1_gsensor.o
    0x0002f8dc   0x00000038   Dbug   RW  4333     .debug_pubnames     drv_l1_gsensor.o
    0x0002f914   0x00000274   Dbug   RW  4337     .debug_pubnames     drv_l1_gsensor.o
    0x0002fb88   0x00000020   Dbug   RW  4354     .debug_pubnames     spi_flash_disk.o
    0x0002fba8   0x00000034   Dbug   RW  4357     .debug_pubnames     spi_flash_disk.o
    0x0002fbdc   0x0000007c   Dbug   RW  4364     .debug_pubnames     spi_flash_disk.o
    0x0002fc58   0x0000001c   Dbug   RW  4368     .debug_pubnames     spi_flash_disk.o
    0x0002fc74   0x0000001c   Dbug   RW  4372     .debug_pubnames     spi_flash_disk.o
    0x0002fc90   0x0000002c   Dbug   RW  4376     .debug_pubnames     spi_flash_disk.o
    0x0002fcbc   0x00000068   Dbug   RW  4384     .debug_pubnames     spi_flash_disk.o
    0x0002fd24   0x0000009c   Dbug   RW  4388     .debug_pubnames     spi_flash_disk.o
    0x0002fdc0   0x00000020   Dbug   RW  4392     .debug_pubnames     spi_flash_disk.o
    0x0002fde0   0x00000030   Dbug   RW  4423     .debug_pubnames     drv_struct.o
    0x0002fe10   0x00000030   Dbug   RW  4429     .debug_pubnames     fs_drv_manager.o
    0x0002fe40   0x00000034   Dbug   RW  4432     .debug_pubnames     fs_drv_manager.o
    0x0002fe74   0x00000034   Dbug   RW  4435     .debug_pubnames     fs_drv_manager.o
    0x0002fea8   0x00000030   Dbug   RW  4438     .debug_pubnames     fs_drv_manager.o
    0x0002fed8   0x00000030   Dbug   RW  4441     .debug_pubnames     fs_drv_manager.o
    0x0002ff08   0x00000034   Dbug   RW  4444     .debug_pubnames     fs_drv_manager.o
    0x0002ff3c   0x00000048   Dbug   RW  4447     .debug_pubnames     fs_drv_manager.o
    0x0002ff84   0x000000cc   Dbug   RW  4451     .debug_pubnames     fs_drv_manager.o
    0x00030050   0x00000034   Dbug   RW  4459     .debug_pubnames     sd.o
    0x00030084   0x00000024   Dbug   RW  4462     .debug_pubnames     sd.o
    0x000300a8   0x00000024   Dbug   RW  4465     .debug_pubnames     sd.o
    0x000300cc   0x00000024   Dbug   RW  4468     .debug_pubnames     sd.o
    0x000300f0   0x00000024   Dbug   RW  4471     .debug_pubnames     sd.o
    0x00030114   0x00000028   Dbug   RW  4474     .debug_pubnames     sd.o
    0x0003013c   0x00000020   Dbug   RW  4477     .debug_pubnames     sd.o
    0x0003015c   0x00000024   Dbug   RW  4480     .debug_pubnames     sd.o
    0x00030180   0x00000028   Dbug   RW  4483     .debug_pubnames     sd.o
    0x000301a8   0x00000024   Dbug   RW  4486     .debug_pubnames     sd.o
    0x000301cc   0x000000d8   Dbug   RW  4489     .debug_pubnames     sd.o
    0x000302a4   0x00000120   Dbug   RW  4493     .debug_pubnames     sd.o
    0x000303c4   0x00000024   Dbug   RW  4519     .debug_pubnames     fs_os.o
    0x000303e8   0x00000024   Dbug   RW  4522     .debug_pubnames     fs_os.o
    0x0003040c   0x00000024   Dbug   RW  4525     .debug_pubnames     fs_os.o
    0x00030430   0x00000024   Dbug   RW  4528     .debug_pubnames     fs_os.o
    0x00030454   0x0000002c   Dbug   RW  4531     .debug_pubnames     fs_os.o
    0x00030480   0x0000002c   Dbug   RW  4534     .debug_pubnames     fs_os.o
    0x000304ac   0x00000024   Dbug   RW  4537     .debug_pubnames     fs_os.o
    0x000304d0   0x00000024   Dbug   RW  4540     .debug_pubnames     fs_os.o
    0x000304f4   0x000000a8   Dbug   RW  4546     .debug_pubnames     fs_os.o
    0x0003059c   0x00000344   Dbug   RW  4550     .debug_pubnames     fs_os.o
    0x000308e0   0x00000110   Dbug   RW  4571     .debug_pubnames     fsglobalvar.o
    0x000309f0   0x00000344   Dbug   RW  4574     .debug_pubnames     fsglobalvar.o
    0x00030d34   0x00000020   Dbug   RW  4578     .debug_pubnames     swap_byte.o
    0x00030d54   0x00000020   Dbug   RW  4581     .debug_pubnames     swap_byte.o
    0x00030d74   0x00000020   Dbug   RW  4584     .debug_pubnames     swap_byte.o
    0x00030d94   0x00000020   Dbug   RW  4587     .debug_pubnames     swap_byte.o
    0x00030db4   0x00000028   Dbug   RW  4590     .debug_pubnames     swap_byte.o
    0x00030ddc   0x00000058   Dbug   RW  4596     .debug_pubnames     swap_byte.o
    0x00030e34   0x00000034   Dbug   RW  4609     .debug_pubnames     sensor_gc1004.o
    0x00030e68   0x0000002c   Dbug   RW  4612     .debug_pubnames     sensor_gc1004.o
    0x00030e94   0x00000034   Dbug   RW  4615     .debug_pubnames     sensor_gc1004.o
    0x00030ec8   0x00000030   Dbug   RW  4618     .debug_pubnames     sensor_gc1004.o
    0x00030ef8   0x00000030   Dbug   RW  4621     .debug_pubnames     sensor_gc1004.o
    0x00030f28   0x00000030   Dbug   RW  4624     .debug_pubnames     sensor_gc1004.o
    0x00030f58   0x0000002c   Dbug   RW  4627     .debug_pubnames     sensor_gc1004.o
    0x00030f84   0x00000030   Dbug   RW  4630     .debug_pubnames     sensor_gc1004.o
    0x00030fb4   0x00000030   Dbug   RW  4633     .debug_pubnames     sensor_gc1004.o
    0x00030fe4   0x00000028   Dbug   RW  4636     .debug_pubnames     sensor_gc1004.o
    0x0003100c   0x00000030   Dbug   RW  4639     .debug_pubnames     sensor_gc1004.o
    0x0003103c   0x00000030   Dbug   RW  4642     .debug_pubnames     sensor_gc1004.o
    0x0003106c   0x00000024   Dbug   RW  4645     .debug_pubnames     sensor_gc1004.o
    0x00031090   0x0000002c   Dbug   RW  4648     .debug_pubnames     sensor_gc1004.o
    0x000310bc   0x0000009c   Dbug   RW  4651     .debug_pubnames     sensor_gc1004.o
    0x00031158   0x00000174   Dbug   RW  4655     .debug_pubnames     sensor_gc1004.o
    0x000312cc   0x000001c8   Dbug   RW  4660     .debug_pubnames     sensor_gc1004.o
    0x00031494   0x00000024   Dbug   RW  4666     .debug_pubnames     drv_l1_ext_mode.o
    0x000314b8   0x00000030   Dbug   RW  4669     .debug_pubnames     drv_l1_ext_mode.o
    0x000314e8   0x00000028   Dbug   RW  4672     .debug_pubnames     drv_l1_ext_mode.o
    0x00031510   0x00000028   Dbug   RW  4675     .debug_pubnames     drv_l1_ext_mode.o
    0x00031538   0x00000028   Dbug   RW  4678     .debug_pubnames     drv_l1_ext_mode.o
    0x00031560   0x0000007c   Dbug   RW  4682     .debug_pubnames     drv_l1_ext_mode.o
    0x000315dc   0x00001314   Dbug   RW  4686     .debug_pubnames     drv_l1_ext_mode.o
    0x000328f0   0x00000030   Dbug   RW  4692     .debug_pubnames     drv_l2_sd.o
    0x00032920   0x00000030   Dbug   RW  4695     .debug_pubnames     drv_l2_sd.o
    0x00032950   0x00000030   Dbug   RW  4698     .debug_pubnames     drv_l2_sd.o
    0x00032980   0x00000030   Dbug   RW  4701     .debug_pubnames     drv_l2_sd.o
    0x000329b0   0x00000030   Dbug   RW  4704     .debug_pubnames     drv_l2_sd.o
    0x000329e0   0x00000034   Dbug   RW  4707     .debug_pubnames     drv_l2_sd.o
    0x00032a14   0x00000034   Dbug   RW  4710     .debug_pubnames     drv_l2_sd.o
    0x00032a48   0x00000034   Dbug   RW  4713     .debug_pubnames     drv_l2_sd.o
    0x00032a7c   0x00000038   Dbug   RW  4716     .debug_pubnames     drv_l2_sd.o
    0x00032ab4   0x0000002c   Dbug   RW  4719     .debug_pubnames     drv_l2_sd.o
    0x00032ae0   0x0000002c   Dbug   RW  4722     .debug_pubnames     drv_l2_sd.o
    0x00032b0c   0x0000002c   Dbug   RW  4725     .debug_pubnames     drv_l2_sd.o
    0x00032b38   0x0000002c   Dbug   RW  4728     .debug_pubnames     drv_l2_sd.o
    0x00032b64   0x0000002c   Dbug   RW  4731     .debug_pubnames     drv_l2_sd.o
    0x00032b90   0x0000002c   Dbug   RW  4734     .debug_pubnames     drv_l2_sd.o
    0x00032bbc   0x0000002c   Dbug   RW  4737     .debug_pubnames     drv_l2_sd.o
    0x00032be8   0x00000030   Dbug   RW  4740     .debug_pubnames     drv_l2_sd.o
    0x00032c18   0x00000128   Dbug   RW  4743     .debug_pubnames     drv_l2_sd.o
    0x00032d40   0x0000027c   Dbug   RW  4747     .debug_pubnames     drv_l2_sd.o
    0x00032fbc   0x00000028   Dbug   RW  4772     .debug_pubnames     video_codec_dynamic_jpeg_Q.o
    0x00032fe4   0x00000038   Dbug   RW  4779     .debug_pubnames     ap_jh_message.o
    0x0003301c   0x00000034   Dbug   RW  4782     .debug_pubnames     ap_jh_message.o
    0x00033050   0x00000030   Dbug   RW  4785     .debug_pubnames     ap_jh_message.o
    0x00033080   0x00000040   Dbug   RW  4788     .debug_pubnames     ap_jh_message.o
    0x000330c0   0x00000028   Dbug   RW  4792     .debug_pubnames     ap_jh_message.o


================================================================================

Image component sizes


      Code    RO Data    RW Data    ZI Data      Debug   

    111540       8746       1730      35448    1194212   Object Totals
    153256       6223        809      27797      39396   Library Totals

================================================================================


      Code    RO Data    RW Data    ZI Data      Debug   

    264796      14969       2539      63245    1233608   Grand Totals

================================================================================

    Total RO  Size(Code + RO Data)               279765 ( 273.21kB)
    Total RW  Size(RW Data + ZI Data)             65784 (  64.24kB)
    Total ROM Size(Code + RO Data + RW Data)     282304 ( 275.69kB)

================================================================================

