
================================================================================

Memory Map of the image

  Image Entry point : 0x00000000

  Load Region ROM_LOAD (Base: 0x00000000, Size: 0x00044798, Max: 0x00800000, ABSOLUTE)

    Execution Region ROM1 (Base: 0x00000000, Size: 0x000426dc, Max: 0x00800000, ABSOLUTE)

    Base Addr    Size         Type   Attr  Idx  E Section Name        Object

    0x00000000   0x000002c8   Code   RO  1223   * StartUp             startup.o
    0x000002c8   0x00000130   Code   RO     1     .text               arm.o
    0x000003f8   0x00000758   Code   RO   109     .text               drv_l1_adc.o
    0x00000b50   0x0000055c   Code   RO   215     .text               drv_l1_cache.o
    0x000010ac   0x000015e8   Code   RO   271     .text               drv_l1_dma.o
    0x00002694   0x000001f4   Code   RO   324     .text               drv_l1_ext_int.o
    0x00002888   0x00000390   Code   RO   353     .text               drv_l1_gpio.o
    0x00002c18   0x0000010c   Code   RO   396     .text               drv_l1_init.o
    0x00002d24   0x00000368   Code   RO   444     .text               drv_l1_interrupt.o
    0x0000308c   0x00000288   Code   RO   494     .text               drv_l1_mic.o
    0x00003314   0x00001034   Code   RO   542     .text               drv_l1_rtc.o
    0x00004348   0x00000634   Code   RO   619     .text               drv_l1_spi.o
    0x0000497c   0x0000023c   Code   RO   676     .text               drv_l1_sw_timer.o
    0x00004bb8   0x00000024   Code   RO   709     .text               drv_l1_sw_timer_isr.o
    0x00004bdc   0x00000158   Code   RO   723     .text               drv_l1_system.o
    0x00004d34   0x00000fec   Code   RO   945     .text               drv_l1_timer.o
    0x00005d20   0x000006d8   Code   RO  1035     .text               drv_l1_uart.o
    0x000063f8   0x000002c0   Code   RO  1167     .text               gp_stdlib.o
    0x000066b8   0x00000150   Code   RO  1203     .text               main.o
    0x00006808   0x000005d4   Code   RO  1230     .text               system_timer.o
    0x00006ddc   0x00000004   Code   RO  1263     .text               driver_l2_init.o
    0x00006de0   0x000002ec   Code   RO  1330     .text               gplib_mm_gplus.o
    0x000070cc   0x00000510   Code   RO  1375     .text               gplib_calendar.o
    0x000075dc   0x00000010   Code   RO  1410     .text               gplib_init.o
    0x000075ec   0x000000a4   Code   RO  1422     .text               gplib_print_string.o
    0x00007690   0x00000ae8   Code   RO  1450     .text               nvram.o
    0x00008178   0x000000f4   Code   RO  1515     .text               task_state_handling.o
    0x0000826c   0x00000208   Code   RO  1547     .text               task_peripheral_handling.o
    0x00008474   0x00000370   Code   RO  1585     .text               msg_manager.o
    0x000087e4   0x00000424   Code   RO  1627     .text               video_codec_callback.o
    0x00008c08   0x000003fc   Code   RO  1674     .text               video_encoder.o
    0x00009004   0x000004e8   Code   RO  1737     .text               state_usb.o
    0x000094ec   0x000000f8   Code   RO  1797     .text               state_startup.o
    0x000095e4   0x00000018   Code   RO  1821     .text               ap_startup.o
    0x000095fc   0x0000086c   Code   RO  1839     .text               ap_video_preview.o
    0x00009e68   0x000006ac   Code   RO  1885     .text               state_video_preview.o
    0x0000a514   0x00000a24   Code   RO  1912     .text               ap_peripheral_handling.o
    0x0000af38   0x00001bec   Code   RO  1972     .text               ap_storage_service.o
    0x0000cb24   0x0000020c   Code   RO  2024     .text               task_storage_service.o
    0x0000cd30   0x00000508   Code   RO  2047     .text               ap_state_handling.o
    0x0000d238   0x00000518   Code   RO  2129     .text               ap_video_record.o
    0x0000d750   0x000007c4   Code   RO  2171     .text               state_video_record.o
    0x0000df14   0x00000480   Code   RO  2293     .text               drv_l1_sensor.o
    0x0000e394   0x00000420   Code   RO  2351     .text               ap_display.o
    0x0000e7b4   0x000009dc   Code   RO  2520     .text               ap_state_config.o
    0x0000f190   0x00000030   Code   RO  2898     .text               drv_l1_dac.o
    0x0000f1c0   0x000008a0   Code   RO  3035     .text               ap_usb.o
    0x0000fa60   0x000011b8   Code   RO  3245     .text               my_video_codec_callback.o
    0x00010c18   0x00000338   Code   RO  3437     .text               drv_l2_sensor.o
    0x00010f50   0x00002a10   Code   RO  3467     .text               drv_l1_cdsp.o
    0x00013960   0x0000058c   Code   RO  4065     .text               drv_l1_front.o
    0x00013eec   0x0000269c   Code   RO  4152     .text               drv_l2_cdsp.o
    0x00016588   0x00000990   Code   RO  4258     .text               drv_l1_gsensor.o
[...]
    0x000020dc   0x00000024   Dbug   RW   182     .debug_pubnames     drv_l1_adc.o
    0x00002100   0x00000030   Dbug   RW   185     .debug_pubnames     drv_l1_adc.o
    0x00002130   0x0000002c   Dbug   RW   188     .debug_pubnames     drv_l1_adc.o
    0x0000215c   0x00000028   Dbug   RW   191     .debug_pubnames     drv_l1_adc.o
    0x00002184   0x00000024   Dbug   RW   194     .debug_pubnames     drv_l1_adc.o
    0x000021a8   0x00000024   Dbug   RW   197     .debug_pubnames     drv_l1_adc.o
    0x000021cc   0x0000057c   Dbug   RW   200     .debug_pubnames     drv_l1_adc.o
    0x00002748   0x00000288   Dbug   RW   204     .debug_pubnames     drv_l1_adc.o
    0x000029d0   0x00000020   Dbug   RW   209     .debug_pubnames     drv_l1_adc.o
    0x000029f0   0x00000024   Dbug   RW   219     .debug_pubnames     drv_l1_cache.o
    0x00002a14   0x00000028   Dbug   RW   222     .debug_pubnames     drv_l1_cache.o
    0x00002a3c   0x00000030   Dbug   RW   225     .debug_pubnames     drv_l1_cache.o
    0x00002a6c   0x0000002c   Dbug   RW   228     .debug_pubnames     drv_l1_cache.o
    0x00002a98   0x00000028   Dbug   RW   231     .debug_pubnames     drv_l1_cache.o
    0x00002ac0   0x00000028   Dbug   RW   234     .debug_pubnames     drv_l1_cache.o
    0x00002ae8   0x0000002c   Dbug   RW   237     .debug_pubnames     drv_l1_cache.o
    0x00002b14   0x00000028   Dbug   RW   240     .debug_pubnames     drv_l1_cache.o
    0x00002b3c   0x0000002c   Dbug   RW   243     .debug_pubnames     drv_l1_cache.o
    0x00002b68   0x00000030   Dbug   RW   246     .debug_pubnames     drv_l1_cache.o
    0x00002b98   0x00000030   Dbug   RW   249     .debug_pubnames     drv_l1_cache.o
    0x00002bc8   0x00000024   Dbug   RW   252     .debug_pubnames     drv_l1_cache.o
    0x00002bec   0x00000024   Dbug   RW   255     .debug_pubnames     drv_l1_cache.o
    0x00002c10   0x00000024   Dbug   RW   258     .debug_pubnames     drv_l1_cache.o
    0x00002c34   0x00000030   Dbug   RW   261     .debug_pubnames     drv_l1_cache.o
    0x00002c64   0x00000024   Dbug   RW   264     .debug_pubnames     drv_l1_cache.o
    0x00002c88   0x0000017c   Dbug   RW   268     .debug_pubnames     drv_l1_cache.o
    0x00002e04   0x00000024   Dbug   RW   275     .debug_pubnames     drv_l1_dma.o
    0x00002e28   0x00000024   Dbug   RW   278     .debug_pubnames     drv_l1_dma.o
    0x00002e4c   0x0000002c   Dbug   RW   281     .debug_pubnames     drv_l1_dma.o
    0x00002e78   0x0000002c   Dbug   RW   284     .debug_pubnames     drv_l1_dma.o
    0x00002ea4   0x00000028   Dbug   RW   287     .debug_pubnames     drv_l1_dma.o
    0x00002ecc   0x00000028   Dbug   RW   290     .debug_pubnames     drv_l1_dma.o
    0x00002ef4   0x0000002c   Dbug   RW   293     .debug_pubnames     drv_l1_dma.o
    0x00002f20   0x00000024   Dbug   RW   296     .debug_pubnames     drv_l1_dma.o
    0x00002f44   0x00000030   Dbug   RW   299     .debug_pubnames     drv_l1_dma.o
    0x00002f74   0x00000034   Dbug   RW   302     .debug_pubnames     drv_l1_dma.o
    0x00002fa8   0x00000034   Dbug   RW   305     .debug_pubnames     drv_l1_dma.o
    0x00002fdc   0x0000002c   Dbug   RW   308     .debug_pubnames     drv_l1_dma.o
    0x00003008   0x00000028   Dbug   RW   311     .debug_pubnames     drv_l1_dma.o
    0x00003030   0x00000034   Dbug   RW   314     .debug_pubnames     drv_l1_dma.o
    0x00003064   0x000000b0   Dbug   RW   317     .debug_pubnames     drv_l1_dma.o
    0x00003114   0x00000258   Dbug   RW   321     .debug_pubnames     drv_l1_dma.o
    0x0000336c   0x0000002c   Dbug   RW   328     .debug_pubnames     drv_l1_ext_int.o
    0x00003398   0x00000024   Dbug   RW   331     .debug_pubnames     drv_l1_ext_int.o
    0x000033bc   0x00000028   Dbug   RW   334     .debug_pubnames     drv_l1_ext_int.o
    0x000033e4   0x00000028   Dbug   RW   337     .debug_pubnames     drv_l1_ext_int.o
    0x0000340c   0x0000002c   Dbug   RW   340     .debug_pubnames     drv_l1_ext_int.o
    0x00003438   0x00000048   Dbug   RW   343     .debug_pubnames     drv_l1_ext_int.o
    0x00003480   0x000000a0   Dbug   RW   347     .debug_pubnames     drv_l1_ext_int.o
    0x00003520   0x00000028   Dbug   RW   356     .debug_pubnames     drv_l1_gpio.o
    0x00003548   0x0000002c   Dbug   RW   359     .debug_pubnames     drv_l1_gpio.o
    0x00003574   0x00000020   Dbug   RW   362     .debug_pubnames     drv_l1_gpio.o
    0x00003594   0x00000024   Dbug   RW   365     .debug_pubnames     drv_l1_gpio.o
    0x000035b8   0x00000024   Dbug   RW   368     .debug_pubnames     drv_l1_gpio.o
    0x000035dc   0x00000024   Dbug   RW   371     .debug_pubnames     drv_l1_gpio.o
    0x00003600   0x00000030   Dbug   RW   374     .debug_pubnames     drv_l1_gpio.o
    0x00003630   0x00000024   Dbug   RW   377     .debug_pubnames     drv_l1_gpio.o
    0x00003654   0x00000028   Dbug   RW   380     .debug_pubnames     drv_l1_gpio.o
    0x0000367c   0x00000104   Dbug   RW   386     .debug_pubnames     drv_l1_gpio.o
    0x00003780   0x00000024   Dbug   RW   399     .debug_pubnames     drv_l1_init.o
    0x000037a4   0x00000024   Dbug   RW   405     .debug_pubnames     drv_l1_init.o
    0x000037c8   0x0000015c   Dbug   RW   413     .debug_pubnames     drv_l1_init.o
    0x00003924   0x00000284   Dbug   RW   420     .debug_pubnames     drv_l1_init.o
    0x00003ba8   0x00000840   Dbug   RW   424     .debug_pubnames     drv_l1_init.o
    0x000043e8   0x00000344   Dbug   RW   434     .debug_pubnames     drv_l1_init.o
    0x0000472c   0x000001a0   Dbug   RW   438     .debug_pubnames     drv_l1_init.o
    0x000048cc   0x000000dc   Dbug   RW   442     .debug_pubnames     drv_l1_init.o
    0x000049a8   0x0000002c   Dbug   RW   448     .debug_pubnames     drv_l1_interrupt.o
    0x000049d4   0x00000030   Dbug   RW   451     .debug_pubnames     drv_l1_interrupt.o
    0x00004a04   0x00000028   Dbug   RW   454     .debug_pubnames     drv_l1_interrupt.o
    0x00004a2c   0x0000002c   Dbug   RW   457     .debug_pubnames     drv_l1_interrupt.o
    0x00004a58   0x00000028   Dbug   RW   460     .debug_pubnames     drv_l1_interrupt.o
    0x00004a80   0x00000028   Dbug   RW   463     .debug_pubnames     drv_l1_interrupt.o
    0x00004aa8   0x00000028   Dbug   RW   466     .debug_pubnames     drv_l1_interrupt.o
    0x00004ad0   0x0000002c   Dbug   RW   469     .debug_pubnames     drv_l1_interrupt.o
    0x00004afc   0x00000028   Dbug   RW   472     .debug_pubnames     drv_l1_interrupt.o
    0x00004b24   0x00000028   Dbug   RW   475     .debug_pubnames     drv_l1_interrupt.o
    0x00004b4c   0x00000028   Dbug   RW   478     .debug_pubnames     drv_l1_interrupt.o
    0x00004b74   0x00000028   Dbug   RW   481     .debug_pubnames     drv_l1_interrupt.o
    0x00004b9c   0x00000020   Dbug   RW   484     .debug_pubnames     drv_l1_interrupt.o
    0x00004bbc   0x0000002c   Dbug   RW   487     .debug_pubnames     drv_l1_interrupt.o
    0x00004be8   0x00000120   Dbug   RW   491     .debug_pubnames     drv_l1_interrupt.o
    0x00004d08   0x00000020   Dbug   RW   498     .debug_pubnames     drv_l1_mic.o
    0x00004d28   0x00000028   Dbug   RW   501     .debug_pubnames     drv_l1_mic.o
    0x00004d50   0x0000002c   Dbug   RW   504     .debug_pubnames     drv_l1_mic.o
    0x00004d7c   0x00000028   Dbug   RW   507     .debug_pubnames     drv_l1_mic.o
    0x00004da4   0x0000002c   Dbug   RW   510     .debug_pubnames     drv_l1_mic.o
    0x00004dd0   0x0000002c   Dbug   RW   513     .debug_pubnames     drv_l1_mic.o
    0x00004dfc   0x0000002c   Dbug   RW   516     .debug_pubnames     drv_l1_mic.o
    0x00004e28   0x00000028   Dbug   RW   519     .debug_pubnames     drv_l1_mic.o
    0x00004e50   0x0000002c   Dbug   RW   522     .debug_pubnames     drv_l1_mic.o
    0x00004e7c   0x0000002c   Dbug   RW   525     .debug_pubnames     drv_l1_mic.o
    0x00004ea8   0x0000002c   Dbug   RW   528     .debug_pubnames     drv_l1_mic.o
    0x00004ed4   0x00000028   Dbug   RW   531     .debug_pubnames     drv_l1_mic.o
    0x00004efc   0x0000011c   Dbug   RW   537     .debug_pubnames     drv_l1_mic.o
    0x00005018   0x0000002c   Dbug   RW   541     .debug_pubnames     drv_l1_mic.o
    0x00005044   0x00000024   Dbug   RW   546     .debug_pubnames     drv_l1_rtc.o
    0x00005068   0x00000024   Dbug   RW   549     .debug_pubnames     drv_l1_rtc.o
    0x0000508c   0x0000002c   Dbug   RW   552     .debug_pubnames     drv_l1_rtc.o
    0x000050b8   0x0000002c   Dbug   RW   555     .debug_pubnames     drv_l1_rtc.o
    0x000050e4   0x00000020   Dbug   RW   558     .debug_pubnames     drv_l1_rtc.o
    0x00005104   0x00000024   Dbug   RW   561     .debug_pubnames     drv_l1_rtc.o
    0x00005128   0x00000024   Dbug   RW   564     .debug_pubnames     drv_l1_rtc.o
    0x0000514c   0x00000024   Dbug   RW   567     .debug_pubnames     drv_l1_rtc.o
    0x00005170   0x00000024   Dbug   RW   570     .debug_pubnames     drv_l1_rtc.o
    0x00005194   0x00000024   Dbug   RW   573     .debug_pubnames     drv_l1_rtc.o
    0x000051b8   0x00000024   Dbug   RW   576     .debug_pubnames     drv_l1_rtc.o
    0x000051dc   0x0000002c   Dbug   RW   579     .debug_pubnames     drv_l1_rtc.o
    0x00005208   0x0000002c   Dbug   RW   582     .debug_pubnames     drv_l1_rtc.o
    0x00005234   0x00000028   Dbug   RW   585     .debug_pubnames     drv_l1_rtc.o
    0x0000525c   0x0000002c   Dbug   RW   588     .debug_pubnames     drv_l1_rtc.o
    0x00005288   0x0000002c   Dbug   RW   591     .debug_pubnames     drv_l1_rtc.o
    0x000052b4   0x0000002c   Dbug   RW   594     .debug_pubnames     drv_l1_rtc.o
    0x000052e0   0x0000002c   Dbug   RW   597     .debug_pubnames     drv_l1_rtc.o
    0x0000530c   0x0000002c   Dbug   RW   600     .debug_pubnames     drv_l1_rtc.o
    0x00005338   0x00000030   Dbug   RW   603     .debug_pubnames     drv_l1_rtc.o
    0x00005368   0x00000030   Dbug   RW   606     .debug_pubnames     drv_l1_rtc.o
    0x00005398   0x00000034   Dbug   RW   609     .debug_pubnames     drv_l1_rtc.o
    0x000053cc   0x00000278   Dbug   RW   613     .debug_pubnames     drv_l1_rtc.o
    0x00005644   0x00000024   Dbug   RW   623     .debug_pubnames     drv_l1_spi.o
    0x00005668   0x00000024   Dbug   RW   626     .debug_pubnames     drv_l1_spi.o
    0x0000568c   0x00000028   Dbug   RW   629     .debug_pubnames     drv_l1_spi.o
    0x000056b4   0x0000002c   Dbug   RW   632     .debug_pubnames     drv_l1_spi.o
    0x000056e0   0x00000024   Dbug   RW   635     .debug_pubnames     drv_l1_spi.o
    0x00005704   0x00000020   Dbug   RW   638     .debug_pubnames     drv_l1_spi.o
    0x00005724   0x00000024   Dbug   RW   641     .debug_pubnames     drv_l1_spi.o
    0x00005748   0x00000028   Dbug   RW   644     .debug_pubnames     drv_l1_spi.o
    0x00005770   0x00000028   Dbug   RW   647     .debug_pubnames     drv_l1_spi.o
    0x00005798   0x00000028   Dbug   RW   650     .debug_pubnames     drv_l1_spi.o
    0x000057c0   0x00000030   Dbug   RW   653     .debug_pubnames     drv_l1_spi.o
    0x000057f0   0x00000030   Dbug   RW   656     .debug_pubnames     drv_l1_spi.o
    0x00005820   0x00000024   Dbug   RW   659     .debug_pubnames     drv_l1_spi.o
    0x00005844   0x0000002c   Dbug   RW   662     .debug_pubnames     drv_l1_spi.o
    0x00005870   0x00000040   Dbug   RW   665     .debug_pubnames     drv_l1_spi.o
    0x000058b0   0x00000144   Dbug   RW   669     .debug_pubnames     drv_l1_spi.o
    0x000059f4   0x00000094   Dbug   RW   674     .debug_pubnames     drv_l1_spi.o
    0x00005a88   0x00000024   Dbug   RW   680     .debug_pubnames     drv_l1_sw_timer.o
    0x00005aac   0x0000002c   Dbug   RW   683     .debug_pubnames     drv_l1_sw_timer.o
    0x00005ad8   0x00000030   Dbug   RW   686     .debug_pubnames     drv_l1_sw_timer.o
    0x00005b08   0x00000028   Dbug   RW   689     .debug_pubnames     drv_l1_sw_timer.o
    0x00005b30   0x00000028   Dbug   RW   692     .debug_pubnames     drv_l1_sw_timer.o
    0x00005b58   0x00000028   Dbug   RW   695     .debug_pubnames     drv_l1_sw_timer.o
    0x00005b80   0x0000002c   Dbug   RW   698     .debug_pubnames     drv_l1_sw_timer.o
    0x00005bac   0x000000b0   Dbug   RW   702     .debug_pubnames     drv_l1_sw_timer.o
    0x00005c5c   0x00000024   Dbug   RW   713     .debug_pubnames     drv_l1_sw_timer_isr.o
    0x00005c80   0x00000024   Dbug   RW   719     .debug_pubnames     drv_l1_sw_timer_isr.o
    0x00005ca4   0x00000054   Dbug   RW   722     .debug_pubnames     drv_l1_sw_timer_isr.o
    0x00005cf8   0x0000002c   Dbug   RW   749     .debug_pubnames     drv_l1_system.o
    0x00005d24   0x00000028   Dbug   RW   752     .debug_pubnames     drv_l1_system.o
    0x00005d4c   0x00000028   Dbug   RW   755     .debug_pubnames     drv_l1_system.o
    0x00005d74   0x00000030   Dbug   RW   758     .debug_pubnames     drv_l1_system.o
    0x00005da4   0x00000030   Dbug   RW   761     .debug_pubnames     drv_l1_system.o
    0x00005dd4   0x00000030   Dbug   RW   764     .debug_pubnames     drv_l1_system.o
    0x00005e04   0x00000024   Dbug   RW   767     .debug_pubnames     drv_l1_system.o
    0x00005e28   0x00000030   Dbug   RW   770     .debug_pubnames     drv_l1_system.o
    0x00005e58   0x0000002c   Dbug   RW   773     .debug_pubnames     drv_l1_system.o
    0x00005e84   0x00000028   Dbug   RW   776     .debug_pubnames     drv_l1_system.o
    0x00005eac   0x00000024   Dbug   RW   779     .debug_pubnames     drv_l1_system.o
    0x00005ed0   0x00000028   Dbug   RW   782     .debug_pubnames     drv_l1_system.o
    0x00005ef8   0x00000030   Dbug   RW   791     .debug_pubnames     drv_l1_system.o
    0x00005f28   0x00000028   Dbug   RW   797     .debug_pubnames     drv_l1_system.o
    0x00005f50   0x00000028   Dbug   RW   806     .debug_pubnames     drv_l1_system.o
    0x00005f78   0x0000002c   Dbug   RW   809     .debug_pubnames     drv_l1_system.o
    0x00005fa4   0x0000002c   Dbug   RW   812     .debug_pubnames     drv_l1_system.o
    0x00005fd0   0x0000008c   Dbug   RW   815     .debug_pubnames     drv_l1_system.o
    0x0000605c   0x0000002c   Dbug   RW   820     .debug_pubnames     drv_l1_system.o
    0x00006088   0x00000028   Dbug   RW   825     .debug_pubnames     drv_l1_system.o
    0x000060b0   0x00000024   Dbug   RW   830     .debug_pubnames     drv_l1_system.o
    0x000060d4   0x00000030   Dbug   RW   835     .debug_pubnames     drv_l1_system.o
    0x00006104   0x0000002c   Dbug   RW   839     .debug_pubnames     drv_l1_system.o
    0x00006130   0x00000028   Dbug   RW   844     .debug_pubnames     drv_l1_system.o
    0x00006158   0x00000024   Dbug   RW   849     .debug_pubnames     drv_l1_system.o
    0x0000617c   0x00000028   Dbug   RW   854     .debug_pubnames     drv_l1_system.o
    0x000061a4   0x00000030   Dbug   RW   868     .debug_pubnames     drv_l1_system.o
    0x000061d4   0x00000028   Dbug   RW   878     .debug_pubnames     drv_l1_system.o
    0x000061fc   0x00000028   Dbug   RW   893     .debug_pubnames     drv_l1_system.o
    0x00006224   0x0000002c   Dbug   RW   898     .debug_pubnames     drv_l1_system.o
    0x00006250   0x00000098   Dbug   RW   903     .debug_pubnames     drv_l1_system.o
    0x000062e8   0x0000002c   Dbug   RW   907     .debug_pubnames     drv_l1_system.o
    0x00006314   0x00001314   Dbug   RW   911     .debug_pubnames     drv_l1_system.o
    0x00007628   0x000043f8   Dbug   RW   923     .debug_pubnames     drv_l1_system.o
    0x0000ba20   0x00001478   Dbug   RW   927     .debug_pubnames     drv_l1_system.o
    0x0000ce98   0x0000002c   Dbug   RW   935     .debug_pubnames     drv_l1_system.o
    0x0000cec4   0x000000bc   Dbug   RW   939     .debug_pubnames     drv_l1_system.o
    0x0000cf80   0x0000011c   Dbug   RW   943     .debug_pubnames     drv_l1_system.o
    0x0000d09c   0x00000024   Dbug   RW   949     .debug_pubnames     drv_l1_timer.o
    0x0000d0c0   0x00000024   Dbug   RW   952     .debug_pubnames     drv_l1_timer.o
    0x0000d0e4   0x00000028   Dbug   RW   955     .debug_pubnames     drv_l1_timer.o
    0x0000d10c   0x00000028   Dbug   RW   958     .debug_pubnames     drv_l1_timer.o
    0x0000d134   0x00000028   Dbug   RW   961     .debug_pubnames     drv_l1_timer.o
    0x0000d15c   0x00000028   Dbug   RW   964     .debug_pubnames     drv_l1_timer.o
    0x0000d184   0x00000028   Dbug   RW   967     .debug_pubnames     drv_l1_timer.o
    0x0000d1ac   0x00000028   Dbug   RW   970     .debug_pubnames     drv_l1_timer.o
    0x0000d1d4   0x0000002c   Dbug   RW   973     .debug_pubnames     drv_l1_timer.o
    0x0000d200   0x0000002c   Dbug   RW   976     .debug_pubnames     drv_l1_timer.o
    0x0000d22c   0x0000002c   Dbug   RW   979     .debug_pubnames     drv_l1_timer.o
    0x0000d258   0x00000030   Dbug   RW   982     .debug_pubnames     drv_l1_timer.o
    0x0000d288   0x00000028   Dbug   RW   985     .debug_pubnames     drv_l1_timer.o
    0x0000d2b0   0x00000028   Dbug   RW   988     .debug_pubnames     drv_l1_timer.o
    0x0000d2d8   0x00000024   Dbug   RW   991     .debug_pubnames     drv_l1_timer.o
    0x0000d2fc   0x00000028   Dbug   RW   994     .debug_pubnames     drv_l1_timer.o
    0x0000d324   0x00000024   Dbug   RW   997     .debug_pubnames     drv_l1_timer.o
    0x0000d348   0x0000002c   Dbug   RW  1000     .debug_pubnames     drv_l1_timer.o
    0x0000d374   0x00000028   Dbug   RW  1003     .debug_pubnames     drv_l1_timer.o
    0x0000d39c   0x0000002c   Dbug   RW  1006     .debug_pubnames     drv_l1_timer.o
    0x0000d3c8   0x00000030   Dbug   RW  1009     .debug_pubnames     drv_l1_timer.o
    0x0000d3f8   0x00000028   Dbug   RW  1012     .debug_pubnames     drv_l1_timer.o
    0x0000d420   0x00000028   Dbug   RW  1015     .debug_pubnames     drv_l1_timer.o
    0x0000d448   0x00000028   Dbug   RW  1018     .debug_pubnames     drv_l1_timer.o
    0x0000d470   0x00000024   Dbug   RW  1021     .debug_pubnames     drv_l1_timer.o
    0x0000d494   0x00000130   Dbug   RW  1024     .debug_pubnames     drv_l1_timer.o
    0x0000d5c4   0x00000320   Dbug   RW  1028     .debug_pubnames     drv_l1_timer.o
    0x0000d8e4   0x00000024   Dbug   RW  1039     .debug_pubnames     drv_l1_uart.o
    0x0000d908   0x00000028   Dbug   RW  1042     .debug_pubnames     drv_l1_uart.o
    0x0000d930   0x00000028   Dbug   RW  1045     .debug_pubnames     drv_l1_uart.o
    0x0000d958   0x00000024   Dbug   RW  1048     .debug_pubnames     drv_l1_uart.o
    0x0000d97c   0x00000024   Dbug   RW  1051     .debug_pubnames     drv_l1_uart.o
    0x0000d9a0   0x00000028   Dbug   RW  1054     .debug_pubnames     drv_l1_uart.o
    0x0000d9c8   0x0000002c   Dbug   RW  1057     .debug_pubnames     drv_l1_uart.o
    0x0000d9f4   0x0000002c   Dbug   RW  1060     .debug_pubnames     drv_l1_uart.o
    0x0000da20   0x0000002c   Dbug   RW  1063     .debug_pubnames     drv_l1_uart.o
    0x0000da4c   0x00000028   Dbug   RW  1066     .debug_pubnames     drv_l1_uart.o
    0x0000da74   0x00000028   Dbug   RW  1069     .debug_pubnames     drv_l1_uart.o
    0x0000da9c   0x00000020   Dbug   RW  1072     .debug_pubnames     drv_l1_uart.o
    0x0000dabc   0x00000028   Dbug   RW  1075     .debug_pubnames     drv_l1_uart.o
    0x0000dae4   0x00000028   Dbug   RW  1078     .debug_pubnames     drv_l1_uart.o
    0x0000db0c   0x00000028   Dbug   RW  1081     .debug_pubnames     drv_l1_uart.o
    0x0000db34   0x00000028   Dbug   RW  1084     .debug_pubnames     drv_l1_uart.o
    0x0000db5c   0x00000024   Dbug   RW  1087     .debug_pubnames     drv_l1_uart.o
    0x0000db80   0x00000028   Dbug   RW  1090     .debug_pubnames     drv_l1_uart.o
    0x0000dba8   0x00000028   Dbug   RW  1093     .debug_pubnames     drv_l1_uart.o
    0x0000dbd0   0x00000028   Dbug   RW  1096     .debug_pubnames     drv_l1_uart.o
    0x0000dbf8   0x00000024   Dbug   RW  1099     .debug_pubnames     drv_l1_uart.o
    0x0000dc1c   0x00000028   Dbug   RW  1102     .debug_pubnames     drv_l1_uart.o
    0x0000dc44   0x00000030   Dbug   RW  1105     .debug_pubnames     drv_l1_uart.o
    0x0000dc74   0x0000002c   Dbug   RW  1108     .debug_pubnames     drv_l1_uart.o
    0x0000dca0   0x00000030   Dbug   RW  1111     .debug_pubnames     drv_l1_uart.o
    0x0000dcd0   0x00000028   Dbug   RW  1114     .debug_pubnames     drv_l1_uart.o
    0x0000dcf8   0x00000030   Dbug   RW  1117     .debug_pubnames     drv_l1_uart.o
    0x0000dd28   0x00000024   Dbug   RW  1120     .debug_pubnames     drv_l1_uart.o
    0x0000dd4c   0x000000c4   Dbug   RW  1123     .debug_pubnames     drv_l1_uart.o
    0x0000de10   0x000002b8   Dbug   RW  1127     .debug_pubnames     drv_l1_uart.o
    0x0000e0c8   0x00000020   Dbug   RW  1170     .debug_pubnames     gp_stdlib.o
    0x0000e0e8   0x00000020   Dbug   RW  1173     .debug_pubnames     gp_stdlib.o
    0x0000e108   0x00000020   Dbug   RW  1176     .debug_pubnames     gp_stdlib.o
    0x0000e128   0x00000024   Dbug   RW  1179     .debug_pubnames     gp_stdlib.o
    0x0000e14c   0x00000024   Dbug   RW  1182     .debug_pubnames     gp_stdlib.o
    0x0000e170   0x00000020   Dbug   RW  1185     .debug_pubnames     gp_stdlib.o
    0x0000e190   0x00000020   Dbug   RW  1188     .debug_pubnames     gp_stdlib.o
    0x0000e1b0   0x00000020   Dbug   RW  1191     .debug_pubnames     gp_stdlib.o
    0x0000e1d0   0x00000020   Dbug   RW  1194     .debug_pubnames     gp_stdlib.o
    0x0000e1f0   0x000000a8   Dbug   RW  1200     .debug_pubnames     gp_stdlib.o
    0x0000e298   0x00000028   Dbug   RW  1207     .debug_pubnames     main.o
    0x0000e2c0   0x0000001c   Dbug   RW  1210     .debug_pubnames     main.o
    0x0000e2dc   0x00000094   Dbug   RW  1213     .debug_pubnames     main.o
    0x0000e370   0x00000030   Dbug   RW  1217     .debug_pubnames     main.o
    0x0000e3a0   0x00000028   Dbug   RW  1234     .debug_pubnames     system_timer.o
    0x0000e3c8   0x0000002c   Dbug   RW  1237     .debug_pubnames     system_timer.o
    0x0000e3f4   0x00000028   Dbug   RW  1240     .debug_pubnames     system_timer.o
    0x0000e41c   0x0000002c   Dbug   RW  1243     .debug_pubnames     system_timer.o
    0x0000e448   0x0000002c   Dbug   RW  1246     .debug_pubnames     system_timer.o
    0x0000e474   0x0000002c   Dbug   RW  1249     .debug_pubnames     system_timer.o
    0x0000e4a0   0x00000154   Dbug   RW  1252     .debug_pubnames     system_timer.o
    0x0000e5f4   0x000000e0   Dbug   RW  1256     .debug_pubnames     system_timer.o
    0x0000e6d4   0x00000024   Dbug   RW  1261     .debug_pubnames     system_timer.o
    0x0000e6f8   0x00000024   Dbug   RW  1266     .debug_pubnames     driver_l2_init.o
    0x0000e71c   0x00000024   Dbug   RW  1272     .debug_pubnames     driver_l2_init.o
    0x0000e740   0x00000024   Dbug   RW  1344     .debug_pubnames     gplib_mm_gplus.o
    0x0000e764   0x00000028   Dbug   RW  1347     .debug_pubnames     gplib_mm_gplus.o
    0x0000e78c   0x00000024   Dbug   RW  1350     .debug_pubnames     gplib_mm_gplus.o
    0x0000e7b0   0x00000020   Dbug   RW  1353     .debug_pubnames     gplib_mm_gplus.o
    0x0000e7d0   0x00000028   Dbug   RW  1356     .debug_pubnames     gplib_mm_gplus.o
    0x0000e7f8   0x00000020   Dbug   RW  1359     .debug_pubnames     gplib_mm_gplus.o
    0x0000e818   0x00000020   Dbug   RW  1362     .debug_pubnames     gplib_mm_gplus.o
    0x0000e838   0x000001d4   Dbug   RW  1365     .debug_pubnames     gplib_mm_gplus.o
    0x0000ea0c   0x00000084   Dbug   RW  1369     .debug_pubnames     gplib_mm_gplus.o
    0x0000ea90   0x0000002c   Dbug   RW  1381     .debug_pubnames     gplib_calendar.o
    0x0000eabc   0x00000024   Dbug   RW  1384     .debug_pubnames     gplib_calendar.o
    0x0000eae0   0x00000030   Dbug   RW  1387     .debug_pubnames     gplib_calendar.o
    0x0000eb10   0x00000028   Dbug   RW  1390     .debug_pubnames     gplib_calendar.o
    0x0000eb38   0x00000028   Dbug   RW  1393     .debug_pubnames     gplib_calendar.o
    0x0000eb60   0x00000034   Dbug   RW  1396     .debug_pubnames     gplib_calendar.o
    0x0000eb94   0x00000098   Dbug   RW  1399     .debug_pubnames     gplib_calendar.o
    0x0000ec2c   0x000000c0   Dbug   RW  1403     .debug_pubnames     gplib_calendar.o
    0x0000ecec   0x00000020   Dbug   RW  1408     .debug_pubnames     gplib_calendar.o
    0x0000ed0c   0x00000024   Dbug   RW  1413     .debug_pubnames     gplib_init.o
    0x0000ed30   0x00000024   Dbug   RW  1419     .debug_pubnames     gplib_init.o
    0x0000ed54   0x00000024   Dbug   RW  1426     .debug_pubnames     gplib_print_string.o
    0x0000ed78   0x00000024   Dbug   RW  1429     .debug_pubnames     gplib_print_string.o
    0x0000ed9c   0x00000020   Dbug   RW  1432     .debug_pubnames     gplib_print_string.o
    0x0000edbc   0x00000034   Dbug   RW  1436     .debug_pubnames     gplib_print_string.o
    0x0000edf0   0x00000020   Dbug   RW  1444     .debug_pubnames     gplib_print_string.o
    0x0000ee10   0x00000084   Dbug   RW  1448     .debug_pubnames     gplib_print_string.o
    0x0000ee94   0x00000028   Dbug   RW  1454     .debug_pubnames     nvram.o
    0x0000eebc   0x00000028   Dbug   RW  1457     .debug_pubnames     nvram.o
    0x0000eee4   0x00000028   Dbug   RW  1460     .debug_pubnames     nvram.o
    0x0000ef0c   0x00000024   Dbug   RW  1463     .debug_pubnames     nvram.o
    0x0000ef30   0x0000002c   Dbug   RW  1466     .debug_pubnames     nvram.o
    0x0000ef5c   0x00000024   Dbug   RW  1469     .debug_pubnames     nvram.o
    0x0000ef80   0x00000028   Dbug   RW  1472     .debug_pubnames     nvram.o
    0x0000efa8   0x00000020   Dbug   RW  1475     .debug_pubnames     nvram.o
    0x0000efc8   0x00000030   Dbug   RW  1478     .debug_pubnames     nvram.o
    0x0000eff8   0x00000028   Dbug   RW  1481     .debug_pubnames     nvram.o
    0x0000f020   0x00000024   Dbug   RW  1484     .debug_pubnames     nvram.o
    0x0000f044   0x00000030   Dbug   RW  1487     .debug_pubnames     nvram.o
    0x0000f074   0x00000034   Dbug   RW  1490     .debug_pubnames     nvram.o
    0x0000f0a8   0x00000030   Dbug   RW  1493     .debug_pubnames     nvram.o
    0x0000f0d8   0x00000030   Dbug   RW  1496     .debug_pubnames     nvram.o
    0x0000f108   0x0000002c   Dbug   RW  1499     .debug_pubnames     nvram.o
    0x0000f134   0x00000030   Dbug   RW  1502     .debug_pubnames     nvram.o
    0x0000f164   0x000000c4   Dbug   RW  1505     .debug_pubnames     nvram.o
    0x0000f228   0x00000230   Dbug   RW  1509     .debug_pubnames     nvram.o
    0x0000f458   0x0000002c   Dbug   RW  1521     .debug_pubnames     task_state_handling.o
    0x0000f484   0x0000002c   Dbug   RW  1524     .debug_pubnames     task_state_handling.o
    0x0000f4b0   0x0000004c   Dbug   RW  1527     .debug_pubnames     task_state_handling.o
    0x0000f4fc   0x00000044   Dbug   RW  1531     .debug_pubnames     task_state_handling.o
    0x0000f540   0x00001478   Dbug   RW  1535     .debug_pubnames     task_state_handling.o
    0x000109b8   0x00000218   Dbug   RW  1538     .debug_pubnames     task_state_handling.o
    0x00010bd0   0x00000034   Dbug   RW  1554     .debug_pubnames     task_peripheral_handling.o
    0x00010c04   0x0000015c   Dbug   RW  1557     .debug_pubnames     task_peripheral_handling.o
    0x00010d60   0x00000058   Dbug   RW  1561     .debug_pubnames     task_peripheral_handling.o
    0x00010db8   0x00001478   Dbug   RW  1565     .debug_pubnames     task_peripheral_handling.o
    0x00012230   0x00000038   Dbug   RW  1567     .debug_pubnames     task_peripheral_handling.o
    0x00012268   0x00000218   Dbug   RW  1569     .debug_pubnames     task_peripheral_handling.o
    0x00012480   0x00000024   Dbug   RW  1588     .debug_pubnames     msg_manager.o
    0x000124a4   0x00000024   Dbug   RW  1591     .debug_pubnames     msg_manager.o
    0x000124c8   0x00000024   Dbug   RW  1594     .debug_pubnames     msg_manager.o
    0x000124ec   0x00000020   Dbug   RW  1597     .debug_pubnames     msg_manager.o
    0x0001250c   0x00000024   Dbug   RW  1600     .debug_pubnames     msg_manager.o
    0x00012530   0x00000020   Dbug   RW  1603     .debug_pubnames     msg_manager.o
    0x00012550   0x00000024   Dbug   RW  1606     .debug_pubnames     msg_manager.o
    0x00012574   0x00000024   Dbug   RW  1609     .debug_pubnames     msg_manager.o
    0x00012598   0x00000020   Dbug   RW  1612     .debug_pubnames     msg_manager.o
    0x000125b8   0x00000024   Dbug   RW  1615     .debug_pubnames     msg_manager.o
    0x000125dc   0x000000a8   Dbug   RW  1621     .debug_pubnames     msg_manager.o
    0x00012684   0x00000028   Dbug   RW  1631     .debug_pubnames     video_codec_callback.o
    0x000126ac   0x00000030   Dbug   RW  1634     .debug_pubnames     video_codec_callback.o
    0x000126dc   0x00000030   Dbug   RW  1637     .debug_pubnames     video_codec_callback.o
    0x0001270c   0x00000030   Dbug   RW  1640     .debug_pubnames     video_codec_callback.o
    0x0001273c   0x00000038   Dbug   RW  1643     .debug_pubnames     video_codec_callback.o
    0x00012774   0x00000030   Dbug   RW  1646     .debug_pubnames     video_codec_callback.o
    0x000127a4   0x00000028   Dbug   RW  1649     .debug_pubnames     video_codec_callback.o
    0x000127cc   0x00000030   Dbug   RW  1652     .debug_pubnames     video_codec_callback.o
    0x000127fc   0x00000030   Dbug   RW  1655     .debug_pubnames     video_codec_callback.o
    0x0001282c   0x00000038   Dbug   RW  1658     .debug_pubnames     video_codec_callback.o
    0x00012864   0x00000038   Dbug   RW  1661     .debug_pubnames     video_codec_callback.o
    0x0001289c   0x00000090   Dbug   RW  1664     .debug_pubnames     video_codec_callback.o
    0x0001292c   0x00000198   Dbug   RW  1668     .debug_pubnames     video_codec_callback.o
    0x00012ac4   0x0000002c   Dbug   RW  1677     .debug_pubnames     video_encoder.o
    0x00012af0   0x00000030   Dbug   RW  1680     .debug_pubnames     video_encoder.o
    0x00012b20   0x00000028   Dbug   RW  1683     .debug_pubnames     video_encoder.o
    0x00012b48   0x0000002c   Dbug   RW  1686     .debug_pubnames     video_encoder.o
    0x00012b74   0x00000028   Dbug   RW  1689     .debug_pubnames     video_encoder.o
    0x00012b9c   0x00000038   Dbug   RW  1692     .debug_pubnames     video_encoder.o
    0x00012bd4   0x0000003c   Dbug   RW  1695     .debug_pubnames     video_encoder.o
    0x00012c10   0x0000003c   Dbug   RW  1698     .debug_pubnames     video_encoder.o
    0x00012c4c   0x00000040   Dbug   RW  1701     .debug_pubnames     video_encoder.o
    0x00012c8c   0x00000034   Dbug   RW  1704     .debug_pubnames     video_encoder.o
    0x00012cc0   0x00000040   Dbug   RW  1707     .debug_pubnames     video_encoder.o
    0x00012d00   0x00000030   Dbug   RW  1710     .debug_pubnames     video_encoder.o
    0x00012d30   0x00000030   Dbug   RW  1713     .debug_pubnames     video_encoder.o
    0x00012d60   0x000001f4   Dbug   RW  1719     .debug_pubnames     video_encoder.o
    0x00012f54   0x00000028   Dbug   RW  1741     .debug_pubnames     state_usb.o
    0x00012f7c   0x00000020   Dbug   RW  1744     .debug_pubnames     state_usb.o
    0x00012f9c   0x0000002c   Dbug   RW  1747     .debug_pubnames     state_usb.o
    0x00012fc8   0x00000028   Dbug   RW  1750     .debug_pubnames     state_usb.o
    0x00012ff0   0x00000028   Dbug   RW  1753     .debug_pubnames     state_usb.o
    0x00013018   0x00000024   Dbug   RW  1756     .debug_pubnames     state_usb.o
    0x0001303c   0x0000002c   Dbug   RW  1759     .debug_pubnames     state_usb.o
    0x00013068   0x0000002c   Dbug   RW  1762     .debug_pubnames     state_usb.o
    0x00013094   0x000000e0   Dbug   RW  1765     .debug_pubnames     state_usb.o
    0x00013174   0x000000dc   Dbug   RW  1769     .debug_pubnames     state_usb.o
    0x00013250   0x00001478   Dbug   RW  1773     .debug_pubnames     state_usb.o
    0x000146c8   0x000000dc   Dbug   RW  1779     .debug_pubnames     state_usb.o
    0x000147a4   0x00000228   Dbug   RW  1787     .debug_pubnames     state_usb.o
    0x000149cc   0x000001fc   Dbug   RW  1790     .debug_pubnames     state_usb.o
    0x00014bc8   0x00000218   Dbug   RW  1792     .debug_pubnames     state_usb.o
    0x00014de0   0x0000002c   Dbug   RW  1800     .debug_pubnames     state_startup.o
    0x00014e0c   0x0000002c   Dbug   RW  1803     .debug_pubnames     state_startup.o
    0x00014e38   0x00000058   Dbug   RW  1809     .debug_pubnames     state_startup.o
    0x00014e90   0x00000028   Dbug   RW  1824     .debug_pubnames     ap_startup.o
    0x00014eb8   0x00000028   Dbug   RW  1830     .debug_pubnames     ap_startup.o
    0x00014ee0   0x0000002c   Dbug   RW  1845     .debug_pubnames     ap_video_preview.o
    0x00014f0c   0x00000034   Dbug   RW  1848     .debug_pubnames     ap_video_preview.o
    0x00014f40   0x00000038   Dbug   RW  1851     .debug_pubnames     ap_video_preview.o
    0x00014f78   0x0000002c   Dbug   RW  1854     .debug_pubnames     ap_video_preview.o
    0x00014fa4   0x00000038   Dbug   RW  1857     .debug_pubnames     ap_video_preview.o
    0x00014fdc   0x00000034   Dbug   RW  1860     .debug_pubnames     ap_video_preview.o
    0x00015010   0x00000044   Dbug   RW  1863     .debug_pubnames     ap_video_preview.o
    0x00015054   0x00000034   Dbug   RW  1866     .debug_pubnames     ap_video_preview.o
    0x00015088   0x00000098   Dbug   RW  1869     .debug_pubnames     ap_video_preview.o
    0x00015120   0x000001c0   Dbug   RW  1873     .debug_pubnames     ap_video_preview.o
    0x000152e0   0x00001478   Dbug   RW  1877     .debug_pubnames     ap_video_preview.o
    0x00016758   0x00000028   Dbug   RW  1880     .debug_pubnames     ap_video_preview.o
    0x00016780   0x00000030   Dbug   RW  1889     .debug_pubnames     state_video_preview.o
    0x000167b0   0x00000030   Dbug   RW  1892     .debug_pubnames     state_video_preview.o
    0x000167e0   0x00000074   Dbug   RW  1895     .debug_pubnames     state_video_preview.o
    0x00016854   0x0000008c   Dbug   RW  1899     .debug_pubnames     state_video_preview.o
    0x000168e0   0x00000028   Dbug   RW  1903     .debug_pubnames     state_video_preview.o
    0x00016908   0x00000034   Dbug   RW  1925     .debug_pubnames     ap_peripheral_handling.o
    0x0001693c   0x00000034   Dbug   RW  1928     .debug_pubnames     ap_peripheral_handling.o
    0x00016970   0x00000024   Dbug   RW  1931     .debug_pubnames     ap_peripheral_handling.o
    0x00016994   0x00000024   Dbug   RW  1934     .debug_pubnames     ap_peripheral_handling.o
    0x000169b8   0x00000024   Dbug   RW  1937     .debug_pubnames     ap_peripheral_handling.o
    0x000169dc   0x00000024   Dbug   RW  1940     .debug_pubnames     ap_peripheral_handling.o
    0x00016a00   0x0000002c   Dbug   RW  1943     .debug_pubnames     ap_peripheral_handling.o
    0x00016a2c   0x00000034   Dbug   RW  1946     .debug_pubnames     ap_peripheral_handling.o
    0x00016a60   0x0000003c   Dbug   RW  1949     .debug_pubnames     ap_peripheral_handling.o
    0x00016a9c   0x00000030   Dbug   RW  1952     .debug_pubnames     ap_peripheral_handling.o
    0x00016acc   0x00000038   Dbug   RW  1955     .debug_pubnames     ap_peripheral_handling.o
    0x00016b04   0x00000034   Dbug   RW  1958     .debug_pubnames     ap_peripheral_handling.o
    0x00016b38   0x00000290   Dbug   RW  1961     .debug_pubnames     ap_peripheral_handling.o
    0x00016dc8   0x00000230   Dbug   RW  1965     .debug_pubnames     ap_peripheral_handling.o
    0x00016ff8   0x00001478   Dbug   RW  1969     .debug_pubnames     ap_peripheral_handling.o
    0x00018470   0x00000038   Dbug   RW  1971     .debug_pubnames     ap_peripheral_handling.o
    0x000184a8   0x00000030   Dbug   RW  1978     .debug_pubnames     ap_storage_service.o
    0x000184d8   0x00000038   Dbug   RW  1981     .debug_pubnames     ap_storage_service.o
    0x00018510   0x00000038   Dbug   RW  1984     .debug_pubnames     ap_storage_service.o
    0x00018548   0x00000038   Dbug   RW  1987     .debug_pubnames     ap_storage_service.o
    0x00018580   0x0000003c   Dbug   RW  1990     .debug_pubnames     ap_storage_service.o
    0x000185bc   0x0000003c   Dbug   RW  1993     .debug_pubnames     ap_storage_service.o
    0x000185f8   0x00000034   Dbug   RW  1996     .debug_pubnames     ap_storage_service.o
    0x0001862c   0x00000038   Dbug   RW  1999     .debug_pubnames     ap_storage_service.o
    0x00018664   0x00000024   Dbug   RW  2002     .debug_pubnames     ap_storage_service.o
    0x00018688   0x00000284   Dbug   RW  2005     .debug_pubnames     ap_storage_service.o
    0x0001890c   0x00000314   Dbug   RW  2009     .debug_pubnames     ap_storage_service.o
    0x00018c20   0x00001478   Dbug   RW  2013     .debug_pubnames     ap_storage_service.o
    0x0001a098   0x00000158   Dbug   RW  2022     .debug_pubnames     ap_storage_service.o
    0x0001a1f0   0x00000030   Dbug   RW  2030     .debug_pubnames     task_storage_service.o
    0x0001a220   0x000000b4   Dbug   RW  2033     .debug_pubnames     task_storage_service.o
    0x0001a2d4   0x00000050   Dbug   RW  2037     .debug_pubnames     task_storage_service.o
    0x0001a324   0x00001478   Dbug   RW  2041     .debug_pubnames     task_storage_service.o
    0x0001b79c   0x00000038   Dbug   RW  2054     .debug_pubnames     ap_state_handling.o
    0x0001b7d4   0x0000003c   Dbug   RW  2057     .debug_pubnames     ap_state_handling.o
    0x0001b810   0x00000038   Dbug   RW  2060     .debug_pubnames     ap_state_handling.o
    0x0001b848   0x00000038   Dbug   RW  2063     .debug_pubnames     ap_state_handling.o
    0x0001b880   0x00000038   Dbug   RW  2066     .debug_pubnames     ap_state_handling.o
    0x0001b8b8   0x00000038   Dbug   RW  2069     .debug_pubnames     ap_state_handling.o
    0x0001b8f0   0x00000030   Dbug   RW  2072     .debug_pubnames     ap_state_handling.o
    0x0001b920   0x00000030   Dbug   RW  2075     .debug_pubnames     ap_state_handling.o
    0x0001b950   0x00000038   Dbug   RW  2078     .debug_pubnames     ap_state_handling.o
    0x0001b988   0x00000038   Dbug   RW  2081     .debug_pubnames     ap_state_handling.o
    0x0001b9c0   0x00000034   Dbug   RW  2084     .debug_pubnames     ap_state_handling.o
    0x0001b9f4   0x0000003c   Dbug   RW  2087     .debug_pubnames     ap_state_handling.o
    0x0001ba30   0x00000038   Dbug   RW  2090     .debug_pubnames     ap_state_handling.o
    0x0001ba68   0x00000030   Dbug   RW  2093     .debug_pubnames     ap_state_handling.o
    0x0001ba98   0x00000034   Dbug   RW  2096     .debug_pubnames     ap_state_handling.o
    0x0001bacc   0x00000034   Dbug   RW  2099     .debug_pubnames     ap_state_handling.o
    0x0001bb00   0x00000034   Dbug   RW  2102     .debug_pubnames     ap_state_handling.o
    0x0001bb34   0x00000038   Dbug   RW  2105     .debug_pubnames     ap_state_handling.o
    0x0001bb6c   0x000001fc   Dbug   RW  2108     .debug_pubnames     ap_state_handling.o
    0x0001bd68   0x000002a0   Dbug   RW  2112     .debug_pubnames     ap_state_handling.o
    0x0001c008   0x00000218   Dbug   RW  2116     .debug_pubnames     ap_state_handling.o
    0x0001c220   0x0000002c   Dbug   RW  2134     .debug_pubnames     ap_video_record.o
    0x0001c24c   0x00000038   Dbug   RW  2137     .debug_pubnames     ap_video_record.o
    0x0001c284   0x00000038   Dbug   RW  2140     .debug_pubnames     ap_video_record.o
    0x0001c2bc   0x0000003c   Dbug   RW  2143     .debug_pubnames     ap_video_record.o
    0x0001c2f8   0x0000003c   Dbug   RW  2146     .debug_pubnames     ap_video_record.o
    0x0001c334   0x00000030   Dbug   RW  2149     .debug_pubnames     ap_video_record.o
    0x0001c364   0x0000002c   Dbug   RW  2152     .debug_pubnames     ap_video_record.o
    0x0001c390   0x0000002c   Dbug   RW  2155     .debug_pubnames     ap_video_record.o
    0x0001c3bc   0x00000030   Dbug   RW  2158     .debug_pubnames     ap_video_record.o
    0x0001c3ec   0x00000034   Dbug   RW  2161     .debug_pubnames     ap_video_record.o
    0x0001c420   0x000000f0   Dbug   RW  2164     .debug_pubnames     ap_video_record.o
    0x0001c510   0x000001b8   Dbug   RW  2168     .debug_pubnames     ap_video_record.o
    0x0001c6c8   0x00000030   Dbug   RW  2175     .debug_pubnames     state_video_record.o
    0x0001c6f8   0x00000030   Dbug   RW  2178     .debug_pubnames     state_video_record.o
    0x0001c728   0x00000050   Dbug   RW  2181     .debug_pubnames     state_video_record.o
    0x0001c778   0x00000068   Dbug   RW  2185     .debug_pubnames     state_video_record.o
    0x0001c7e0   0x00000024   Dbug   RW  2296     .debug_pubnames     drv_l1_sensor.o
    0x0001c804   0x00000024   Dbug   RW  2299     .debug_pubnames     drv_l1_sensor.o
    0x0001c828   0x00000020   Dbug   RW  2302     .debug_pubnames     drv_l1_sensor.o
    0x0001c848   0x00000020   Dbug   RW  2305     .debug_pubnames     drv_l1_sensor.o
    0x0001c868   0x00000024   Dbug   RW  2308     .debug_pubnames     drv_l1_sensor.o
    0x0001c88c   0x00000020   Dbug   RW  2311     .debug_pubnames     drv_l1_sensor.o
    0x0001c8ac   0x00000020   Dbug   RW  2314     .debug_pubnames     drv_l1_sensor.o
    0x0001c8cc   0x00000030   Dbug   RW  2317     .debug_pubnames     drv_l1_sensor.o
    0x0001c8fc   0x00000030   Dbug   RW  2320     .debug_pubnames     drv_l1_sensor.o
    0x0001c92c   0x00000030   Dbug   RW  2323     .debug_pubnames     drv_l1_sensor.o
    0x0001c95c   0x00000028   Dbug   RW  2326     .debug_pubnames     drv_l1_sensor.o
    0x0001c984   0x0000002c   Dbug   RW  2329     .debug_pubnames     drv_l1_sensor.o
    0x0001c9b0   0x0000002c   Dbug   RW  2332     .debug_pubnames     drv_l1_sensor.o
    0x0001c9dc   0x0000002c   Dbug   RW  2335     .debug_pubnames     drv_l1_sensor.o
    0x0001ca08   0x00000150   Dbug   RW  2342     .debug_pubnames     drv_l1_sensor.o
    0x0001cb58   0x0000002c   Dbug   RW  2362     .debug_pubnames     ap_display.o
    0x0001cb84   0x00000030   Dbug   RW  2365     .debug_pubnames     ap_display.o
    0x0001cbb4   0x0000002c   Dbug   RW  2368     .debug_pubnames     ap_display.o
    0x0001cbe0   0x0000002c   Dbug   RW  2371     .debug_pubnames     ap_display.o
    0x0001cc0c   0x0000002c   Dbug   RW  2374     .debug_pubnames     ap_display.o
    0x0001cc38   0x00000030   Dbug   RW  2377     .debug_pubnames     ap_display.o
    0x0001cc68   0x0000002c   Dbug   RW  2380     .debug_pubnames     ap_display.o
    0x0001cc94   0x00000030   Dbug   RW  2383     .debug_pubnames     ap_display.o
    0x0001ccc4   0x00000038   Dbug   RW  2386     .debug_pubnames     ap_display.o
    0x0001ccfc   0x0000002c   Dbug   RW  2389     .debug_pubnames     ap_display.o
    0x0001cd28   0x00000028   Dbug   RW  2392     .debug_pubnames     ap_display.o
    0x0001cd50   0x0000002c   Dbug   RW  2395     .debug_pubnames     ap_display.o
    0x0001cd7c   0x0000002c   Dbug   RW  2398     .debug_pubnames     ap_display.o
    0x0001cda8   0x00000030   Dbug   RW  2401     .debug_pubnames     ap_display.o
    0x0001cdd8   0x00000034   Dbug   RW  2404     .debug_pubnames     ap_display.o
    0x0001ce0c   0x0000002c   Dbug   RW  2407     .debug_pubnames     ap_display.o
    0x0001ce38   0x00000030   Dbug   RW  2410     .debug_pubnames     ap_display.o
    0x0001ce68   0x00000034   Dbug   RW  2413     .debug_pubnames     ap_display.o
    0x0001ce9c   0x0000003c   Dbug   RW  2416     .debug_pubnames     ap_display.o
    0x0001ced8   0x00000030   Dbug   RW  2419     .debug_pubnames     ap_display.o
    0x0001cf08   0x00000034   Dbug   RW  2422     .debug_pubnames     ap_display.o
    0x0001cf3c   0x00000030   Dbug   RW  2425     .debug_pubnames     ap_display.o
    0x0001cf6c   0x00000038   Dbug   RW  2428     .debug_pubnames     ap_display.o
    0x0001cfa4   0x00000034   Dbug   RW  2431     .debug_pubnames     ap_display.o
    0x0001cfd8   0x00000038   Dbug   RW  2434     .debug_pubnames     ap_display.o
    0x0001d010   0x00000034   Dbug   RW  2437     .debug_pubnames     ap_display.o
    0x0001d044   0x00000030   Dbug   RW  2440     .debug_pubnames     ap_display.o
    0x0001d074   0x00000034   Dbug   RW  2443     .debug_pubnames     ap_display.o
    0x0001d0a8   0x00000038   Dbug   RW  2446     .debug_pubnames     ap_display.o
    0x0001d0e0   0x00000030   Dbug   RW  2449     .debug_pubnames     ap_display.o
    0x0001d110   0x00000030   Dbug   RW  2452     .debug_pubnames     ap_display.o
    0x0001d140   0x00000030   Dbug   RW  2455     .debug_pubnames     ap_display.o
    0x0001d170   0x00000030   Dbug   RW  2458     .debug_pubnames     ap_display.o
    0x0001d1a0   0x00000030   Dbug   RW  2461     .debug_pubnames     ap_display.o
    0x0001d1d0   0x00000034   Dbug   RW  2464     .debug_pubnames     ap_display.o
    0x0001d204   0x00000028   Dbug   RW  2467     .debug_pubnames     ap_display.o
    0x0001d22c   0x00000034   Dbug   RW  2470     .debug_pubnames     ap_display.o
    0x0001d260   0x0000003c   Dbug   RW  2473     .debug_pubnames     ap_display.o
    0x0001d29c   0x00000030   Dbug   RW  2476     .debug_pubnames     ap_display.o
    0x0001d2cc   0x00000030   Dbug   RW  2479     .debug_pubnames     ap_display.o
    0x0001d2fc   0x00000034   Dbug   RW  2482     .debug_pubnames     ap_display.o
    0x0001d330   0x0000003c   Dbug   RW  2485     .debug_pubnames     ap_display.o
    0x0001d36c   0x0000003c   Dbug   RW  2488     .debug_pubnames     ap_display.o
    0x0001d3a8   0x00000040   Dbug   RW  2491     .debug_pubnames     ap_display.o
    0x0001d3e8   0x00000034   Dbug   RW  2494     .debug_pubnames     ap_display.o
    0x0001d41c   0x00000200   Dbug   RW  2497     .debug_pubnames     ap_display.o
    0x0001d61c   0x000005d8   Dbug   RW  2501     .debug_pubnames     ap_display.o
    0x0001dbf4   0x00000f1c   Dbug   RW  2505     .debug_pubnames     ap_display.o
    0x0001eb10   0x00000218   Dbug   RW  2512     .debug_pubnames     ap_display.o
    0x0001ed28   0x00000e98   Dbug   RW  2519     .debug_pubnames     task_display.o
    0x0001fbc0   0x00000038   Dbug   RW  2524     .debug_pubnames     ap_state_config.o
    0x0001fbf8   0x00000038   Dbug   RW  2527     .debug_pubnames     ap_state_config.o
    0x0001fc30   0x00000034   Dbug   RW  2530     .debug_pubnames     ap_state_config.o
    0x0001fc64   0x00000034   Dbug   RW  2533     .debug_pubnames     ap_state_config.o
    0x0001fc98   0x00000034   Dbug   RW  2536     .debug_pubnames     ap_state_config.o
    0x0001fccc   0x00000040   Dbug   RW  2539     .debug_pubnames     ap_state_config.o
    0x0001fd0c   0x00000040   Dbug   RW  2542     .debug_pubnames     ap_state_config.o
    0x0001fd4c   0x00000038   Dbug   RW  2545     .debug_pubnames     ap_state_config.o
    0x0001fd84   0x00000038   Dbug   RW  2548     .debug_pubnames     ap_state_config.o
    0x0001fdbc   0x00000030   Dbug   RW  2551     .debug_pubnames     ap_state_config.o
    0x0001fdec   0x00000030   Dbug   RW  2554     .debug_pubnames     ap_state_config.o
    0x0001fe1c   0x00000030   Dbug   RW  2557     .debug_pubnames     ap_state_config.o
    0x0001fe4c   0x00000030   Dbug   RW  2560     .debug_pubnames     ap_state_config.o
    0x0001fe7c   0x00000030   Dbug   RW  2563     .debug_pubnames     ap_state_config.o
    0x0001feac   0x00000030   Dbug   RW  2566     .debug_pubnames     ap_state_config.o
    0x0001fedc   0x0000003c   Dbug   RW  2569     .debug_pubnames     ap_state_config.o
    0x0001ff18   0x0000003c   Dbug   RW  2572     .debug_pubnames     ap_state_config.o
    0x0001ff54   0x00000040   Dbug   RW  2575     .debug_pubnames     ap_state_config.o
    0x0001ff94   0x00000040   Dbug   RW  2578     .debug_pubnames     ap_state_config.o
    0x0001ffd4   0x00000030   Dbug   RW  2581     .debug_pubnames     ap_state_config.o
    0x00020004   0x0000002c   Dbug   RW  2584     .debug_pubnames     ap_state_config.o
    0x00020030   0x00000038   Dbug   RW  2587     .debug_pubnames     ap_state_config.o
    0x00020068   0x00000020   Dbug   RW  2590     .debug_pubnames     ap_state_config.o
    0x00020088   0x0000002c   Dbug   RW  2593     .debug_pubnames     ap_state_config.o
    0x000200b4   0x00000038   Dbug   RW  2596     .debug_pubnames     ap_state_config.o
    0x000200ec   0x00000038   Dbug   RW  2599     .debug_pubnames     ap_state_config.o
    0x00020124   0x00000038   Dbug   RW  2602     .debug_pubnames     ap_state_config.o
    0x0002015c   0x00000038   Dbug   RW  2605     .debug_pubnames     ap_state_config.o
    0x00020194   0x00000030   Dbug   RW  2608     .debug_pubnames     ap_state_config.o
    0x000201c4   0x00000030   Dbug   RW  2611     .debug_pubnames     ap_state_config.o
    0x000201f4   0x00000034   Dbug   RW  2614     .debug_pubnames     ap_state_config.o
    0x00020228   0x00000034   Dbug   RW  2617     .debug_pubnames     ap_state_config.o
    0x0002025c   0x00000040   Dbug   RW  2620     .debug_pubnames     ap_state_config.o
    0x0002029c   0x00000040   Dbug   RW  2623     .debug_pubnames     ap_state_config.o
    0x000202dc   0x00000030   Dbug   RW  2626     .debug_pubnames     ap_state_config.o
    0x0002030c   0x00000034   Dbug   RW  2629     .debug_pubnames     ap_state_config.o
    0x00020340   0x00000034   Dbug   RW  2632     .debug_pubnames     ap_state_config.o
    0x00020374   0x00000038   Dbug   RW  2635     .debug_pubnames     ap_state_config.o
    0x000203ac   0x00000038   Dbug   RW  2638     .debug_pubnames     ap_state_config.o
    0x000203e4   0x00000030   Dbug   RW  2641     .debug_pubnames     ap_state_config.o
    0x00020414   0x00000030   Dbug   RW  2644     .debug_pubnames     ap_state_config.o
    0x00020444   0x00000030   Dbug   RW  2647     .debug_pubnames     ap_state_config.o
    0x00020474   0x00000030   Dbug   RW  2650     .debug_pubnames     ap_state_config.o
    0x000204a4   0x00000038   Dbug   RW  2653     .debug_pubnames     ap_state_config.o
    0x000204dc   0x00000038   Dbug   RW  2656     .debug_pubnames     ap_state_config.o
    0x00020514   0x00000034   Dbug   RW  2659     .debug_pubnames     ap_state_config.o
    0x00020548   0x00000034   Dbug   RW  2662     .debug_pubnames     ap_state_config.o
    0x0002057c   0x00000034   Dbug   RW  2665     .debug_pubnames     ap_state_config.o
    0x000205b0   0x00000034   Dbug   RW  2668     .debug_pubnames     ap_state_config.o
    0x000205e4   0x0000003c   Dbug   RW  2671     .debug_pubnames     ap_state_config.o
    0x00020620   0x0000003c   Dbug   RW  2674     .debug_pubnames     ap_state_config.o
    0x0002065c   0x00000034   Dbug   RW  2677     .debug_pubnames     ap_state_config.o
    0x00020690   0x00000034   Dbug   RW  2680     .debug_pubnames     ap_state_config.o
    0x000206c4   0x0000003c   Dbug   RW  2683     .debug_pubnames     ap_state_config.o
    0x00020700   0x0000003c   Dbug   RW  2686     .debug_pubnames     ap_state_config.o
    0x0002073c   0x0000003c   Dbug   RW  2689     .debug_pubnames     ap_state_config.o
    0x00020778   0x0000003c   Dbug   RW  2692     .debug_pubnames     ap_state_config.o
    0x000207b4   0x00000034   Dbug   RW  2695     .debug_pubnames     ap_state_config.o
    0x000207e8   0x00000034   Dbug   RW  2698     .debug_pubnames     ap_state_config.o
    0x0002081c   0x00000038   Dbug   RW  2701     .debug_pubnames     ap_state_config.o
    0x00020854   0x00000038   Dbug   RW  2704     .debug_pubnames     ap_state_config.o
    0x0002088c   0x00000034   Dbug   RW  2707     .debug_pubnames     ap_state_config.o
    0x000208c0   0x00000034   Dbug   RW  2710     .debug_pubnames     ap_state_config.o
    0x000208f4   0x00000034   Dbug   RW  2713     .debug_pubnames     ap_state_config.o
    0x00020928   0x00000034   Dbug   RW  2716     .debug_pubnames     ap_state_config.o
    0x0002095c   0x00000034   Dbug   RW  2719     .debug_pubnames     ap_state_config.o
    0x00020990   0x00000034   Dbug   RW  2722     .debug_pubnames     ap_state_config.o
    0x000209c4   0x00000034   Dbug   RW  2725     .debug_pubnames     ap_state_config.o
    0x000209f8   0x00000034   Dbug   RW  2728     .debug_pubnames     ap_state_config.o
    0x00020a2c   0x00000038   Dbug   RW  2731     .debug_pubnames     ap_state_config.o
    0x00020a64   0x00000038   Dbug   RW  2734     .debug_pubnames     ap_state_config.o
    0x00020a9c   0x00000038   Dbug   RW  2737     .debug_pubnames     ap_state_config.o
    0x00020ad4   0x00000038   Dbug   RW  2740     .debug_pubnames     ap_state_config.o
    0x00020b0c   0x00000034   Dbug   RW  2743     .debug_pubnames     ap_state_config.o
    0x00020b40   0x00000038   Dbug   RW  2746     .debug_pubnames     ap_state_config.o
    0x00020b78   0x0000002c   Dbug   RW  2749     .debug_pubnames     ap_state_config.o
    0x00020ba4   0x0000002c   Dbug   RW  2752     .debug_pubnames     ap_state_config.o
    0x00020bd0   0x00000034   Dbug   RW  2755     .debug_pubnames     ap_state_config.o
    0x00020c04   0x00000034   Dbug   RW  2758     .debug_pubnames     ap_state_config.o
    0x00020c38   0x00000038   Dbug   RW  2761     .debug_pubnames     ap_state_config.o
    0x00020c70   0x00000038   Dbug   RW  2764     .debug_pubnames     ap_state_config.o
    0x00020ca8   0x00000034   Dbug   RW  2767     .debug_pubnames     ap_state_config.o
    0x00020cdc   0x00000034   Dbug   RW  2770     .debug_pubnames     ap_state_config.o
    0x00020d10   0x00000024   Dbug   RW  2773     .debug_pubnames     ap_state_config.o
    0x00020d34   0x00000054   Dbug   RW  2776     .debug_pubnames     ap_state_config.o
    0x00020d88   0x00000b80   Dbug   RW  2780     .debug_pubnames     ap_state_config.o
    0x00021908   0x00000f1c   Dbug   RW  2838     .debug_pubnames     video_decoder_app.o
    0x00022824   0x00000020   Dbug   RW  2901     .debug_pubnames     drv_l1_dac.o
    0x00022844   0x00000020   Dbug   RW  2907     .debug_pubnames     drv_l1_dac.o
    0x00022864   0x00000024   Dbug   RW  2924     .debug_pubnames     ap_state_firmware_upgrade.o
    0x00022888   0x00000024   Dbug   RW  2927     .debug_pubnames     ap_state_firmware_upgrade.o
    0x000228ac   0x00000020   Dbug   RW  2930     .debug_pubnames     ap_state_firmware_upgrade.o
    0x000228cc   0x00000024   Dbug   RW  2933     .debug_pubnames     ap_state_firmware_upgrade.o
    0x000228f0   0x00000028   Dbug   RW  2936     .debug_pubnames     ap_state_firmware_upgrade.o
    0x00022918   0x00000024   Dbug   RW  2939     .debug_pubnames     ap_state_firmware_upgrade.o
    0x0002293c   0x0000002c   Dbug   RW  2942     .debug_pubnames     ap_state_firmware_upgrade.o
    0x00022968   0x00000028   Dbug   RW  2945     .debug_pubnames     ap_state_firmware_upgrade.o
    0x00022990   0x0000008c   Dbug   RW  2949     .debug_pubnames     ap_state_firmware_upgrade.o
    0x00022a1c   0x00000090   Dbug   RW  2954     .debug_pubnames     ap_state_firmware_upgrade.o
    0x00022aac   0x00000368   Dbug   RW  2956     .debug_pubnames     ap_state_firmware_upgrade.o
    0x00022e14   0x000000f8   Dbug   RW  2960     .debug_pubnames     ap_state_firmware_upgrade.o
    0x00022f0c   0x0000007c   Dbug   RW  2964     .debug_pubnames     ap_state_firmware_upgrade.o
    0x00022f88   0x00001304   Dbug   RW  2976     .debug_pubnames     ap_state_firmware_upgrade.o
    0x0002428c   0x00000344   Dbug   RW  2982     .debug_pubnames     ap_state_firmware_upgrade.o
    0x000245d0   0x00001478   Dbug   RW  2984     .debug_pubnames     ap_state_firmware_upgrade.o
    0x00025a48   0x00000218   Dbug   RW  2986     .debug_pubnames     ap_state_firmware_upgrade.o
    0x00025c60   0x000000dc   Dbug   RW  2995     .debug_pubnames     ap_state_firmware_upgrade.o
    0x00025d3c   0x00000118   Dbug   RW  3014     .debug_pubnames     drv_l2_usbd_descriptor_tbl.o
    0x00025e54   0x00000114   Dbug   RW  3029     .debug_pubnames     drv_l2_usbd_uvc_descriptor_tbl.o
    0x00025f68   0x00000024   Dbug   RW  3041     .debug_pubnames     ap_usb.o
    0x00025f8c   0x00000030   Dbug   RW  3044     .debug_pubnames     ap_usb.o
    0x00025fbc   0x00000030   Dbug   RW  3047     .debug_pubnames     ap_usb.o
    0x00025fec   0x00000030   Dbug   RW  3050     .debug_pubnames     ap_usb.o
    0x0002601c   0x0000002c   Dbug   RW  3053     .debug_pubnames     ap_usb.o
    0x00026048   0x0000002c   Dbug   RW  3056     .debug_pubnames     ap_usb.o
    0x00026074   0x0000002c   Dbug   RW  3059     .debug_pubnames     ap_usb.o
    0x000260a0   0x00000030   Dbug   RW  3062     .debug_pubnames     ap_usb.o
    0x000260d0   0x0000002c   Dbug   RW  3065     .debug_pubnames     ap_usb.o
    0x000260fc   0x00000030   Dbug   RW  3068     .debug_pubnames     ap_usb.o
    0x0002612c   0x00000030   Dbug   RW  3071     .debug_pubnames     ap_usb.o
    0x0002615c   0x00000028   Dbug   RW  3074     .debug_pubnames     ap_usb.o
    0x00026184   0x00000028   Dbug   RW  3077     .debug_pubnames     ap_usb.o
    0x000261ac   0x00000024   Dbug   RW  3080     .debug_pubnames     ap_usb.o
    0x000261d0   0x00000024   Dbug   RW  3083     .debug_pubnames     ap_usb.o
    0x000261f4   0x00000020   Dbug   RW  3086     .debug_pubnames     ap_usb.o
    0x00026214   0x00000024   Dbug   RW  3089     .debug_pubnames     ap_usb.o
    0x00026238   0x00000024   Dbug   RW  3092     .debug_pubnames     ap_usb.o
    0x0002625c   0x00000020   Dbug   RW  3095     .debug_pubnames     ap_usb.o
    0x0002627c   0x00000030   Dbug   RW  3098     .debug_pubnames     ap_usb.o
    0x000262ac   0x00000030   Dbug   RW  3101     .debug_pubnames     ap_usb.o
    0x000262dc   0x00000028   Dbug   RW  3104     .debug_pubnames     ap_usb.o
    0x00026304   0x0000034c   Dbug   RW  3107     .debug_pubnames     ap_usb.o
    0x00026650   0x00000214   Dbug   RW  3111     .debug_pubnames     ap_usb.o
    0x00026864   0x00000084   Dbug   RW  3116     .debug_pubnames     ap_usb.o
    0x000268e8   0x00000344   Dbug   RW  3119     .debug_pubnames     ap_usb.o
    0x00026c2c   0x00001478   Dbug   RW  3121     .debug_pubnames     ap_usb.o
    0x000280a4   0x00000218   Dbug   RW  3129     .debug_pubnames     ap_usb.o
    0x000282bc   0x000001fc   Dbug   RW  3131     .debug_pubnames     ap_usb.o
    0x000284b8   0x0000002c   Dbug   RW  3249     .debug_pubnames     my_video_codec_callback.o
    0x000284e4   0x00000030   Dbug   RW  3252     .debug_pubnames     my_video_codec_callback.o
    0x00028514   0x00000034   Dbug   RW  3255     .debug_pubnames     my_video_codec_callback.o
    0x00028548   0x00000034   Dbug   RW  3258     .debug_pubnames     my_video_codec_callback.o
    0x0002857c   0x00000030   Dbug   RW  3261     .debug_pubnames     my_video_codec_callback.o
    0x000285ac   0x0000002c   Dbug   RW  3264     .debug_pubnames     my_video_codec_callback.o
    0x000285d8   0x00000030   Dbug   RW  3267     .debug_pubnames     my_video_codec_callback.o
    0x00028608   0x0000002c   Dbug   RW  3270     .debug_pubnames     my_video_codec_callback.o
    0x00028634   0x00000030   Dbug   RW  3273     .debug_pubnames     my_video_codec_callback.o
    0x00028664   0x00000028   Dbug   RW  3276     .debug_pubnames     my_video_codec_callback.o
    0x0002868c   0x00000030   Dbug   RW  3279     .debug_pubnames     my_video_codec_callback.o
    0x000286bc   0x00000034   Dbug   RW  3282     .debug_pubnames     my_video_codec_callback.o
    0x000286f0   0x00000034   Dbug   RW  3285     .debug_pubnames     my_video_codec_callback.o
    0x00028724   0x0000002c   Dbug   RW  3288     .debug_pubnames     my_video_codec_callback.o
    0x00028750   0x00000288   Dbug   RW  3291     .debug_pubnames     my_video_codec_callback.o
    0x000289d8   0x0000026c   Dbug   RW  3295     .debug_pubnames     my_video_codec_callback.o
    0x00028c44   0x00001478   Dbug   RW  3299     .debug_pubnames     my_video_codec_callback.o
    0x0002a0bc   0x00000024   Dbug   RW  3314     .debug_pubnames     drv_l2_spifc.o
    0x0002a0e0   0x0000002c   Dbug   RW  3317     .debug_pubnames     drv_l2_spifc.o
    0x0002a10c   0x0000002c   Dbug   RW  3320     .debug_pubnames     drv_l2_spifc.o
    0x0002a138   0x0000002c   Dbug   RW  3323     .debug_pubnames     drv_l2_spifc.o
    0x0002a164   0x00000028   Dbug   RW  3326     .debug_pubnames     drv_l2_spifc.o
    0x0002a18c   0x00000024   Dbug   RW  3329     .debug_pubnames     drv_l2_spifc.o
    0x0002a1b0   0x00000024   Dbug   RW  3332     .debug_pubnames     drv_l2_spifc.o
    0x0002a1d4   0x00000024   Dbug   RW  3335     .debug_pubnames     drv_l2_spifc.o
    0x0002a1f8   0x00000024   Dbug   RW  3338     .debug_pubnames     drv_l2_spifc.o
    0x0002a21c   0x0000002c   Dbug   RW  3341     .debug_pubnames     drv_l2_spifc.o
    0x0002a248   0x00000024   Dbug   RW  3344     .debug_pubnames     drv_l2_spifc.o
    0x0002a26c   0x00000028   Dbug   RW  3347     .debug_pubnames     drv_l2_spifc.o
    0x0002a294   0x00000100   Dbug   RW  3351     .debug_pubnames     drv_l2_spifc.o
    0x0002a394   0x00000024   Dbug   RW  3361     .debug_pubnames     drv_l1_spifc.o
    0x0002a3b8   0x00000028   Dbug   RW  3364     .debug_pubnames     drv_l1_spifc.o
    0x0002a3e0   0x00000030   Dbug   RW  3367     .debug_pubnames     drv_l1_spifc.o
    0x0002a410   0x00000030   Dbug   RW  3370     .debug_pubnames     drv_l1_spifc.o
    0x0002a440   0x00000030   Dbug   RW  3373     .debug_pubnames     drv_l1_spifc.o
    0x0002a470   0x0000002c   Dbug   RW  3376     .debug_pubnames     drv_l1_spifc.o
    0x0002a49c   0x00000030   Dbug   RW  3379     .debug_pubnames     drv_l1_spifc.o
    0x0002a4cc   0x0000002c   Dbug   RW  3382     .debug_pubnames     drv_l1_spifc.o
    0x0002a4f8   0x00000024   Dbug   RW  3385     .debug_pubnames     drv_l1_spifc.o
    0x0002a51c   0x00000028   Dbug   RW  3388     .debug_pubnames     drv_l1_spifc.o
    0x0002a544   0x00000020   Dbug   RW  3391     .debug_pubnames     drv_l1_spifc.o
    0x0002a564   0x000000fc   Dbug   RW  3395     .debug_pubnames     drv_l1_spifc.o
    0x0002a660   0x00000024   Dbug   RW  3401     .debug_pubnames     spi_flash_mxic.o
    0x0002a684   0x00000020   Dbug   RW  3404     .debug_pubnames     spi_flash_mxic.o
    0x0002a6a4   0x00000028   Dbug   RW  3407     .debug_pubnames     spi_flash_mxic.o
    0x0002a6cc   0x00000028   Dbug   RW  3410     .debug_pubnames     spi_flash_mxic.o
    0x0002a6f4   0x0000002c   Dbug   RW  3413     .debug_pubnames     spi_flash_mxic.o
    0x0002a720   0x00000024   Dbug   RW  3416     .debug_pubnames     spi_flash_mxic.o
    0x0002a744   0x00000024   Dbug   RW  3419     .debug_pubnames     spi_flash_mxic.o
    0x0002a768   0x0000002c   Dbug   RW  3422     .debug_pubnames     spi_flash_mxic.o
    0x0002a794   0x00000098   Dbug   RW  3428     .debug_pubnames     spi_flash_mxic.o
    0x0002a82c   0x00000024   Dbug   RW  3442     .debug_pubnames     drv_l2_sensor.o
    0x0002a850   0x00000030   Dbug   RW  3445     .debug_pubnames     drv_l2_sensor.o
    0x0002a880   0x00000028   Dbug   RW  3448     .debug_pubnames     drv_l2_sensor.o
    0x0002a8a8   0x00000028   Dbug   RW  3451     .debug_pubnames     drv_l2_sensor.o
    0x0002a8d0   0x00000028   Dbug   RW  3454     .debug_pubnames     drv_l2_sensor.o
    0x0002a8f8   0x00000024   Dbug   RW  3457     .debug_pubnames     drv_l2_sensor.o
    0x0002a91c   0x000000ac   Dbug   RW  3460     .debug_pubnames     drv_l2_sensor.o
    0x0002a9c8   0x000000c8   Dbug   RW  3464     .debug_pubnames     drv_l2_sensor.o
    0x0002aa90   0x0000002c   Dbug   RW  3471     .debug_pubnames     drv_l1_cdsp.o
    0x0002aabc   0x00000028   Dbug   RW  3474     .debug_pubnames     drv_l1_cdsp.o
    0x0002aae4   0x00000028   Dbug   RW  3477     .debug_pubnames     drv_l1_cdsp.o
    0x0002ab0c   0x00000028   Dbug   RW  3480     .debug_pubnames     drv_l1_cdsp.o
    0x0002ab34   0x00000034   Dbug   RW  3483     .debug_pubnames     drv_l1_cdsp.o
    0x0002ab68   0x00000034   Dbug   RW  3486     .debug_pubnames     drv_l1_cdsp.o
    0x0002ab9c   0x0000002c   Dbug   RW  3489     .debug_pubnames     drv_l1_cdsp.o
    0x0002abc8   0x0000002c   Dbug   RW  3492     .debug_pubnames     drv_l1_cdsp.o
    0x0002abf4   0x0000002c   Dbug   RW  3495     .debug_pubnames     drv_l1_cdsp.o
    0x0002ac20   0x00000034   Dbug   RW  3498     .debug_pubnames     drv_l1_cdsp.o
    0x0002ac54   0x00000024   Dbug   RW  3501     .debug_pubnames     drv_l1_cdsp.o
    0x0002ac78   0x00000030   Dbug   RW  3504     .debug_pubnames     drv_l1_cdsp.o
    0x0002aca8   0x0000002c   Dbug   RW  3507     .debug_pubnames     drv_l1_cdsp.o
    0x0002acd4   0x00000028   Dbug   RW  3510     .debug_pubnames     drv_l1_cdsp.o
    0x0002acfc   0x0000002c   Dbug   RW  3513     .debug_pubnames     drv_l1_cdsp.o
    0x0002ad28   0x00000028   Dbug   RW  3516     .debug_pubnames     drv_l1_cdsp.o
    0x0002ad50   0x0000002c   Dbug   RW  3519     .debug_pubnames     drv_l1_cdsp.o
    0x0002ad7c   0x00000030   Dbug   RW  3522     .debug_pubnames     drv_l1_cdsp.o
    0x0002adac   0x0000002c   Dbug   RW  3525     .debug_pubnames     drv_l1_cdsp.o
    0x0002add8   0x00000028   Dbug   RW  3528     .debug_pubnames     drv_l1_cdsp.o
    0x0002ae00   0x00000030   Dbug   RW  3531     .debug_pubnames     drv_l1_cdsp.o
    0x0002ae30   0x00000028   Dbug   RW  3534     .debug_pubnames     drv_l1_cdsp.o
    0x0002ae58   0x00000028   Dbug   RW  3537     .debug_pubnames     drv_l1_cdsp.o
    0x0002ae80   0x0000002c   Dbug   RW  3540     .debug_pubnames     drv_l1_cdsp.o
    0x0002aeac   0x0000002c   Dbug   RW  3543     .debug_pubnames     drv_l1_cdsp.o
    0x0002aed8   0x0000002c   Dbug   RW  3546     .debug_pubnames     drv_l1_cdsp.o
    0x0002af04   0x0000002c   Dbug   RW  3549     .debug_pubnames     drv_l1_cdsp.o
    0x0002af30   0x0000002c   Dbug   RW  3552     .debug_pubnames     drv_l1_cdsp.o
    0x0002af5c   0x0000002c   Dbug   RW  3555     .debug_pubnames     drv_l1_cdsp.o
    0x0002af88   0x00000028   Dbug   RW  3558     .debug_pubnames     drv_l1_cdsp.o
    0x0002afb0   0x0000002c   Dbug   RW  3561     .debug_pubnames     drv_l1_cdsp.o
    0x0002afdc   0x00000028   Dbug   RW  3564     .debug_pubnames     drv_l1_cdsp.o
    0x0002b004   0x00000028   Dbug   RW  3567     .debug_pubnames     drv_l1_cdsp.o
    0x0002b02c   0x0000002c   Dbug   RW  3570     .debug_pubnames     drv_l1_cdsp.o
    0x0002b058   0x00000030   Dbug   RW  3573     .debug_pubnames     drv_l1_cdsp.o
    0x0002b088   0x00000030   Dbug   RW  3576     .debug_pubnames     drv_l1_cdsp.o
    0x0002b0b8   0x00000028   Dbug   RW  3579     .debug_pubnames     drv_l1_cdsp.o
    0x0002b0e0   0x0000002c   Dbug   RW  3582     .debug_pubnames     drv_l1_cdsp.o
    0x0002b10c   0x00000028   Dbug   RW  3585     .debug_pubnames     drv_l1_cdsp.o
    0x0002b134   0x00000028   Dbug   RW  3588     .debug_pubnames     drv_l1_cdsp.o
    0x0002b15c   0x0000002c   Dbug   RW  3591     .debug_pubnames     drv_l1_cdsp.o
    0x0002b188   0x0000002c   Dbug   RW  3594     .debug_pubnames     drv_l1_cdsp.o
    0x0002b1b4   0x00000028   Dbug   RW  3597     .debug_pubnames     drv_l1_cdsp.o
    0x0002b1dc   0x00000028   Dbug   RW  3600     .debug_pubnames     drv_l1_cdsp.o
    0x0002b204   0x0000002c   Dbug   RW  3603     .debug_pubnames     drv_l1_cdsp.o
    0x0002b230   0x0000002c   Dbug   RW  3606     .debug_pubnames     drv_l1_cdsp.o
    0x0002b25c   0x00000024   Dbug   RW  3609     .debug_pubnames     drv_l1_cdsp.o
    0x0002b280   0x0000002c   Dbug   RW  3612     .debug_pubnames     drv_l1_cdsp.o
    0x0002b2ac   0x0000002c   Dbug   RW  3615     .debug_pubnames     drv_l1_cdsp.o
    0x0002b2d8   0x00000028   Dbug   RW  3618     .debug_pubnames     drv_l1_cdsp.o
    0x0002b300   0x00000028   Dbug   RW  3621     .debug_pubnames     drv_l1_cdsp.o
    0x0002b328   0x00000020   Dbug   RW  3624     .debug_pubnames     drv_l1_cdsp.o
    0x0002b348   0x00000020   Dbug   RW  3627     .debug_pubnames     drv_l1_cdsp.o
    0x0002b368   0x00000020   Dbug   RW  3630     .debug_pubnames     drv_l1_cdsp.o
    0x0002b388   0x00000020   Dbug   RW  3633     .debug_pubnames     drv_l1_cdsp.o
    0x0002b3a8   0x00000034   Dbug   RW  3636     .debug_pubnames     drv_l1_cdsp.o
    0x0002b3dc   0x00000024   Dbug   RW  3639     .debug_pubnames     drv_l1_cdsp.o
    0x0002b400   0x00000024   Dbug   RW  3642     .debug_pubnames     drv_l1_cdsp.o
    0x0002b424   0x00000024   Dbug   RW  3645     .debug_pubnames     drv_l1_cdsp.o
    0x0002b448   0x00000030   Dbug   RW  3648     .debug_pubnames     drv_l1_cdsp.o
    0x0002b478   0x0000002c   Dbug   RW  3651     .debug_pubnames     drv_l1_cdsp.o
    0x0002b4a4   0x0000002c   Dbug   RW  3654     .debug_pubnames     drv_l1_cdsp.o
    0x0002b4d0   0x0000002c   Dbug   RW  3657     .debug_pubnames     drv_l1_cdsp.o
    0x0002b4fc   0x0000002c   Dbug   RW  3660     .debug_pubnames     drv_l1_cdsp.o
    0x0002b528   0x00000028   Dbug   RW  3663     .debug_pubnames     drv_l1_cdsp.o
    0x0002b550   0x00000028   Dbug   RW  3666     .debug_pubnames     drv_l1_cdsp.o
    0x0002b578   0x0000002c   Dbug   RW  3669     .debug_pubnames     drv_l1_cdsp.o
    0x0002b5a4   0x0000002c   Dbug   RW  3672     .debug_pubnames     drv_l1_cdsp.o
    0x0002b5d0   0x0000002c   Dbug   RW  3675     .debug_pubnames     drv_l1_cdsp.o
    0x0002b5fc   0x0000002c   Dbug   RW  3678     .debug_pubnames     drv_l1_cdsp.o
    0x0002b628   0x0000002c   Dbug   RW  3681     .debug_pubnames     drv_l1_cdsp.o
    0x0002b654   0x00000028   Dbug   RW  3684     .debug_pubnames     drv_l1_cdsp.o
    0x0002b67c   0x0000002c   Dbug   RW  3687     .debug_pubnames     drv_l1_cdsp.o
    0x0002b6a8   0x00000030   Dbug   RW  3690     .debug_pubnames     drv_l1_cdsp.o
    0x0002b6d8   0x00000028   Dbug   RW  3693     .debug_pubnames     drv_l1_cdsp.o
    0x0002b700   0x0000002c   Dbug   RW  3696     .debug_pubnames     drv_l1_cdsp.o
    0x0002b72c   0x0000002c   Dbug   RW  3699     .debug_pubnames     drv_l1_cdsp.o
    0x0002b758   0x0000002c   Dbug   RW  3702     .debug_pubnames     drv_l1_cdsp.o
    0x0002b784   0x0000002c   Dbug   RW  3705     .debug_pubnames     drv_l1_cdsp.o
    0x0002b7b0   0x00000028   Dbug   RW  3708     .debug_pubnames     drv_l1_cdsp.o
    0x0002b7d8   0x0000002c   Dbug   RW  3711     .debug_pubnames     drv_l1_cdsp.o
    0x0002b804   0x0000002c   Dbug   RW  3714     .debug_pubnames     drv_l1_cdsp.o
    0x0002b830   0x00000030   Dbug   RW  3717     .debug_pubnames     drv_l1_cdsp.o
    0x0002b860   0x00000030   Dbug   RW  3720     .debug_pubnames     drv_l1_cdsp.o
    0x0002b890   0x0000002c   Dbug   RW  3723     .debug_pubnames     drv_l1_cdsp.o
    0x0002b8bc   0x00000030   Dbug   RW  3726     .debug_pubnames     drv_l1_cdsp.o
    0x0002b8ec   0x0000002c   Dbug   RW  3729     .debug_pubnames     drv_l1_cdsp.o
    0x0002b918   0x0000002c   Dbug   RW  3732     .debug_pubnames     drv_l1_cdsp.o
    0x0002b944   0x00000030   Dbug   RW  3735     .debug_pubnames     drv_l1_cdsp.o
    0x0002b974   0x0000002c   Dbug   RW  3738     .debug_pubnames     drv_l1_cdsp.o
    0x0002b9a0   0x0000002c   Dbug   RW  3741     .debug_pubnames     drv_l1_cdsp.o
    0x0002b9cc   0x0000002c   Dbug   RW  3744     .debug_pubnames     drv_l1_cdsp.o
    0x0002b9f8   0x00000030   Dbug   RW  3747     .debug_pubnames     drv_l1_cdsp.o
    0x0002ba28   0x00000034   Dbug   RW  3750     .debug_pubnames     drv_l1_cdsp.o
    0x0002ba5c   0x00000030   Dbug   RW  3753     .debug_pubnames     drv_l1_cdsp.o
    0x0002ba8c   0x0000002c   Dbug   RW  3756     .debug_pubnames     drv_l1_cdsp.o
    0x0002bab8   0x00000030   Dbug   RW  3759     .debug_pubnames     drv_l1_cdsp.o
    0x0002bae8   0x0000002c   Dbug   RW  3762     .debug_pubnames     drv_l1_cdsp.o
    0x0002bb14   0x0000002c   Dbug   RW  3765     .debug_pubnames     drv_l1_cdsp.o
    0x0002bb40   0x0000002c   Dbug   RW  3768     .debug_pubnames     drv_l1_cdsp.o
    0x0002bb6c   0x00000030   Dbug   RW  3771     .debug_pubnames     drv_l1_cdsp.o
    0x0002bb9c   0x0000002c   Dbug   RW  3774     .debug_pubnames     drv_l1_cdsp.o
    0x0002bbc8   0x00000028   Dbug   RW  3777     .debug_pubnames     drv_l1_cdsp.o
    0x0002bbf0   0x00000028   Dbug   RW  3780     .debug_pubnames     drv_l1_cdsp.o
    0x0002bc18   0x00000028   Dbug   RW  3783     .debug_pubnames     drv_l1_cdsp.o
    0x0002bc40   0x00000028   Dbug   RW  3786     .debug_pubnames     drv_l1_cdsp.o
    0x0002bc68   0x0000002c   Dbug   RW  3789     .debug_pubnames     drv_l1_cdsp.o
    0x0002bc94   0x00000034   Dbug   RW  3792     .debug_pubnames     drv_l1_cdsp.o
    0x0002bcc8   0x00000028   Dbug   RW  3795     .debug_pubnames     drv_l1_cdsp.o
    0x0002bcf0   0x0000002c   Dbug   RW  3798     .debug_pubnames     drv_l1_cdsp.o
    0x0002bd1c   0x0000002c   Dbug   RW  3801     .debug_pubnames     drv_l1_cdsp.o
    0x0002bd48   0x00000030   Dbug   RW  3804     .debug_pubnames     drv_l1_cdsp.o
    0x0002bd78   0x00000034   Dbug   RW  3807     .debug_pubnames     drv_l1_cdsp.o
    0x0002bdac   0x00000030   Dbug   RW  3810     .debug_pubnames     drv_l1_cdsp.o
    0x0002bddc   0x00000030   Dbug   RW  3813     .debug_pubnames     drv_l1_cdsp.o
    0x0002be0c   0x00000028   Dbug   RW  3816     .debug_pubnames     drv_l1_cdsp.o
    0x0002be34   0x0000002c   Dbug   RW  3819     .debug_pubnames     drv_l1_cdsp.o
    0x0002be60   0x0000002c   Dbug   RW  3822     .debug_pubnames     drv_l1_cdsp.o
    0x0002be8c   0x00000030   Dbug   RW  3825     .debug_pubnames     drv_l1_cdsp.o
    0x0002bebc   0x00000030   Dbug   RW  3828     .debug_pubnames     drv_l1_cdsp.o
    0x0002beec   0x0000002c   Dbug   RW  3831     .debug_pubnames     drv_l1_cdsp.o
    0x0002bf18   0x0000002c   Dbug   RW  3834     .debug_pubnames     drv_l1_cdsp.o
    0x0002bf44   0x0000002c   Dbug   RW  3837     .debug_pubnames     drv_l1_cdsp.o
    0x0002bf70   0x00000028   Dbug   RW  3840     .debug_pubnames     drv_l1_cdsp.o
    0x0002bf98   0x00000030   Dbug   RW  3843     .debug_pubnames     drv_l1_cdsp.o
    0x0002bfc8   0x0000002c   Dbug   RW  3846     .debug_pubnames     drv_l1_cdsp.o
    0x0002bff4   0x0000002c   Dbug   RW  3849     .debug_pubnames     drv_l1_cdsp.o
    0x0002c020   0x0000002c   Dbug   RW  3852     .debug_pubnames     drv_l1_cdsp.o
    0x0002c04c   0x00000028   Dbug   RW  3855     .debug_pubnames     drv_l1_cdsp.o
    0x0002c074   0x00000028   Dbug   RW  3858     .debug_pubnames     drv_l1_cdsp.o
    0x0002c09c   0x00000028   Dbug   RW  3861     .debug_pubnames     drv_l1_cdsp.o
    0x0002c0c4   0x00000028   Dbug   RW  3864     .debug_pubnames     drv_l1_cdsp.o
    0x0002c0ec   0x00000028   Dbug   RW  3867     .debug_pubnames     drv_l1_cdsp.o
    0x0002c114   0x00000028   Dbug   RW  3870     .debug_pubnames     drv_l1_cdsp.o
    0x0002c13c   0x00000024   Dbug   RW  3873     .debug_pubnames     drv_l1_cdsp.o
    0x0002c160   0x00000028   Dbug   RW  3876     .debug_pubnames     drv_l1_cdsp.o
    0x0002c188   0x00000028   Dbug   RW  3879     .debug_pubnames     drv_l1_cdsp.o
    0x0002c1b0   0x0000002c   Dbug   RW  3882     .debug_pubnames     drv_l1_cdsp.o
    0x0002c1dc   0x0000002c   Dbug   RW  3885     .debug_pubnames     drv_l1_cdsp.o
    0x0002c208   0x0000002c   Dbug   RW  3888     .debug_pubnames     drv_l1_cdsp.o
    0x0002c234   0x00000028   Dbug   RW  3891     .debug_pubnames     drv_l1_cdsp.o
    0x0002c25c   0x00000028   Dbug   RW  3894     .debug_pubnames     drv_l1_cdsp.o
    0x0002c284   0x00000028   Dbug   RW  3897     .debug_pubnames     drv_l1_cdsp.o
    0x0002c2ac   0x00000030   Dbug   RW  3900     .debug_pubnames     drv_l1_cdsp.o
    0x0002c2dc   0x0000002c   Dbug   RW  3903     .debug_pubnames     drv_l1_cdsp.o
    0x0002c308   0x00000028   Dbug   RW  3906     .debug_pubnames     drv_l1_cdsp.o
    0x0002c330   0x0000002c   Dbug   RW  3909     .debug_pubnames     drv_l1_cdsp.o
    0x0002c35c   0x00000028   Dbug   RW  3912     .debug_pubnames     drv_l1_cdsp.o
    0x0002c384   0x0000002c   Dbug   RW  3915     .debug_pubnames     drv_l1_cdsp.o
    0x0002c3b0   0x00000028   Dbug   RW  3918     .debug_pubnames     drv_l1_cdsp.o
    0x0002c3d8   0x00000028   Dbug   RW  3921     .debug_pubnames     drv_l1_cdsp.o
    0x0002c400   0x00000030   Dbug   RW  3924     .debug_pubnames     drv_l1_cdsp.o
    0x0002c430   0x0000002c   Dbug   RW  3927     .debug_pubnames     drv_l1_cdsp.o
    0x0002c45c   0x00000028   Dbug   RW  3930     .debug_pubnames     drv_l1_cdsp.o
    0x0002c484   0x00000028   Dbug   RW  3933     .debug_pubnames     drv_l1_cdsp.o
    0x0002c4ac   0x0000002c   Dbug   RW  3936     .debug_pubnames     drv_l1_cdsp.o
    0x0002c4d8   0x0000002c   Dbug   RW  3939     .debug_pubnames     drv_l1_cdsp.o
    0x0002c504   0x0000002c   Dbug   RW  3942     .debug_pubnames     drv_l1_cdsp.o
    0x0002c530   0x0000002c   Dbug   RW  3945     .debug_pubnames     drv_l1_cdsp.o
    0x0002c55c   0x00000024   Dbug   RW  3948     .debug_pubnames     drv_l1_cdsp.o
    0x0002c580   0x00000028   Dbug   RW  3951     .debug_pubnames     drv_l1_cdsp.o
    0x0002c5a8   0x0000002c   Dbug   RW  3954     .debug_pubnames     drv_l1_cdsp.o
    0x0002c5d4   0x0000002c   Dbug   RW  3957     .debug_pubnames     drv_l1_cdsp.o
    0x0002c600   0x00000030   Dbug   RW  3960     .debug_pubnames     drv_l1_cdsp.o
    0x0002c630   0x0000002c   Dbug   RW  3963     .debug_pubnames     drv_l1_cdsp.o
    0x0002c65c   0x0000002c   Dbug   RW  3966     .debug_pubnames     drv_l1_cdsp.o
    0x0002c688   0x00000028   Dbug   RW  3969     .debug_pubnames     drv_l1_cdsp.o
    0x0002c6b0   0x00000024   Dbug   RW  3972     .debug_pubnames     drv_l1_cdsp.o
    0x0002c6d4   0x00000034   Dbug   RW  3975     .debug_pubnames     drv_l1_cdsp.o
    0x0002c708   0x0000002c   Dbug   RW  3978     .debug_pubnames     drv_l1_cdsp.o
    0x0002c734   0x00000030   Dbug   RW  3981     .debug_pubnames     drv_l1_cdsp.o
    0x0002c764   0x0000002c   Dbug   RW  3984     .debug_pubnames     drv_l1_cdsp.o
    0x0002c790   0x0000002c   Dbug   RW  3987     .debug_pubnames     drv_l1_cdsp.o
    0x0002c7bc   0x0000002c   Dbug   RW  3990     .debug_pubnames     drv_l1_cdsp.o
    0x0002c7e8   0x0000002c   Dbug   RW  3993     .debug_pubnames     drv_l1_cdsp.o
    0x0002c814   0x0000002c   Dbug   RW  3996     .debug_pubnames     drv_l1_cdsp.o
    0x0002c840   0x0000002c   Dbug   RW  3999     .debug_pubnames     drv_l1_cdsp.o
    0x0002c86c   0x0000002c   Dbug   RW  4002     .debug_pubnames     drv_l1_cdsp.o
    0x0002c898   0x0000002c   Dbug   RW  4005     .debug_pubnames     drv_l1_cdsp.o
    0x0002c8c4   0x00000030   Dbug   RW  4008     .debug_pubnames     drv_l1_cdsp.o
    0x0002c8f4   0x00000030   Dbug   RW  4011     .debug_pubnames     drv_l1_cdsp.o
    0x0002c924   0x00000038   Dbug   RW  4014     .debug_pubnames     drv_l1_cdsp.o
    0x0002c95c   0x00000030   Dbug   RW  4017     .debug_pubnames     drv_l1_cdsp.o
    0x0002c98c   0x0000002c   Dbug   RW  4020     .debug_pubnames     drv_l1_cdsp.o
    0x0002c9b8   0x0000002c   Dbug   RW  4023     .debug_pubnames     drv_l1_cdsp.o
    0x0002c9e4   0x00000030   Dbug   RW  4026     .debug_pubnames     drv_l1_cdsp.o
    0x0002ca14   0x00000030   Dbug   RW  4029     .debug_pubnames     drv_l1_cdsp.o
    0x0002ca44   0x00000030   Dbug   RW  4032     .debug_pubnames     drv_l1_cdsp.o
    0x0002ca74   0x00000030   Dbug   RW  4035     .debug_pubnames     drv_l1_cdsp.o
    0x0002caa4   0x0000002c   Dbug   RW  4038     .debug_pubnames     drv_l1_cdsp.o
    0x0002cad0   0x00000030   Dbug   RW  4041     .debug_pubnames     drv_l1_cdsp.o
    0x0002cb00   0x0000002c   Dbug   RW  4044     .debug_pubnames     drv_l1_cdsp.o
    0x0002cb2c   0x00000020   Dbug   RW  4047     .debug_pubnames     drv_l1_cdsp.o
    0x0002cb4c   0x00000028   Dbug   RW  4050     .debug_pubnames     drv_l1_cdsp.o
    0x0002cb74   0x00000028   Dbug   RW  4053     .debug_pubnames     drv_l1_cdsp.o
    0x0002cb9c   0x000000d4   Dbug   RW  4056     .debug_pubnames     drv_l1_cdsp.o
    0x0002cc70   0x000012f8   Dbug   RW  4060     .debug_pubnames     drv_l1_cdsp.o
    0x0002df68   0x00000024   Dbug   RW  4068     .debug_pubnames     drv_l1_front.o
    0x0002df8c   0x0000002c   Dbug   RW  4071     .debug_pubnames     drv_l1_front.o
    0x0002dfb8   0x0000002c   Dbug   RW  4074     .debug_pubnames     drv_l1_front.o
    0x0002dfe4   0x0000002c   Dbug   RW  4077     .debug_pubnames     drv_l1_front.o
    0x0002e010   0x00000030   Dbug   RW  4080     .debug_pubnames     drv_l1_front.o
    0x0002e040   0x00000030   Dbug   RW  4083     .debug_pubnames     drv_l1_front.o
    0x0002e070   0x00000030   Dbug   RW  4086     .debug_pubnames     drv_l1_front.o
    0x0002e0a0   0x00000028   Dbug   RW  4089     .debug_pubnames     drv_l1_front.o
    0x0002e0c8   0x00000028   Dbug   RW  4092     .debug_pubnames     drv_l1_front.o
    0x0002e0f0   0x0000002c   Dbug   RW  4095     .debug_pubnames     drv_l1_front.o
    0x0002e11c   0x00000028   Dbug   RW  4098     .debug_pubnames     drv_l1_front.o
    0x0002e144   0x0000002c   Dbug   RW  4101     .debug_pubnames     drv_l1_front.o
    0x0002e170   0x00000028   Dbug   RW  4104     .debug_pubnames     drv_l1_front.o
    0x0002e198   0x0000002c   Dbug   RW  4107     .debug_pubnames     drv_l1_front.o
    0x0002e1c4   0x00000028   Dbug   RW  4110     .debug_pubnames     drv_l1_front.o
    0x0002e1ec   0x00000028   Dbug   RW  4113     .debug_pubnames     drv_l1_front.o
    0x0002e214   0x0000002c   Dbug   RW  4116     .debug_pubnames     drv_l1_front.o
    0x0002e240   0x00000028   Dbug   RW  4119     .debug_pubnames     drv_l1_front.o
    0x0002e268   0x0000002c   Dbug   RW  4122     .debug_pubnames     drv_l1_front.o
    0x0002e294   0x0000002c   Dbug   RW  4125     .debug_pubnames     drv_l1_front.o
    0x0002e2c0   0x00000030   Dbug   RW  4128     .debug_pubnames     drv_l1_front.o
    0x0002e2f0   0x00000030   Dbug   RW  4131     .debug_pubnames     drv_l1_front.o
    0x0002e320   0x0000002c   Dbug   RW  4134     .debug_pubnames     drv_l1_front.o
    0x0002e34c   0x00000030   Dbug   RW  4137     .debug_pubnames     drv_l1_front.o
    0x0002e37c   0x00000030   Dbug   RW  4140     .debug_pubnames     drv_l1_front.o
    0x0002e3ac   0x00000294   Dbug   RW  4146     .debug_pubnames     drv_l1_front.o
    0x0002e640   0x000001ac   Dbug   RW  4151     .debug_pubnames     drv_l1_front.o
    0x0002e7ec   0x00000028   Dbug   RW  4157     .debug_pubnames     drv_l2_cdsp.o
    0x0002e814   0x0000002c   Dbug   RW  4160     .debug_pubnames     drv_l2_cdsp.o
    0x0002e840   0x0000002c   Dbug   RW  4163     .debug_pubnames     drv_l2_cdsp.o
    0x0002e86c   0x00000028   Dbug   RW  4166     .debug_pubnames     drv_l2_cdsp.o
    0x0002e894   0x00000028   Dbug   RW  4169     .debug_pubnames     drv_l2_cdsp.o
    0x0002e8bc   0x00000028   Dbug   RW  4172     .debug_pubnames     drv_l2_cdsp.o
    0x0002e8e4   0x0000002c   Dbug   RW  4175     .debug_pubnames     drv_l2_cdsp.o
    0x0002e910   0x0000002c   Dbug   RW  4178     .debug_pubnames     drv_l2_cdsp.o
    0x0002e93c   0x0000002c   Dbug   RW  4181     .debug_pubnames     drv_l2_cdsp.o
    0x0002e968   0x00000028   Dbug   RW  4184     .debug_pubnames     drv_l2_cdsp.o
    0x0002e990   0x0000002c   Dbug   RW  4187     .debug_pubnames     drv_l2_cdsp.o
    0x0002e9bc   0x00000038   Dbug   RW  4190     .debug_pubnames     drv_l2_cdsp.o
    0x0002e9f4   0x00000024   Dbug   RW  4193     .debug_pubnames     drv_l2_cdsp.o
    0x0002ea18   0x0000002c   Dbug   RW  4196     .debug_pubnames     drv_l2_cdsp.o
    0x0002ea44   0x0000002c   Dbug   RW  4199     .debug_pubnames     drv_l2_cdsp.o
    0x0002ea70   0x0000002c   Dbug   RW  4202     .debug_pubnames     drv_l2_cdsp.o
    0x0002ea9c   0x00000024   Dbug   RW  4205     .debug_pubnames     drv_l2_cdsp.o
    0x0002eac0   0x00000028   Dbug   RW  4208     .debug_pubnames     drv_l2_cdsp.o
    0x0002eae8   0x0000002c   Dbug   RW  4211     .debug_pubnames     drv_l2_cdsp.o
    0x0002eb14   0x00000028   Dbug   RW  4214     .debug_pubnames     drv_l2_cdsp.o
    0x0002eb3c   0x00000030   Dbug   RW  4217     .debug_pubnames     drv_l2_cdsp.o
    0x0002eb6c   0x00000024   Dbug   RW  4220     .debug_pubnames     drv_l2_cdsp.o
    0x0002eb90   0x00000030   Dbug   RW  4223     .debug_pubnames     drv_l2_cdsp.o
    0x0002ebc0   0x000001b8   Dbug   RW  4226     .debug_pubnames     drv_l2_cdsp.o
    0x0002ed78   0x00000478   Dbug   RW  4230     .debug_pubnames     drv_l2_cdsp.o
    0x0002f1f0   0x00000070   Dbug   RW  4249     .debug_pubnames     sensor_isp_table.o
    0x0002f260   0x00000020   Dbug   RW  4262     .debug_pubnames     drv_l1_gsensor.o
    0x0002f280   0x00000020   Dbug   RW  4265     .debug_pubnames     drv_l1_gsensor.o
    0x0002f2a0   0x00000020   Dbug   RW  4268     .debug_pubnames     drv_l1_gsensor.o
    0x0002f2c0   0x00000024   Dbug   RW  4271     .debug_pubnames     drv_l1_gsensor.o
    0x0002f2e4   0x00000028   Dbug   RW  4274     .debug_pubnames     drv_l1_gsensor.o
    0x0002f30c   0x00000024   Dbug   RW  4277     .debug_pubnames     drv_l1_gsensor.o
    0x0002f330   0x00000028   Dbug   RW  4280     .debug_pubnames     drv_l1_gsensor.o
    0x0002f358   0x00000024   Dbug   RW  4283     .debug_pubnames     drv_l1_gsensor.o
    0x0002f37c   0x00000024   Dbug   RW  4286     .debug_pubnames     drv_l1_gsensor.o
    0x0002f3a0   0x00000038   Dbug   RW  4289     .debug_pubnames     drv_l1_gsensor.o
    0x0002f3d8   0x00000038   Dbug   RW  4292     .debug_pubnames     drv_l1_gsensor.o
    0x0002f410   0x00000030   Dbug   RW  4295     .debug_pubnames     drv_l1_gsensor.o
    0x0002f440   0x00000030   Dbug   RW  4298     .debug_pubnames     drv_l1_gsensor.o
    0x0002f470   0x00000030   Dbug   RW  4301     .debug_pubnames     drv_l1_gsensor.o
    0x0002f4a0   0x0000003c   Dbug   RW  4304     .debug_pubnames     drv_l1_gsensor.o
    0x0002f4dc   0x00000024   Dbug   RW  4307     .debug_pubnames     drv_l1_gsensor.o
    0x0002f500   0x00000030   Dbug   RW  4310     .debug_pubnames     drv_l1_gsensor.o
    0x0002f530   0x0000002c   Dbug   RW  4313     .debug_pubnames     drv_l1_gsensor.o
    0x0002f55c   0x0000002c   Dbug   RW  4316     .debug_pubnames     drv_l1_gsensor.o
    0x0002f588   0x00000038   Dbug   RW  4319     .debug_pubnames     drv_l1_gsensor.o
    0x0002f5c0   0x00000274   Dbug   RW  4323     .debug_pubnames     drv_l1_gsensor.o
    0x0002f834   0x00000020   Dbug   RW  4340     .debug_pubnames     spi_flash_disk.o
    0x0002f854   0x00000034   Dbug   RW  4343     .debug_pubnames     spi_flash_disk.o
    0x0002f888   0x0000007c   Dbug   RW  4350     .debug_pubnames     spi_flash_disk.o
    0x0002f904   0x0000001c   Dbug   RW  4354     .debug_pubnames     spi_flash_disk.o
    0x0002f920   0x0000001c   Dbug   RW  4358     .debug_pubnames     spi_flash_disk.o
    0x0002f93c   0x0000002c   Dbug   RW  4362     .debug_pubnames     spi_flash_disk.o
    0x0002f968   0x00000068   Dbug   RW  4370     .debug_pubnames     spi_flash_disk.o
    0x0002f9d0   0x0000009c   Dbug   RW  4374     .debug_pubnames     spi_flash_disk.o
    0x0002fa6c   0x00000020   Dbug   RW  4378     .debug_pubnames     spi_flash_disk.o
    0x0002fa8c   0x00000030   Dbug   RW  4409     .debug_pubnames     drv_struct.o
    0x0002fabc   0x00000030   Dbug   RW  4415     .debug_pubnames     fs_drv_manager.o
    0x0002faec   0x00000034   Dbug   RW  4418     .debug_pubnames     fs_drv_manager.o
    0x0002fb20   0x00000034   Dbug   RW  4421     .debug_pubnames     fs_drv_manager.o
    0x0002fb54   0x00000030   Dbug   RW  4424     .debug_pubnames     fs_drv_manager.o
    0x0002fb84   0x00000030   Dbug   RW  4427     .debug_pubnames     fs_drv_manager.o
    0x0002fbb4   0x00000034   Dbug   RW  4430     .debug_pubnames     fs_drv_manager.o
    0x0002fbe8   0x00000048   Dbug   RW  4433     .debug_pubnames     fs_drv_manager.o
    0x0002fc30   0x000000cc   Dbug   RW  4437     .debug_pubnames     fs_drv_manager.o
    0x0002fcfc   0x00000034   Dbug   RW  4445     .debug_pubnames     sd.o
    0x0002fd30   0x00000024   Dbug   RW  4448     .debug_pubnames     sd.o
    0x0002fd54   0x00000024   Dbug   RW  4451     .debug_pubnames     sd.o
    0x0002fd78   0x00000024   Dbug   RW  4454     .debug_pubnames     sd.o
    0x0002fd9c   0x00000024   Dbug   RW  4457     .debug_pubnames     sd.o
    0x0002fdc0   0x00000028   Dbug   RW  4460     .debug_pubnames     sd.o
    0x0002fde8   0x00000020   Dbug   RW  4463     .debug_pubnames     sd.o
    0x0002fe08   0x00000024   Dbug   RW  4466     .debug_pubnames     sd.o
    0x0002fe2c   0x00000028   Dbug   RW  4469     .debug_pubnames     sd.o
    0x0002fe54   0x00000024   Dbug   RW  4472     .debug_pubnames     sd.o
    0x0002fe78   0x000000d8   Dbug   RW  4475     .debug_pubnames     sd.o
    0x0002ff50   0x00000120   Dbug   RW  4479     .debug_pubnames     sd.o
    0x00030070   0x00000024   Dbug   RW  4505     .debug_pubnames     fs_os.o
    0x00030094   0x00000024   Dbug   RW  4508     .debug_pubnames     fs_os.o
    0x000300b8   0x00000024   Dbug   RW  4511     .debug_pubnames     fs_os.o
    0x000300dc   0x00000024   Dbug   RW  4514     .debug_pubnames     fs_os.o
    0x00030100   0x0000002c   Dbug   RW  4517     .debug_pubnames     fs_os.o
    0x0003012c   0x0000002c   Dbug   RW  4520     .debug_pubnames     fs_os.o
    0x00030158   0x00000024   Dbug   RW  4523     .debug_pubnames     fs_os.o
    0x0003017c   0x00000024   Dbug   RW  4526     .debug_pubnames     fs_os.o
    0x000301a0   0x000000a8   Dbug   RW  4532     .debug_pubnames     fs_os.o
    0x00030248   0x00000344   Dbug   RW  4536     .debug_pubnames     fs_os.o
    0x0003058c   0x00000110   Dbug   RW  4557     .debug_pubnames     fsglobalvar.o
    0x0003069c   0x00000344   Dbug   RW  4560     .debug_pubnames     fsglobalvar.o
    0x000309e0   0x00000020   Dbug   RW  4564     .debug_pubnames     swap_byte.o
    0x00030a00   0x00000020   Dbug   RW  4567     .debug_pubnames     swap_byte.o
    0x00030a20   0x00000020   Dbug   RW  4570     .debug_pubnames     swap_byte.o
    0x00030a40   0x00000020   Dbug   RW  4573     .debug_pubnames     swap_byte.o
    0x00030a60   0x00000028   Dbug   RW  4576     .debug_pubnames     swap_byte.o
    0x00030a88   0x00000058   Dbug   RW  4582     .debug_pubnames     swap_byte.o
    0x00030ae0   0x00000034   Dbug   RW  4595     .debug_pubnames     sensor_gc1004.o
    0x00030b14   0x0000002c   Dbug   RW  4598     .debug_pubnames     sensor_gc1004.o
    0x00030b40   0x00000034   Dbug   RW  4601     .debug_pubnames     sensor_gc1004.o
    0x00030b74   0x00000030   Dbug   RW  4604     .debug_pubnames     sensor_gc1004.o
    0x00030ba4   0x00000030   Dbug   RW  4607     .debug_pubnames     sensor_gc1004.o
    0x00030bd4   0x00000030   Dbug   RW  4610     .debug_pubnames     sensor_gc1004.o
    0x00030c04   0x0000002c   Dbug   RW  4613     .debug_pubnames     sensor_gc1004.o
    0x00030c30   0x00000030   Dbug   RW  4616     .debug_pubnames     sensor_gc1004.o
    0x00030c60   0x00000030   Dbug   RW  4619     .debug_pubnames     sensor_gc1004.o
    0x00030c90   0x00000028   Dbug   RW  4622     .debug_pubnames     sensor_gc1004.o
    0x00030cb8   0x00000030   Dbug   RW  4625     .debug_pubnames     sensor_gc1004.o
    0x00030ce8   0x00000030   Dbug   RW  4628     .debug_pubnames     sensor_gc1004.o
    0x00030d18   0x00000024   Dbug   RW  4631     .debug_pubnames     sensor_gc1004.o
    0x00030d3c   0x0000002c   Dbug   RW  4634     .debug_pubnames     sensor_gc1004.o
    0x00030d68   0x0000009c   Dbug   RW  4637     .debug_pubnames     sensor_gc1004.o
    0x00030e04   0x00000174   Dbug   RW  4641     .debug_pubnames     sensor_gc1004.o
    0x00030f78   0x000001c8   Dbug   RW  4646     .debug_pubnames     sensor_gc1004.o
    0x00031140   0x00000024   Dbug   RW  4652     .debug_pubnames     drv_l1_ext_mode.o
    0x00031164   0x00000030   Dbug   RW  4655     .debug_pubnames     drv_l1_ext_mode.o
    0x00031194   0x00000028   Dbug   RW  4658     .debug_pubnames     drv_l1_ext_mode.o
    0x000311bc   0x00000028   Dbug   RW  4661     .debug_pubnames     drv_l1_ext_mode.o
    0x000311e4   0x00000028   Dbug   RW  4664     .debug_pubnames     drv_l1_ext_mode.o
    0x0003120c   0x0000007c   Dbug   RW  4668     .debug_pubnames     drv_l1_ext_mode.o
    0x00031288   0x00001314   Dbug   RW  4672     .debug_pubnames     drv_l1_ext_mode.o
    0x0003259c   0x00000030   Dbug   RW  4678     .debug_pubnames     drv_l2_sd.o
    0x000325cc   0x00000030   Dbug   RW  4681     .debug_pubnames     drv_l2_sd.o
    0x000325fc   0x00000030   Dbug   RW  4684     .debug_pubnames     drv_l2_sd.o
    0x0003262c   0x00000030   Dbug   RW  4687     .debug_pubnames     drv_l2_sd.o
    0x0003265c   0x00000030   Dbug   RW  4690     .debug_pubnames     drv_l2_sd.o
    0x0003268c   0x00000034   Dbug   RW  4693     .debug_pubnames     drv_l2_sd.o
    0x000326c0   0x00000034   Dbug   RW  4696     .debug_pubnames     drv_l2_sd.o
    0x000326f4   0x00000034   Dbug   RW  4699     .debug_pubnames     drv_l2_sd.o
    0x00032728   0x00000038   Dbug   RW  4702     .debug_pubnames     drv_l2_sd.o
    0x00032760   0x0000002c   Dbug   RW  4705     .debug_pubnames     drv_l2_sd.o
    0x0003278c   0x0000002c   Dbug   RW  4708     .debug_pubnames     drv_l2_sd.o
    0x000327b8   0x0000002c   Dbug   RW  4711     .debug_pubnames     drv_l2_sd.o
    0x000327e4   0x0000002c   Dbug   RW  4714     .debug_pubnames     drv_l2_sd.o
    0x00032810   0x0000002c   Dbug   RW  4717     .debug_pubnames     drv_l2_sd.o
    0x0003283c   0x0000002c   Dbug   RW  4720     .debug_pubnames     drv_l2_sd.o
    0x00032868   0x0000002c   Dbug   RW  4723     .debug_pubnames     drv_l2_sd.o
    0x00032894   0x00000030   Dbug   RW  4726     .debug_pubnames     drv_l2_sd.o
    0x000328c4   0x00000128   Dbug   RW  4729     .debug_pubnames     drv_l2_sd.o
    0x000329ec   0x0000027c   Dbug   RW  4733     .debug_pubnames     drv_l2_sd.o
    0x00032c68   0x00000028   Dbug   RW  4758     .debug_pubnames     video_codec_dynamic_jpeg_Q.o
    0x00032c90   0x00000038   Dbug   RW  4765     .debug_pubnames     ap_jh_message.o
    0x00032cc8   0x00000034   Dbug   RW  4768     .debug_pubnames     ap_jh_message.o
    0x00032cfc   0x00000030   Dbug   RW  4771     .debug_pubnames     ap_jh_message.o
    0x00032d2c   0x00000040   Dbug   RW  4774     .debug_pubnames     ap_jh_message.o
    0x00032d6c   0x00000028   Dbug   RW  4778     .debug_pubnames     ap_jh_message.o


================================================================================

Image component sizes


      Code    RO Data    RW Data    ZI Data      Debug   

    109704       8737       1730      35429    1168988   Object Totals
    153256       6223        809      27797      39396   Library Totals

================================================================================


      Code    RO Data    RW Data    ZI Data      Debug   

    262960      14960       2539      63226    1208384   Grand Totals

================================================================================

    Total RO  Size(Code + RO Data)               277920 ( 271.41kB)
    Total RW  Size(RW Data + ZI Data)             65765 (  64.22kB)
    Total ROM Size(Code + RO Data + RW Data)     280459 ( 273.89kB)

================================================================================

